cargo :     Finished dev [unoptimized + debuginfo] target(s) in 0.18s
At line:1 char:1
+ cargo run 2> errors.txt
+ ~~~~~~~~~~~~~~~~~~~~~~~
    + CategoryInfo          : NotSpecified: (    Finished de...get(s) in 0.18s:String) [], RemoteException
    + FullyQualifiedErrorId : NativeCommandError
 
     Running `target\debug\wgpu_compute_harness.exe`
[2023-07-22T22:01:29Z ERROR wgpu_compute_harness] errors on
[2023-07-22T22:01:29Z WARN  wgpu_compute_harness] warn on
[2023-07-22T22:01:29Z INFO  wgpu_compute_harness] info on
[2023-07-22T22:01:29Z DEBUG wgpu_compute_harness] debug on
[2023-07-22T22:01:29Z INFO  wgpu_hal::vulkan::instance] Instance version: 0x4030f1
[2023-07-22T22:01:29Z INFO  wgpu_hal::vulkan::instance] Enabling debug utils
[2023-07-22T22:01:29Z INFO  wgpu_hal::vulkan::instance] Enabling device properties2
[2023-07-22T22:01:29Z DEBUG wgpu_hal::gles::egl] Client extensions: [
        "EGL_EXT_client_extensions",
        "EGL_EXT_device_query",
        "EGL_EXT_platform_base",
        "EGL_EXT_platform_device",
        "EGL_ANGLE_platform_angle",
        "EGL_ANGLE_platform_angle_d3d",
        "EGL_ANGLE_platform_angle_opengl",
        "EGL_ANGLE_platform_angle_null",
        "EGL_ANGLE_platform_angle_vulkan",
        "EGL_ANGLE_platform_angle_device_id",
        "EGL_ANGLE_device_creation",
        "EGL_ANGLE_device_creation_d3d11",
        "EGL_ANGLE_experimental_present_path",
        "EGL_KHR_client_get_all_proc_addresses",
        "EGL_KHR_debug",
        "EGL_ANGLE_feature_control",
    ]
[2023-07-22T22:01:29Z INFO  wgpu_hal::gles::egl] Loading X11 library to get the current display
[2023-07-22T22:01:29Z INFO  wgpu_hal::gles::egl] EGL_MESA_platform_surfaceless not available. Using default platform
[2023-07-22T22:01:29Z INFO  wgpu_hal::gles::egl] Enabling EGL debug output
[2023-07-22T22:01:29Z INFO  wgpu_hal::gles::egl] Display vendor "Google Inc. (NVIDIA)", version (1, 5)
[2023-07-22T22:01:29Z DEBUG wgpu_hal::gles::egl] Display extensions: [
        "EGL_EXT_create_context_robustness",
        "EGL_ANGLE_d3d_share_handle_client_buffer",
        "EGL_ANGLE_d3d_texture_client_buffer",
        "EGL_ANGLE_surface_d3d_texture_2d_share_handle",
        "EGL_ANGLE_query_surface_pointer",
        "EGL_ANGLE_window_fixed_size",
        "EGL_ANGLE_keyed_mutex",
        "EGL_ANGLE_surface_orientation",
        "EGL_ANGLE_direct_composition",
        "EGL_ANGLE_windows_ui_composition",
        "EGL_NV_post_sub_buffer",
        "EGL_KHR_create_context",
        "EGL_KHR_image",
        "EGL_KHR_image_base",
        "EGL_KHR_gl_texture_2D_image",
        "EGL_KHR_gl_texture_cubemap_image",
        "EGL_KHR_gl_renderbuffer_image",
        "EGL_KHR_get_all_proc_addresses",
        "EGL_KHR_stream",
        "EGL_KHR_stream_consumer_gltexture",
        "EGL_NV_stream_consumer_gltexture_yuv",
        "EGL_ANGLE_stream_producer_d3d_texture",
        "EGL_ANGLE_create_context_webgl_compatibility",
        "EGL_CHROMIUM_create_context_bind_generates_resource",
        "EGL_CHROMIUM_sync_control",
        "EGL_EXT_pixel_format_float",
        "EGL_KHR_surfaceless_context",
        "EGL_ANGLE_display_texture_share_group",
        "EGL_ANGLE_display_semaphore_share_group",
        "EGL_ANGLE_create_context_client_arrays",
        "EGL_ANGLE_program_cache_control",
        "EGL_ANGLE_robust_resource_initialization",
        "EGL_ANGLE_create_context_extensions_enabled",
        "EGL_ANDROID_blob_cache",
        "EGL_ANDROID_recordable",
        "EGL_ANGLE_image_d3d11_texture",
        "EGL_ANGLE_create_context_backwards_compatible",
        "EGL_KHR_no_config_context",
        "EGL_KHR_create_context_no_error",
        "EGL_KHR_reusable_sync",
    ]
[2023-07-22T22:01:29Z INFO  wgpu_hal::gles::egl] 	EGL surface: +srgb
[2023-07-22T22:01:29Z INFO  wgpu_hal::gles::egl] 	Trying native-render
[2023-07-22T22:01:29Z WARN  wgpu_hal::gles::egl] No config found!
[2023-07-22T22:01:29Z INFO  wgpu_hal::gles::egl] 	Trying presentation
[2023-07-22T22:01:29Z WARN  wgpu_hal::gles::egl] EGL says it can present to the window but not natively
[2023-07-22T22:01:29Z INFO  wgpu_hal::gles::egl] 	EGL context: +debug
[2023-07-22T22:01:29Z INFO  wgpu_hal::gles::egl] 	EGL context: +robust access EXT
[2023-07-22T22:01:29Z INFO  wgpu_hal::gles::egl] 	EGL context: +surfaceless
[2023-07-22T22:01:29Z INFO  wgpu_hal::gles::egl] Max label length: 1024
[2023-07-22T22:01:29Z INFO  wgpu_hal::gles::egl] Enabling GLES debug output
[2023-07-22T22:01:29Z INFO  wgpu_hal::gles::adapter] Vendor: Google Inc. (NVIDIA)
[2023-07-22T22:01:29Z INFO  wgpu_hal::gles::adapter] Renderer: ANGLE (NVIDIA, NVIDIA GeForce RTX 3090 Direct3D11 vs_5_0 ps_5_0, 
D3D11-31.0.15.3667)
[2023-07-22T22:01:29Z INFO  wgpu_hal::gles::adapter] Version: OpenGL ES 3.0.0 (ANGLE 2.1.18912 git hash: 872d7947bb76)
[2023-07-22T22:01:29Z DEBUG wgpu_hal::gles::adapter] Extensions: {
        "GL_EXT_color_buffer_half_float",
        "GL_OES_element_index_uint",
        "GL_EXT_disjoint_timer_query",
        "GL_KHR_debug",
        "GL_EXT_float_blend",
        "GL_ANGLE_framebuffer_multisample",
        "GL_EXT_texture_compression_rgtc",
        "GL_NV_EGL_stream_consumer_external",
        "GL_NV_framebuffer_blit",
        "GL_ANGLE_memory_size",
        "GL_OES_compressed_ETC2_RGBA8_texture",
        "GL_EXT_texture_compression_s3tc_srgb",
        "GL_OES_compressed_ETC2_sRGB8_texture",
        "GL_EXT_texture_compression_dxt1",
        "GL_OES_draw_elements_base_vertex",
        "GL_ANGLE_base_vertex_base_instance",
        "GL_EXT_texture_rg",
        "GL_EXT_texture_format_BGRA8888",
        "GL_NV_pixel_buffer_object",
        "GL_OES_compressed_ETC2_RGB8_texture",
        "GL_OES_compressed_ETC2_punchthroughA_sRGB8_alpha_texture",
        "GL_OES_fbo_render_mipmap",
        "GL_OES_surfaceless_context",
        "GL_EXT_multisampled_render_to_texture",
        "GL_CHROMIUM_copy_texture",
        "GL_EXT_draw_buffers",
        "GL_EXT_texture_compression_bptc",
        "GL_OES_EGL_image_external",
        "GL_OES_compressed_EAC_RG11_signed_texture",
        "GL_OES_depth32",
        "GL_ANGLE_copy_texture_3d",
        "GL_EXT_robustness",
        "GL_KHR_robust_buffer_access_behavior",
        "GL_EXT_blend_func_extended",
        "GL_OES_rgb8_rgba8",
        "GL_OES_standard_derivatives",
        "GL_OES_compressed_EAC_RG11_unsigned_texture",
        "GL_OES_texture_float_linear",
        "GL_OES_texture_npot",
        "GL_OES_depth24",
        "GL_WEBGL_video_texture",
        "GL_EXT_texture_type_2_10_10_10_REV",
        "GL_EXT_draw_elements_base_vertex",
        "GL_ANGLE_multi_draw",
        "GL_EXT_map_buffer_range",
        "GL_ANGLE_get_tex_level_parameter",
        "GL_ANGLE_request_extension",
        "GL_EXT_texture_filter_anisotropic",
        "GL_OES_compressed_ETC2_punchthroughA_RGBA8_texture",
        "GL_OES_texture_half_float",
        "GL_OES_vertex_array_object",
        "GL_EXT_discard_framebuffer",
        "GL_CHROMIUM_lose_context",
        "GL_ANGLE_texture_compression_dxt5",
        "GL_OES_EGL_image_external_essl3",
        "GL_OES_texture_border_clamp",
        "GL_CHROMIUM_copy_compressed_texture",
        "GL_ANGLE_instanced_arrays",
        "GL_OVR_multiview2",
        "GL_EXT_color_buffer_float",
        "GL_CHROMIUM_bind_uniform_location",
        "GL_ANGLE_program_cache_control",
        "GL_ANGLE_client_arrays",
        "GL_KHR_parallel_shader_compile",
        "GL_ANGLE_pack_reverse_row_order",
        "GL_EXT_debug_marker",
        "GL_NV_pack_subimage",
        "GL_OES_texture_float",
        "GL_OES_texture_half_float_linear",
        "GL_ANGLE_texture_multisample",
        "GL_EXT_EGL_image_external_wrap_modes",
        "GL_EXT_unpack_subimage",
        "GL_OES_texture_stencil8",
        "GL_ANGLE_robust_client_memory",
        "GL_CHROMIUM_sync_query",
        "GL_ANGLE_texture_compression_dxt3",
        "GL_EXT_blend_minmax",
        "GL_EXT_texture_norm16",
        "GL_EXT_texture_storage",
        "GL_ANGLE_framebuffer_blit",
        "GL_OES_compressed_EAC_R11_signed_texture",
        "GL_OES_get_program_binary",
        "GL_EXT_sRGB",
        "GL_ANGLE_depth_texture",
        "GL_OVR_multiview",
        "GL_ANGLE_base_vertex_base_instance_shader_builtin",
        "GL_ANGLE_provoking_vertex",
        "GL_ANGLE_texture_usage",
        "GL_EXT_multi_draw_indirect",
        "GL_OES_compressed_ETC2_sRGB8_alpha8_texture",
        "GL_OES_draw_buffers_indexed",
        "GL_EXT_shader_texture_lod",
        "GL_EXT_debug_label",
        "GL_OES_mapbuffer",
        "GL_CHROMIUM_bind_generates_resource",
        "GL_EXT_frag_depth",
        "GL_OES_EGL_image",
        "GL_EXT_read_format_bgra",
        "GL_OES_packed_depth_stencil",
        "GL_AMD_performance_monitor",
        "GL_ANGLE_translated_shader_source",
        "GL_EXT_draw_buffers_indexed",
        "GL_NV_fence",
        "GL_OES_compressed_EAC_R11_unsigned_texture",
        "GL_EXT_clip_control",
        "GL_ANGLE_get_serialized_context_string",
        "GL_ANGLE_multiview_multisample",
        "GL_ANGLE_lossy_etc_decode",
        "GL_EXT_instanced_arrays",
        "GL_EXT_occlusion_query_boolean",
    }
[2023-07-22T22:01:29Z INFO  wgpu_hal::gles::adapter] SL version: OpenGL ES GLSL ES 3.00 (ANGLE 2.1.18912 git hash: 872d7947bb76)
[2023-07-22T22:01:29Z INFO  wgpu_core::instance] Adapter Vulkan AdapterInfo { name: "NVIDIA GeForce RTX 3090", vendor: 4318, 
device: 8708, device_type: DiscreteGpu, driver: "NVIDIA", driver_info: "536.67", backend: Vulkan }
[2023-07-22T22:01:29Z DEBUG wgpu_hal::vulkan::adapter] Supported extensions: ["VK_KHR_swapchain", 
"VK_KHR_swapchain_mutable_format", "VK_EXT_robustness2"]
[2023-07-22T22:01:29Z INFO  wgpu_hal::vulkan::instance] GENERAL [Loader Message (0x0)]
    	Inserted device layer "VK_LAYER_KHRONOS_validation" (C:\VulkanSDK\1.3.250.1\Bin\.\VkLayer_khronos_validation.dll)
[2023-07-22T22:01:29Z INFO  wgpu_hal::vulkan::instance] 	objects: (type: INSTANCE, hndl: 0x1ba60ee2670, name: ?)
[2023-07-22T22:01:29Z INFO  wgpu_hal::vulkan::instance] GENERAL [Loader Message (0x0)]
    	Inserted device layer "VK_LAYER_OBS_HOOK" (C:\ProgramData\obs-studio-hook\.\graphics-hook64.dll)
[2023-07-22T22:01:29Z INFO  wgpu_hal::vulkan::instance] 	objects: (type: INSTANCE, hndl: 0x1ba60ee2670, name: ?)
[2023-07-22T22:01:29Z INFO  wgpu_hal::vulkan::instance] GENERAL [Loader Message (0x0)]
    	Inserted device layer "VK_LAYER_NV_optimus" 
(C:\WINDOWS\System32\DriverStore\FileRepository\nvmdig.inf_amd64_6444f5939bb26330\.\nvoglv64.dll)
[2023-07-22T22:01:29Z INFO  wgpu_hal::vulkan::instance] 	objects: (type: INSTANCE, hndl: 0x1ba60ee2670, name: ?)
[2023-07-22T22:01:29Z INFO  wgpu_hal::vulkan::instance] GENERAL [Loader Message (0x0)]
    	       Using "NVIDIA GeForce RTX 3090" with driver: 
"C:\WINDOWS\System32\DriverStore\FileRepository\nvmdig.inf_amd64_6444f5939bb26330\.\nvoglv64.dll"
[2023-07-22T22:01:29Z INFO  wgpu_hal::vulkan::instance] 	objects: (type: INSTANCE, hndl: 0x1ba60ee2670, name: ?)
[2023-07-22T22:01:29Z WARN  wgpu_hal::auxil::renderdoc] Could not start RenderDoc frame capture: Unable to load renderdoc library 
'renderdoc.dll': GetModuleHandleExW { source: Os { code: 126, kind: Uncategorized, message: "The specified module could not be 
found." } }
[2023-07-22T22:01:29Z INFO  wgpu_core::device] Created buffer Valid((0, 1, Vulkan)) with BufferDescriptor { label: Some("morton 
uniform buffer"), size: 51248, usage: BufferUsages(STORAGE), mapped_at_creation: true }
[2023-07-22T22:01:29Z DEBUG wgpu_core::device] Buffer (0, 1, Vulkan) map state -> Idle
[2023-07-22T22:01:29Z INFO  wgpu_core::device] Created buffer Valid((1, 1, Vulkan)) with BufferDescriptor { label: Some("original 
histogram buffer"), size: 2048, usage: BufferUsages(STORAGE), mapped_at_creation: false }
[2023-07-22T22:01:29Z INFO  wgpu_core::device] Created buffer Valid((2, 1, Vulkan)) with BufferDescriptor { label: Some("vertices 
buffer"), size: 48000, usage: BufferUsages(STORAGE), mapped_at_creation: true }
[2023-07-22T22:01:29Z DEBUG wgpu_core::device] Buffer (2, 1, Vulkan) map state -> Idle
[2023-07-22T22:01:29Z INFO  wgpu_core::device] Created buffer Valid((3, 1, Vulkan)) with BufferDescriptor { label: Some("indices 
buffer"), size: 64000, usage: BufferUsages(STORAGE), mapped_at_creation: true }
[2023-07-22T22:01:29Z DEBUG wgpu_core::device] Buffer (3, 1, Vulkan) map state -> Idle
[2023-07-22T22:01:29Z INFO  wgpu_core::device] Created buffer Valid((4, 1, Vulkan)) with BufferDescriptor { label: Some("second 
indices buffer"), size: 64000, usage: BufferUsages(STORAGE), mapped_at_creation: false }
[2023-07-22T22:01:29Z INFO  wgpu_core::device] Created buffer Valid((5, 1, Vulkan)) with BufferDescriptor { label: Some("morton 
code buffer"), size: 16000, usage: BufferUsages(COPY_SRC | COPY_DST | STORAGE), mapped_at_creation: false }
[2023-07-22T22:01:29Z INFO  wgpu_core::device] Created buffer Valid((6, 1, Vulkan)) with BufferDescriptor { label: Some("morton 
code buffer 2"), size: 16000, usage: BufferUsages(COPY_SRC | COPY_DST | STORAGE), mapped_at_creation: false }
[2023-07-22T22:01:29Z INFO  wgpu_core::device] Created buffer Valid((7, 1, Vulkan)) with BufferDescriptor { label: Some("radix 
uniforms buffer"), size: 4, usage: BufferUsages(COPY_SRC | COPY_DST | UNIFORM), mapped_at_creation: true }
[2023-07-22T22:01:29Z DEBUG wgpu_core::device] Buffer (7, 1, Vulkan) map state -> Idle
[2023-07-22T22:01:29Z INFO  wgpu_core::device] Created buffer Valid((8, 1, Vulkan)) with BufferDescriptor { label: 
Some("radix_sort_readback_b"), size: 16000, usage: BufferUsages(MAP_READ | COPY_DST), mapped_at_creation: false }
[2023-07-22T22:01:29Z DEBUG naga::front] Resolving [1] = FunctionArgument(0) : Handle([14])
[2023-07-22T22:01:29Z DEBUG naga::front] Resolving [2] = FunctionArgument(1) : Handle([14])
[2023-07-22T22:01:29Z DEBUG naga::front] Resolving [3] = FunctionArgument(2) : Handle([14])
[2023-07-22T22:01:29Z DEBUG naga::front] Resolving [4] = Constant([6]) : Value(Scalar { kind: Sint, width: 4 })
[2023-07-22T22:01:29Z DEBUG naga::front] Resolving [5] = Binary { op: Multiply, left: [1], right: [4] } : Value(Scalar { kind: 
Sint, width: 4 })
[2023-07-22T22:01:29Z DEBUG naga::front] Resolving [6] = Constant([7]) : Value(Scalar { kind: Sint, width: 4 })
[2023-07-22T22:01:29Z DEBUG naga::front] Resolving [7] = Binary { op: Multiply, left: [2], right: [6] } : Value(Scalar { kind: 
Sint, width: 4 })
[2023-07-22T22:01:29Z DEBUG naga::front] Resolving [8] = Binary { op: Add, left: [5], right: [7] } : Value(Scalar { kind: Sint, 
width: 4 })
[2023-07-22T22:01:29Z DEBUG naga::front] Resolving [1] = FunctionArgument(0) : Handle([5])
[2023-07-22T22:01:29Z DEBUG naga::front] Resolving [2] = FunctionArgument(1) : Handle([5])
[2023-07-22T22:01:29Z DEBUG naga::front] Resolving [3] = AccessIndex { base: [1], index: 0 } : Value(Scalar { kind: Uint, width: 
4 })
[2023-07-22T22:01:29Z DEBUG naga::front] Resolving [4] = GlobalVariable([3]) : Value(Pointer { base: [12], space: Storage { 
access: LOAD } })
[2023-07-22T22:01:29Z DEBUG naga::front] Resolving [5] = ArrayLength([4]) : Value(Scalar { kind: Uint, width: 4 })
[2023-07-22T22:01:29Z DEBUG naga::front] Resolving [6] = Binary { op: Greater, left: [3], right: [5] } : Value(Scalar { kind: 
Bool, width: 1 })
[2023-07-22T22:01:29Z DEBUG naga::front] Resolving [7] = GlobalVariable([2]) : Value(Pointer { base: [11], space: Storage { 
access: LOAD } })
[2023-07-22T22:01:29Z DEBUG naga::front] Resolving [8] = GlobalVariable([3]) : Value(Pointer { base: [12], space: Storage { 
access: LOAD } })
[2023-07-22T22:01:29Z DEBUG naga::front] Resolving [9] = AccessIndex { base: [1], index: 0 } : Value(Scalar { kind: Uint, width: 
4 })
[2023-07-22T22:01:29Z DEBUG naga::front] Resolving [10] = Access { base: [8], index: [9] } : Value(Pointer { base: [6], space: 
Storage { access: LOAD } })
[2023-07-22T22:01:29Z DEBUG naga::front] Resolving [11] = AccessIndex { base: [10], index: 0 } : Value(Pointer { base: [5], 
space: Storage { access: LOAD } })
[2023-07-22T22:01:29Z DEBUG naga::front] Resolving [12] = AccessIndex { base: [11], index: 0 } : Value(ValuePointer { size: None, 
kind: Uint, width: 4, space: Storage { access: LOAD } })
[2023-07-22T22:01:29Z DEBUG naga::front] Resolving [13] = Load { pointer: [12] } : Value(Scalar { kind: Uint, width: 4 })
[2023-07-22T22:01:29Z DEBUG naga::front] Resolving [14] = Access { base: [7], index: [13] } : Value(Pointer { base: [4], space: 
Storage { access: LOAD } })
[2023-07-22T22:01:29Z DEBUG naga::front] Resolving [15] = AccessIndex { base: [14], index: 0 } : Value(Pointer { base: [2], 
space: Storage { access: LOAD } })
[2023-07-22T22:01:29Z DEBUG naga::front] Resolving [16] = Load { pointer: [15] } : Handle([2])
[2023-07-22T22:01:29Z DEBUG naga::front] Resolving [17] = GlobalVariable([2]) : Value(Pointer { base: [11], space: Storage { 
access: LOAD } })
[2023-07-22T22:01:29Z DEBUG naga::front] Resolving [18] = GlobalVariable([3]) : Value(Pointer { base: [12], space: Storage { 
access: LOAD } })
[2023-07-22T22:01:29Z DEBUG naga::front] Resolving [19] = AccessIndex { base: [1], index: 0 } : Value(Scalar { kind: Uint, width: 
4 })
[2023-07-22T22:01:29Z DEBUG naga::front] Resolving [20] = Access { base: [18], index: [19] } : Value(Pointer { base: [6], space: 
Storage { access: LOAD } })
[2023-07-22T22:01:29Z DEBUG naga::front] Resolving [21] = AccessIndex { base: [20], index: 0 } : Value(Pointer { base: [5], 
space: Storage { access: LOAD } })
[2023-07-22T22:01:29Z DEBUG naga::front] Resolving [22] = AccessIndex { base: [21], index: 1 } : Value(ValuePointer { size: None, 
kind: Uint, width: 4, space: Storage { access: LOAD } })
[2023-07-22T22:01:29Z DEBUG naga::front] Resolving [23] = Load { pointer: [22] } : Value(Scalar { kind: Uint, width: 4 })
[2023-07-22T22:01:29Z DEBUG naga::front] Resolving [24] = Access { base: [17], index: [23] } : Value(Pointer { base: [4], space: 
Storage { access: LOAD } })
[2023-07-22T22:01:29Z DEBUG naga::front] Resolving [25] = AccessIndex { base: [24], index: 0 } : Value(Pointer { base: [2], 
space: Storage { access: LOAD } })
[2023-07-22T22:01:29Z DEBUG naga::front] Resolving [26] = Load { pointer: [25] } : Handle([2])
[2023-07-22T22:01:29Z DEBUG naga::front] Resolving [27] = GlobalVariable([2]) : Value(Pointer { base: [11], space: Storage { 
access: LOAD } })
[2023-07-22T22:01:29Z DEBUG naga::front] Resolving [28] = GlobalVariable([3]) : Value(Pointer { base: [12], space: Storage { 
access: LOAD } })
[2023-07-22T22:01:29Z DEBUG naga::front] Resolving [29] = AccessIndex { base: [1], index: 0 } : Value(Scalar { kind: Uint, width: 
4 })
[2023-07-22T22:01:29Z DEBUG naga::front] Resolving [30] = Access { base: [28], index: [29] } : Value(Pointer { base: [6], space: 
Storage { access: LOAD } })
[2023-07-22T22:01:29Z DEBUG naga::front] Resolving [31] = AccessIndex { base: [30], index: 0 } : Value(Pointer { base: [5], 
space: Storage { access: LOAD } })
[2023-07-22T22:01:29Z DEBUG naga::front] Resolving [32] = AccessIndex { base: [31], index: 2 } : Value(ValuePointer { size: None, 
kind: Uint, width: 4, space: Storage { access: LOAD } })
[2023-07-22T22:01:29Z DEBUG naga::front] Resolving [33] = Load { pointer: [32] } : Value(Scalar { kind: Uint, width: 4 })
[2023-07-22T22:01:29Z DEBUG naga::front] Resolving [34] = Access { base: [27], index: [33] } : Value(Pointer { base: [4], space: 
Storage { access: LOAD } })
[2023-07-22T22:01:29Z DEBUG naga::front] Resolving [35] = AccessIndex { base: [34], index: 0 } : Value(Pointer { base: [2], 
space: Storage { access: LOAD } })
[2023-07-22T22:01:29Z DEBUG naga::front] Resolving [36] = Load { pointer: [35] } : Handle([2])
[2023-07-22T22:01:29Z DEBUG naga::front] Resolving [37] = Math { fun: Min, arg: [16], arg1: Some([26]), arg2: None, arg3: None } 
: Handle([2])
[2023-07-22T22:01:29Z DEBUG naga::front] Resolving [38] = Math { fun: Min, arg: [37], arg1: Some([36]), arg2: None, arg3: None } 
: Handle([2])
[2023-07-22T22:01:29Z DEBUG naga::front] Resolving [39] = Math { fun: Max, arg: [16], arg1: Some([26]), arg2: None, arg3: None } 
: Handle([2])
[2023-07-22T22:01:29Z DEBUG naga::front] Resolving [40] = Math { fun: Max, arg: [39], arg1: Some([36]), arg2: None, arg3: None } 
: Handle([2])
[2023-07-22T22:01:29Z DEBUG naga::front] Resolving [41] = Binary { op: Add, left: [38], right: [40] } : Handle([2])
[2023-07-22T22:01:29Z DEBUG naga::front] Resolving [42] = Constant([8]) : Value(Scalar { kind: Float, width: 4 })
[2023-07-22T22:01:29Z DEBUG naga::front] Resolving [43] = Binary { op: Multiply, left: [41], right: [42] } : Handle([2])
[2023-07-22T22:01:29Z DEBUG naga::front] Resolving [44] = GlobalVariable([1]) : Value(Pointer { base: [10], space: Storage { 
access: LOAD } })
[2023-07-22T22:01:29Z DEBUG naga::front] Resolving [45] = AccessIndex { base: [44], index: 3 } : Value(Pointer { base: [2], 
space: Storage { access: LOAD } })
[2023-07-22T22:01:29Z DEBUG naga::front] Resolving [46] = Load { pointer: [45] } : Handle([2])
[2023-07-22T22:01:29Z DEBUG naga::front] Resolving [47] = Binary { op: Subtract, left: [43], right: [46] } : Handle([2])
[2023-07-22T22:01:29Z DEBUG naga::front] Resolving [48] = GlobalVariable([1]) : Value(Pointer { base: [10], space: Storage { 
access: LOAD } })
[2023-07-22T22:01:29Z DEBUG naga::front] Resolving [49] = AccessIndex { base: [48], index: 5 } : Value(Pointer { base: [2], 
space: Storage { access: LOAD } })
[2023-07-22T22:01:29Z DEBUG naga::front] Resolving [50] = Load { pointer: [49] } : Handle([2])
[2023-07-22T22:01:29Z DEBUG naga::front] Resolving [51] = Binary { op: Multiply, left: [47], right: [50] } : Handle([2])
[2023-07-22T22:01:29Z DEBUG naga::front] Resolving [52] = Constant([9]) : Value(Scalar { kind: Float, width: 4 })
[2023-07-22T22:01:29Z DEBUG naga::front] Resolving [53] = Splat { size: Tri, value: [52] } : Value(Vector { size: Tri, kind: 
Float, width: 4 })
[2023-07-22T22:01:29Z DEBUG naga::front] Resolving [54] = Binary { op: Subtract, left: [51], right: [53] } : Handle([2])
[2023-07-22T22:01:29Z DEBUG naga::front] Resolving [55] = As { expr: [54], kind: Uint, convert: Some(4) } : Value(Vector { size: 
Tri, kind: Uint, width: 4 })
[2023-07-22T22:01:29Z DEBUG naga::front] Resolving [56] = Binary { op: Subtract, left: [40], right: [38] } : Handle([2])
[2023-07-22T22:01:29Z DEBUG naga::front] Resolving [57] = Math { fun: Length, arg: [56], arg1: None, arg2: None, arg3: None } : 
Value(Scalar { kind: Float, width: 4 })
[2023-07-22T22:01:29Z DEBUG naga::front] Resolving [58] = GlobalVariable([1]) : Value(Pointer { base: [10], space: Storage { 
access: LOAD } })
[2023-07-22T22:01:29Z DEBUG naga::front] Resolving [59] = AccessIndex { base: [58], index: 4 } : Value(Pointer { base: [9], 
space: Storage { access: LOAD } })
[2023-07-22T22:01:29Z DEBUG naga::front] Resolving [60] = Load { pointer: [59] } : Handle([9])
[2023-07-22T22:01:29Z DEBUG naga::front] Resolving [61] = Binary { op: Multiply, left: [57], right: [60] } : Handle([9])
[2023-07-22T22:01:29Z DEBUG naga::front] Resolving [62] = As { expr: [61], kind: Uint, convert: Some(4) } : Value(Scalar { kind: 
Uint, width: 4 })
[2023-07-22T22:01:29Z DEBUG naga::front] Resolving [63] = Constant([10]) : Value(Scalar { kind: Uint, width: 4 })
[2023-07-22T22:01:29Z DEBUG naga::front] Resolving [64] = GlobalVariable([1]) : Value(Pointer { base: [10], space: Storage { 
access: LOAD } })
[2023-07-22T22:01:29Z DEBUG naga::front] Resolving [65] = AccessIndex { base: [64], index: 0 } : Value(Pointer { base: [7], 
space: Storage { access: LOAD } })
[2023-07-22T22:01:29Z DEBUG naga::front] Resolving [66] = Constant([11]) : Value(Scalar { kind: Sint, width: 4 })
[2023-07-22T22:01:29Z DEBUG naga::front] Resolving [67] = AccessIndex { base: [55], index: 0 } : Value(Scalar { kind: Uint, 
width: 4 })
[2023-07-22T22:01:29Z DEBUG naga::front] Resolving [68] = Binary { op: And, left: [67], right: [63] } : Value(Scalar { kind: 
Uint, width: 4 })
[2023-07-22T22:01:29Z DEBUG naga::front] Resolving [69] = As { expr: [68], kind: Sint, convert: Some(4) } : Value(Scalar { kind: 
Sint, width: 4 })
[2023-07-22T22:01:29Z DEBUG naga::front] Resolving [70] = Constant([11]) : Value(Scalar { kind: Sint, width: 4 })
[2023-07-22T22:01:29Z DEBUG naga::front] Resolving [71] = CallResult([1]) : Handle([14])
[2023-07-22T22:01:29Z DEBUG naga::front] Resolving [72] = Access { base: [65], index: [71] } : Value(Pointer { base: [1], space: 
Storage { access: LOAD } })
[2023-07-22T22:01:29Z DEBUG naga::front] Resolving [73] = Load { pointer: [72] } : Handle([1])
[2023-07-22T22:01:29Z DEBUG naga::front] Resolving [74] = GlobalVariable([1]) : Value(Pointer { base: [10], space: Storage { 
access: LOAD } })
[2023-07-22T22:01:29Z DEBUG naga::front] Resolving [75] = AccessIndex { base: [74], index: 0 } : Value(Pointer { base: [7], 
space: Storage { access: LOAD } })
[2023-07-22T22:01:29Z DEBUG naga::front] Resolving [76] = Constant([12]) : Value(Scalar { kind: Sint, width: 4 })
[2023-07-22T22:01:29Z DEBUG naga::front] Resolving [77] = AccessIndex { base: [55], index: 1 } : Value(Scalar { kind: Uint, 
width: 4 })
[2023-07-22T22:01:29Z DEBUG naga::front] Resolving [78] = Binary { op: And, left: [77], right: [63] } : Value(Scalar { kind: 
Uint, width: 4 })
[2023-07-22T22:01:29Z DEBUG naga::front] Resolving [79] = As { expr: [78], kind: Sint, convert: Some(4) } : Value(Scalar { kind: 
Sint, width: 4 })
[2023-07-22T22:01:29Z DEBUG naga::front] Resolving [80] = Constant([11]) : Value(Scalar { kind: Sint, width: 4 })
[2023-07-22T22:01:29Z DEBUG naga::front] Resolving [81] = CallResult([1]) : Handle([14])
[2023-07-22T22:01:29Z DEBUG naga::front] Resolving [82] = Access { base: [75], index: [81] } : Value(Pointer { base: [1], space: 
Storage { access: LOAD } })
[2023-07-22T22:01:29Z DEBUG naga::front] Resolving [83] = Load { pointer: [82] } : Handle([1])
[2023-07-22T22:01:29Z DEBUG naga::front] Resolving [84] = Binary { op: InclusiveOr, left: [73], right: [83] } : Handle([1])
[2023-07-22T22:01:29Z DEBUG naga::front] Resolving [85] = GlobalVariable([1]) : Value(Pointer { base: [10], space: Storage { 
access: LOAD } })
[2023-07-22T22:01:29Z DEBUG naga::front] Resolving [86] = AccessIndex { base: [85], index: 0 } : Value(Pointer { base: [7], 
space: Storage { access: LOAD } })
[2023-07-22T22:01:29Z DEBUG naga::front] Resolving [87] = Constant([7]) : Value(Scalar { kind: Sint, width: 4 })
[2023-07-22T22:01:29Z DEBUG naga::front] Resolving [88] = AccessIndex { base: [55], index: 2 } : Value(Scalar { kind: Uint, 
width: 4 })
[2023-07-22T22:01:29Z DEBUG naga::front] Resolving [89] = Binary { op: And, left: [88], right: [63] } : Value(Scalar { kind: 
Uint, width: 4 })
[2023-07-22T22:01:29Z DEBUG naga::front] Resolving [90] = As { expr: [89], kind: Sint, convert: Some(4) } : Value(Scalar { kind: 
Sint, width: 4 })
[2023-07-22T22:01:29Z DEBUG naga::front] Resolving [91] = Constant([11]) : Value(Scalar { kind: Sint, width: 4 })
[2023-07-22T22:01:29Z DEBUG naga::front] Resolving [92] = CallResult([1]) : Handle([14])
[2023-07-22T22:01:29Z DEBUG naga::front] Resolving [93] = Access { base: [86], index: [92] } : Value(Pointer { base: [1], space: 
Storage { access: LOAD } })
[2023-07-22T22:01:29Z DEBUG naga::front] Resolving [94] = Load { pointer: [93] } : Handle([1])
[2023-07-22T22:01:29Z DEBUG naga::front] Resolving [95] = Binary { op: InclusiveOr, left: [84], right: [94] } : Handle([1])
[2023-07-22T22:01:29Z DEBUG naga::front] Resolving [96] = GlobalVariable([1]) : Value(Pointer { base: [10], space: Storage { 
access: LOAD } })
[2023-07-22T22:01:29Z DEBUG naga::front] Resolving [97] = AccessIndex { base: [96], index: 0 } : Value(Pointer { base: [7], 
space: Storage { access: LOAD } })
[2023-07-22T22:01:29Z DEBUG naga::front] Resolving [98] = Constant([13]) : Value(Scalar { kind: Sint, width: 4 })
[2023-07-22T22:01:29Z DEBUG naga::front] Resolving [99] = AccessIndex { base: [55], index: 0 } : Value(Scalar { kind: Uint, 
width: 4 })
[2023-07-22T22:01:29Z DEBUG naga::front] Resolving [100] = Constant([14]) : Value(Scalar { kind: Uint, width: 4 })
[2023-07-22T22:01:29Z DEBUG naga::front] Resolving [101] = Binary { op: ShiftRight, left: [99], right: [100] } : Value(Scalar { 
kind: Uint, width: 4 })
[2023-07-22T22:01:29Z DEBUG naga::front] Resolving [102] = Binary { op: And, left: [101], right: [63] } : Value(Scalar { kind: 
Uint, width: 4 })
[2023-07-22T22:01:29Z DEBUG naga::front] Resolving [103] = As { expr: [102], kind: Sint, convert: Some(4) } : Value(Scalar { 
kind: Sint, width: 4 })
[2023-07-22T22:01:29Z DEBUG naga::front] Resolving [104] = Constant([11]) : Value(Scalar { kind: Sint, width: 4 })
[2023-07-22T22:01:29Z DEBUG naga::front] Resolving [105] = CallResult([1]) : Handle([14])
[2023-07-22T22:01:29Z DEBUG naga::front] Resolving [106] = Access { base: [97], index: [105] } : Value(Pointer { base: [1], 
space: Storage { access: LOAD } })
[2023-07-22T22:01:29Z DEBUG naga::front] Resolving [107] = Load { pointer: [106] } : Handle([1])
[2023-07-22T22:01:29Z DEBUG naga::front] Resolving [108] = Binary { op: InclusiveOr, left: [95], right: [107] } : Handle([1])
[2023-07-22T22:01:29Z DEBUG naga::front] Resolving [109] = GlobalVariable([1]) : Value(Pointer { base: [10], space: Storage { 
access: LOAD } })
[2023-07-22T22:01:29Z DEBUG naga::front] Resolving [110] = AccessIndex { base: [109], index: 0 } : Value(Pointer { base: [7], 
space: Storage { access: LOAD } })
[2023-07-22T22:01:29Z DEBUG naga::front] Resolving [111] = Constant([15]) : Value(Scalar { kind: Sint, width: 4 })
[2023-07-22T22:01:29Z DEBUG naga::front] Resolving [112] = AccessIndex { base: [55], index: 1 } : Value(Scalar { kind: Uint, 
width: 4 })
[2023-07-22T22:01:29Z DEBUG naga::front] Resolving [113] = Constant([14]) : Value(Scalar { kind: Uint, width: 4 })
[2023-07-22T22:01:29Z DEBUG naga::front] Resolving [114] = Binary { op: ShiftRight, left: [112], right: [113] } : Value(Scalar { 
kind: Uint, width: 4 })
[2023-07-22T22:01:29Z DEBUG naga::front] Resolving [115] = Binary { op: And, left: [114], right: [63] } : Value(Scalar { kind: 
Uint, width: 4 })
[2023-07-22T22:01:29Z DEBUG naga::front] Resolving [116] = As { expr: [115], kind: Sint, convert: Some(4) } : Value(Scalar { 
kind: Sint, width: 4 })
[2023-07-22T22:01:29Z DEBUG naga::front] Resolving [117] = Constant([11]) : Value(Scalar { kind: Sint, width: 4 })
[2023-07-22T22:01:29Z DEBUG naga::front] Resolving [118] = CallResult([1]) : Handle([14])
[2023-07-22T22:01:29Z DEBUG naga::front] Resolving [119] = Access { base: [110], index: [118] } : Value(Pointer { base: [1], 
space: Storage { access: LOAD } })
[2023-07-22T22:01:29Z DEBUG naga::front] Resolving [120] = Load { pointer: [119] } : Handle([1])
[2023-07-22T22:01:29Z DEBUG naga::front] Resolving [121] = Binary { op: InclusiveOr, left: [108], right: [120] } : Handle([1])
[2023-07-22T22:01:29Z DEBUG naga::front] Resolving [122] = GlobalVariable([1]) : Value(Pointer { base: [10], space: Storage { 
access: LOAD } })
[2023-07-22T22:01:29Z DEBUG naga::front] Resolving [123] = AccessIndex { base: [122], index: 0 } : Value(Pointer { base: [7], 
space: Storage { access: LOAD } })
[2023-07-22T22:01:29Z DEBUG naga::front] Resolving [124] = Constant([16]) : Value(Scalar { kind: Sint, width: 4 })
[2023-07-22T22:01:29Z DEBUG naga::front] Resolving [125] = AccessIndex { base: [55], index: 2 } : Value(Scalar { kind: Uint, 
width: 4 })
[2023-07-22T22:01:29Z DEBUG naga::front] Resolving [126] = Constant([14]) : Value(Scalar { kind: Uint, width: 4 })
[2023-07-22T22:01:29Z DEBUG naga::front] Resolving [127] = Binary { op: ShiftRight, left: [125], right: [126] } : Value(Scalar { 
kind: Uint, width: 4 })
[2023-07-22T22:01:29Z DEBUG naga::front] Resolving [128] = Binary { op: And, left: [127], right: [63] } : Value(Scalar { kind: 
Uint, width: 4 })
[2023-07-22T22:01:29Z DEBUG naga::front] Resolving [129] = As { expr: [128], kind: Sint, convert: Some(4) } : Value(Scalar { 
kind: Sint, width: 4 })
[2023-07-22T22:01:29Z DEBUG naga::front] Resolving [130] = Constant([11]) : Value(Scalar { kind: Sint, width: 4 })
[2023-07-22T22:01:29Z DEBUG naga::front] Resolving [131] = CallResult([1]) : Handle([14])
[2023-07-22T22:01:29Z DEBUG naga::front] Resolving [132] = Access { base: [123], index: [131] } : Value(Pointer { base: [1], 
space: Storage { access: LOAD } })
[2023-07-22T22:01:29Z DEBUG naga::front] Resolving [133] = Load { pointer: [132] } : Handle([1])
[2023-07-22T22:01:29Z DEBUG naga::front] Resolving [134] = Binary { op: InclusiveOr, left: [121], right: [133] } : Handle([1])
[2023-07-22T22:01:29Z DEBUG naga::front] Resolving [135] = GlobalVariable([1]) : Value(Pointer { base: [10], space: Storage { 
access: LOAD } })
[2023-07-22T22:01:29Z DEBUG naga::front] Resolving [136] = AccessIndex { base: [135], index: 0 } : Value(Pointer { base: [7], 
space: Storage { access: LOAD } })
[2023-07-22T22:01:29Z DEBUG naga::front] Resolving [137] = Constant([17]) : Value(Scalar { kind: Sint, width: 4 })
[2023-07-22T22:01:29Z DEBUG naga::front] Resolving [138] = AccessIndex { base: [55], index: 0 } : Value(Scalar { kind: Uint, 
width: 4 })
[2023-07-22T22:01:29Z DEBUG naga::front] Resolving [139] = Constant([18]) : Value(Scalar { kind: Uint, width: 4 })
[2023-07-22T22:01:29Z DEBUG naga::front] Resolving [140] = Binary { op: ShiftRight, left: [138], right: [139] } : Value(Scalar { 
kind: Uint, width: 4 })
[2023-07-22T22:01:29Z DEBUG naga::front] Resolving [141] = Binary { op: And, left: [140], right: [63] } : Value(Scalar { kind: 
Uint, width: 4 })
[2023-07-22T22:01:29Z DEBUG naga::front] Resolving [142] = As { expr: [141], kind: Sint, convert: Some(4) } : Value(Scalar { 
kind: Sint, width: 4 })
[2023-07-22T22:01:29Z DEBUG naga::front] Resolving [143] = Constant([11]) : Value(Scalar { kind: Sint, width: 4 })
[2023-07-22T22:01:29Z DEBUG naga::front] Resolving [144] = CallResult([1]) : Handle([14])
[2023-07-22T22:01:29Z DEBUG naga::front] Resolving [145] = Access { base: [136], index: [144] } : Value(Pointer { base: [1], 
space: Storage { access: LOAD } })
[2023-07-22T22:01:29Z DEBUG naga::front] Resolving [146] = Load { pointer: [145] } : Handle([1])
[2023-07-22T22:01:29Z DEBUG naga::front] Resolving [147] = Binary { op: InclusiveOr, left: [134], right: [146] } : Handle([1])
[2023-07-22T22:01:29Z DEBUG naga::front] Resolving [148] = GlobalVariable([1]) : Value(Pointer { base: [10], space: Storage { 
access: LOAD } })
[2023-07-22T22:01:29Z DEBUG naga::front] Resolving [149] = AccessIndex { base: [148], index: 0 } : Value(Pointer { base: [7], 
space: Storage { access: LOAD } })
[2023-07-22T22:01:29Z DEBUG naga::front] Resolving [150] = Constant([19]) : Value(Scalar { kind: Sint, width: 4 })
[2023-07-22T22:01:29Z DEBUG naga::front] Resolving [151] = AccessIndex { base: [55], index: 1 } : Value(Scalar { kind: Uint, 
width: 4 })
[2023-07-22T22:01:29Z DEBUG naga::front] Resolving [152] = Constant([18]) : Value(Scalar { kind: Uint, width: 4 })
[2023-07-22T22:01:29Z DEBUG naga::front] Resolving [153] = Binary { op: ShiftRight, left: [151], right: [152] } : Value(Scalar { 
kind: Uint, width: 4 })
[2023-07-22T22:01:29Z DEBUG naga::front] Resolving [154] = Binary { op: And, left: [153], right: [63] } : Value(Scalar { kind: 
Uint, width: 4 })
[2023-07-22T22:01:29Z DEBUG naga::front] Resolving [155] = As { expr: [154], kind: Sint, convert: Some(4) } : Value(Scalar { 
kind: Sint, width: 4 })
[2023-07-22T22:01:29Z DEBUG naga::front] Resolving [156] = Constant([11]) : Value(Scalar { kind: Sint, width: 4 })
[2023-07-22T22:01:29Z DEBUG naga::front] Resolving [157] = CallResult([1]) : Handle([14])
[2023-07-22T22:01:29Z DEBUG naga::front] Resolving [158] = Access { base: [149], index: [157] } : Value(Pointer { base: [1], 
space: Storage { access: LOAD } })
[2023-07-22T22:01:29Z DEBUG naga::front] Resolving [159] = Load { pointer: [158] } : Handle([1])
[2023-07-22T22:01:29Z DEBUG naga::front] Resolving [160] = Binary { op: InclusiveOr, left: [147], right: [159] } : Handle([1])
[2023-07-22T22:01:29Z DEBUG naga::front] Resolving [161] = GlobalVariable([1]) : Value(Pointer { base: [10], space: Storage { 
access: LOAD } })
[2023-07-22T22:01:29Z DEBUG naga::front] Resolving [162] = AccessIndex { base: [161], index: 0 } : Value(Pointer { base: [7], 
space: Storage { access: LOAD } })
[2023-07-22T22:01:29Z DEBUG naga::front] Resolving [163] = Constant([20]) : Value(Scalar { kind: Sint, width: 4 })
[2023-07-22T22:01:29Z DEBUG naga::front] Resolving [164] = AccessIndex { base: [55], index: 2 } : Value(Scalar { kind: Uint, 
width: 4 })
[2023-07-22T22:01:29Z DEBUG naga::front] Resolving [165] = Constant([18]) : Value(Scalar { kind: Uint, width: 4 })
[2023-07-22T22:01:29Z DEBUG naga::front] Resolving [166] = Binary { op: ShiftRight, left: [164], right: [165] } : Value(Scalar { 
kind: Uint, width: 4 })
[2023-07-22T22:01:29Z DEBUG naga::front] Resolving [167] = Binary { op: And, left: [166], right: [63] } : Value(Scalar { kind: 
Uint, width: 4 })
[2023-07-22T22:01:29Z DEBUG naga::front] Resolving [168] = As { expr: [167], kind: Sint, convert: Some(4) } : Value(Scalar { 
kind: Sint, width: 4 })
[2023-07-22T22:01:29Z DEBUG naga::front] Resolving [169] = Constant([11]) : Value(Scalar { kind: Sint, width: 4 })
[2023-07-22T22:01:29Z DEBUG naga::front] Resolving [170] = CallResult([1]) : Handle([14])
[2023-07-22T22:01:29Z DEBUG naga::front] Resolving [171] = Access { base: [162], index: [170] } : Value(Pointer { base: [1], 
space: Storage { access: LOAD } })
[2023-07-22T22:01:29Z DEBUG naga::front] Resolving [172] = Load { pointer: [171] } : Handle([1])
[2023-07-22T22:01:29Z DEBUG naga::front] Resolving [173] = Binary { op: InclusiveOr, left: [160], right: [172] } : Handle([1])
[2023-07-22T22:01:29Z DEBUG naga::front] Resolving [174] = GlobalVariable([1]) : Value(Pointer { base: [10], space: Storage { 
access: LOAD } })
[2023-07-22T22:01:29Z DEBUG naga::front] Resolving [175] = AccessIndex { base: [174], index: 1 } : Value(Pointer { base: [8], 
space: Storage { access: LOAD } })
[2023-07-22T22:01:29Z DEBUG naga::front] Resolving [176] = Constant([21]) : Value(Scalar { kind: Uint, width: 4 })
[2023-07-22T22:01:29Z DEBUG naga::front] Resolving [177] = Binary { op: Multiply, left: [62], right: [176] } : Value(Scalar { 
kind: Uint, width: 4 })
[2023-07-22T22:01:29Z DEBUG naga::front] Resolving [178] = As { expr: [177], kind: Sint, convert: Some(4) } : Value(Scalar { 
kind: Sint, width: 4 })
[2023-07-22T22:01:29Z DEBUG naga::front] Resolving [179] = Access { base: [175], index: [178] } : Value(Pointer { base: [1], 
space: Storage { access: LOAD } })
[2023-07-22T22:01:29Z DEBUG naga::front] Resolving [180] = Load { pointer: [179] } : Handle([1])
[2023-07-22T22:01:29Z DEBUG naga::front] Resolving [181] = Binary { op: InclusiveOr, left: [173], right: [180] } : Handle([1])
[2023-07-22T22:01:29Z DEBUG naga::front] Resolving [182] = GlobalVariable([1]) : Value(Pointer { base: [10], space: Storage { 
access: LOAD } })
[2023-07-22T22:01:29Z DEBUG naga::front] Resolving [183] = AccessIndex { base: [182], index: 0 } : Value(Pointer { base: [7], 
space: Storage { access: LOAD } })
[2023-07-22T22:01:29Z DEBUG naga::front] Resolving [184] = Constant([11]) : Value(Scalar { kind: Sint, width: 4 })
[2023-07-22T22:01:29Z DEBUG naga::front] Resolving [185] = AccessIndex { base: [55], index: 0 } : Value(Scalar { kind: Uint, 
width: 4 })
[2023-07-22T22:01:29Z DEBUG naga::front] Resolving [186] = Binary { op: And, left: [185], right: [63] } : Value(Scalar { kind: 
Uint, width: 4 })
[2023-07-22T22:01:29Z DEBUG naga::front] Resolving [187] = As { expr: [186], kind: Sint, convert: Some(4) } : Value(Scalar { 
kind: Sint, width: 4 })
[2023-07-22T22:01:29Z DEBUG naga::front] Resolving [188] = Constant([12]) : Value(Scalar { kind: Sint, width: 4 })
[2023-07-22T22:01:29Z DEBUG naga::front] Resolving [189] = CallResult([1]) : Handle([14])
[2023-07-22T22:01:29Z DEBUG naga::front] Resolving [190] = Access { base: [183], index: [189] } : Value(Pointer { base: [1], 
space: Storage { access: LOAD } })
[2023-07-22T22:01:29Z DEBUG naga::front] Resolving [191] = Load { pointer: [190] } : Handle([1])
[2023-07-22T22:01:29Z DEBUG naga::front] Resolving [192] = GlobalVariable([1]) : Value(Pointer { base: [10], space: Storage { 
access: LOAD } })
[2023-07-22T22:01:29Z DEBUG naga::front] Resolving [193] = AccessIndex { base: [192], index: 0 } : Value(Pointer { base: [7], 
space: Storage { access: LOAD } })
[2023-07-22T22:01:29Z DEBUG naga::front] Resolving [194] = Constant([12]) : Value(Scalar { kind: Sint, width: 4 })
[2023-07-22T22:01:29Z DEBUG naga::front] Resolving [195] = AccessIndex { base: [55], index: 1 } : Value(Scalar { kind: Uint, 
width: 4 })
[2023-07-22T22:01:29Z DEBUG naga::front] Resolving [196] = Binary { op: And, left: [195], right: [63] } : Value(Scalar { kind: 
Uint, width: 4 })
[2023-07-22T22:01:29Z DEBUG naga::front] Resolving [197] = As { expr: [196], kind: Sint, convert: Some(4) } : Value(Scalar { 
kind: Sint, width: 4 })
[2023-07-22T22:01:29Z DEBUG naga::front] Resolving [198] = Constant([12]) : Value(Scalar { kind: Sint, width: 4 })
[2023-07-22T22:01:29Z DEBUG naga::front] Resolving [199] = CallResult([1]) : Handle([14])
[2023-07-22T22:01:29Z DEBUG naga::front] Resolving [200] = Access { base: [193], index: [199] } : Value(Pointer { base: [1], 
space: Storage { access: LOAD } })
[2023-07-22T22:01:29Z DEBUG naga::front] Resolving [201] = Load { pointer: [200] } : Handle([1])
[2023-07-22T22:01:29Z DEBUG naga::front] Resolving [202] = Binary { op: InclusiveOr, left: [191], right: [201] } : Handle([1])
[2023-07-22T22:01:29Z DEBUG naga::front] Resolving [203] = GlobalVariable([1]) : Value(Pointer { base: [10], space: Storage { 
access: LOAD } })
[2023-07-22T22:01:29Z DEBUG naga::front] Resolving [204] = AccessIndex { base: [203], index: 0 } : Value(Pointer { base: [7], 
space: Storage { access: LOAD } })
[2023-07-22T22:01:29Z DEBUG naga::front] Resolving [205] = Constant([7]) : Value(Scalar { kind: Sint, width: 4 })
[2023-07-22T22:01:29Z DEBUG naga::front] Resolving [206] = AccessIndex { base: [55], index: 2 } : Value(Scalar { kind: Uint, 
width: 4 })
[2023-07-22T22:01:29Z DEBUG naga::front] Resolving [207] = Binary { op: And, left: [206], right: [63] } : Value(Scalar { kind: 
Uint, width: 4 })
[2023-07-22T22:01:29Z DEBUG naga::front] Resolving [208] = As { expr: [207], kind: Sint, convert: Some(4) } : Value(Scalar { 
kind: Sint, width: 4 })
[2023-07-22T22:01:29Z DEBUG naga::front] Resolving [209] = Constant([12]) : Value(Scalar { kind: Sint, width: 4 })
[2023-07-22T22:01:29Z DEBUG naga::front] Resolving [210] = CallResult([1]) : Handle([14])
[2023-07-22T22:01:29Z DEBUG naga::front] Resolving [211] = Access { base: [204], index: [210] } : Value(Pointer { base: [1], 
space: Storage { access: LOAD } })
[2023-07-22T22:01:29Z DEBUG naga::front] Resolving [212] = Load { pointer: [211] } : Handle([1])
[2023-07-22T22:01:29Z DEBUG naga::front] Resolving [213] = Binary { op: InclusiveOr, left: [202], right: [212] } : Handle([1])
[2023-07-22T22:01:29Z DEBUG naga::front] Resolving [214] = GlobalVariable([1]) : Value(Pointer { base: [10], space: Storage { 
access: LOAD } })
[2023-07-22T22:01:29Z DEBUG naga::front] Resolving [215] = AccessIndex { base: [214], index: 0 } : Value(Pointer { base: [7], 
space: Storage { access: LOAD } })
[2023-07-22T22:01:29Z DEBUG naga::front] Resolving [216] = Constant([13]) : Value(Scalar { kind: Sint, width: 4 })
[2023-07-22T22:01:29Z DEBUG naga::front] Resolving [217] = AccessIndex { base: [55], index: 0 } : Value(Scalar { kind: Uint, 
width: 4 })
[2023-07-22T22:01:29Z DEBUG naga::front] Resolving [218] = Constant([14]) : Value(Scalar { kind: Uint, width: 4 })
[2023-07-22T22:01:29Z DEBUG naga::front] Resolving [219] = Binary { op: ShiftRight, left: [217], right: [218] } : Value(Scalar { 
kind: Uint, width: 4 })
[2023-07-22T22:01:29Z DEBUG naga::front] Resolving [220] = Binary { op: And, left: [219], right: [63] } : Value(Scalar { kind: 
Uint, width: 4 })
[2023-07-22T22:01:29Z DEBUG naga::front] Resolving [221] = As { expr: [220], kind: Sint, convert: Some(4) } : Value(Scalar { 
kind: Sint, width: 4 })
[2023-07-22T22:01:29Z DEBUG naga::front] Resolving [222] = Constant([12]) : Value(Scalar { kind: Sint, width: 4 })
[2023-07-22T22:01:29Z DEBUG naga::front] Resolving [223] = CallResult([1]) : Handle([14])
[2023-07-22T22:01:29Z DEBUG naga::front] Resolving [224] = Access { base: [215], index: [223] } : Value(Pointer { base: [1], 
space: Storage { access: LOAD } })
[2023-07-22T22:01:29Z DEBUG naga::front] Resolving [225] = Load { pointer: [224] } : Handle([1])
[2023-07-22T22:01:29Z DEBUG naga::front] Resolving [226] = Binary { op: InclusiveOr, left: [213], right: [225] } : Handle([1])
[2023-07-22T22:01:29Z DEBUG naga::front] Resolving [227] = GlobalVariable([1]) : Value(Pointer { base: [10], space: Storage { 
access: LOAD } })
[2023-07-22T22:01:29Z DEBUG naga::front] Resolving [228] = AccessIndex { base: [227], index: 0 } : Value(Pointer { base: [7], 
space: Storage { access: LOAD } })
[2023-07-22T22:01:29Z DEBUG naga::front] Resolving [229] = Constant([15]) : Value(Scalar { kind: Sint, width: 4 })
[2023-07-22T22:01:29Z DEBUG naga::front] Resolving [230] = AccessIndex { base: [55], index: 1 } : Value(Scalar { kind: Uint, 
width: 4 })
[2023-07-22T22:01:29Z DEBUG naga::front] Resolving [231] = Constant([14]) : Value(Scalar { kind: Uint, width: 4 })
[2023-07-22T22:01:29Z DEBUG naga::front] Resolving [232] = Binary { op: ShiftRight, left: [230], right: [231] } : Value(Scalar { 
kind: Uint, width: 4 })
[2023-07-22T22:01:29Z DEBUG naga::front] Resolving [233] = Binary { op: And, left: [232], right: [63] } : Value(Scalar { kind: 
Uint, width: 4 })
[2023-07-22T22:01:29Z DEBUG naga::front] Resolving [234] = As { expr: [233], kind: Sint, convert: Some(4) } : Value(Scalar { 
kind: Sint, width: 4 })
[2023-07-22T22:01:29Z DEBUG naga::front] Resolving [235] = Constant([12]) : Value(Scalar { kind: Sint, width: 4 })
[2023-07-22T22:01:29Z DEBUG naga::front] Resolving [236] = CallResult([1]) : Handle([14])
[2023-07-22T22:01:29Z DEBUG naga::front] Resolving [237] = Access { base: [228], index: [236] } : Value(Pointer { base: [1], 
space: Storage { access: LOAD } })
[2023-07-22T22:01:29Z DEBUG naga::front] Resolving [238] = Load { pointer: [237] } : Handle([1])
[2023-07-22T22:01:29Z DEBUG naga::front] Resolving [239] = Binary { op: InclusiveOr, left: [226], right: [238] } : Handle([1])
[2023-07-22T22:01:29Z DEBUG naga::front] Resolving [240] = GlobalVariable([1]) : Value(Pointer { base: [10], space: Storage { 
access: LOAD } })
[2023-07-22T22:01:29Z DEBUG naga::front] Resolving [241] = AccessIndex { base: [240], index: 0 } : Value(Pointer { base: [7], 
space: Storage { access: LOAD } })
[2023-07-22T22:01:29Z DEBUG naga::front] Resolving [242] = Constant([16]) : Value(Scalar { kind: Sint, width: 4 })
[2023-07-22T22:01:29Z DEBUG naga::front] Resolving [243] = AccessIndex { base: [55], index: 2 } : Value(Scalar { kind: Uint, 
width: 4 })
[2023-07-22T22:01:29Z DEBUG naga::front] Resolving [244] = Constant([14]) : Value(Scalar { kind: Uint, width: 4 })
[2023-07-22T22:01:29Z DEBUG naga::front] Resolving [245] = Binary { op: ShiftRight, left: [243], right: [244] } : Value(Scalar { 
kind: Uint, width: 4 })
[2023-07-22T22:01:29Z DEBUG naga::front] Resolving [246] = Binary { op: And, left: [245], right: [63] } : Value(Scalar { kind: 
Uint, width: 4 })
[2023-07-22T22:01:29Z DEBUG naga::front] Resolving [247] = As { expr: [246], kind: Sint, convert: Some(4) } : Value(Scalar { 
kind: Sint, width: 4 })
[2023-07-22T22:01:29Z DEBUG naga::front] Resolving [248] = Constant([12]) : Value(Scalar { kind: Sint, width: 4 })
[2023-07-22T22:01:29Z DEBUG naga::front] Resolving [249] = CallResult([1]) : Handle([14])
[2023-07-22T22:01:29Z DEBUG naga::front] Resolving [250] = Access { base: [241], index: [249] } : Value(Pointer { base: [1], 
space: Storage { access: LOAD } })
[2023-07-22T22:01:29Z DEBUG naga::front] Resolving [251] = Load { pointer: [250] } : Handle([1])
[2023-07-22T22:01:29Z DEBUG naga::front] Resolving [252] = Binary { op: InclusiveOr, left: [239], right: [251] } : Handle([1])
[2023-07-22T22:01:29Z DEBUG naga::front] Resolving [253] = GlobalVariable([1]) : Value(Pointer { base: [10], space: Storage { 
access: LOAD } })
[2023-07-22T22:01:29Z DEBUG naga::front] Resolving [254] = AccessIndex { base: [253], index: 0 } : Value(Pointer { base: [7], 
space: Storage { access: LOAD } })
[2023-07-22T22:01:29Z DEBUG naga::front] Resolving [255] = Constant([17]) : Value(Scalar { kind: Sint, width: 4 })
[2023-07-22T22:01:29Z DEBUG naga::front] Resolving [256] = AccessIndex { base: [55], index: 0 } : Value(Scalar { kind: Uint, 
width: 4 })
[2023-07-22T22:01:29Z DEBUG naga::front] Resolving [257] = Constant([18]) : Value(Scalar { kind: Uint, width: 4 })
[2023-07-22T22:01:29Z DEBUG naga::front] Resolving [258] = Binary { op: ShiftRight, left: [256], right: [257] } : Value(Scalar { 
kind: Uint, width: 4 })
[2023-07-22T22:01:29Z DEBUG naga::front] Resolving [259] = Binary { op: And, left: [258], right: [63] } : Value(Scalar { kind: 
Uint, width: 4 })
[2023-07-22T22:01:29Z DEBUG naga::front] Resolving [260] = As { expr: [259], kind: Sint, convert: Some(4) } : Value(Scalar { 
kind: Sint, width: 4 })
[2023-07-22T22:01:29Z DEBUG naga::front] Resolving [261] = Constant([12]) : Value(Scalar { kind: Sint, width: 4 })
[2023-07-22T22:01:29Z DEBUG naga::front] Resolving [262] = CallResult([1]) : Handle([14])
[2023-07-22T22:01:29Z DEBUG naga::front] Resolving [263] = Access { base: [254], index: [262] } : Value(Pointer { base: [1], 
space: Storage { access: LOAD } })
[2023-07-22T22:01:29Z DEBUG naga::front] Resolving [264] = Load { pointer: [263] } : Handle([1])
[2023-07-22T22:01:29Z DEBUG naga::front] Resolving [265] = Binary { op: InclusiveOr, left: [252], right: [264] } : Handle([1])
[2023-07-22T22:01:29Z DEBUG naga::front] Resolving [266] = GlobalVariable([1]) : Value(Pointer { base: [10], space: Storage { 
access: LOAD } })
[2023-07-22T22:01:29Z DEBUG naga::front] Resolving [267] = AccessIndex { base: [266], index: 0 } : Value(Pointer { base: [7], 
space: Storage { access: LOAD } })
[2023-07-22T22:01:29Z DEBUG naga::front] Resolving [268] = Constant([19]) : Value(Scalar { kind: Sint, width: 4 })
[2023-07-22T22:01:29Z DEBUG naga::front] Resolving [269] = AccessIndex { base: [55], index: 1 } : Value(Scalar { kind: Uint, 
width: 4 })
[2023-07-22T22:01:29Z DEBUG naga::front] Resolving [270] = Constant([18]) : Value(Scalar { kind: Uint, width: 4 })
[2023-07-22T22:01:29Z DEBUG naga::front] Resolving [271] = Binary { op: ShiftRight, left: [269], right: [270] } : Value(Scalar { 
kind: Uint, width: 4 })
[2023-07-22T22:01:29Z DEBUG naga::front] Resolving [272] = Binary { op: And, left: [271], right: [63] } : Value(Scalar { kind: 
Uint, width: 4 })
[2023-07-22T22:01:29Z DEBUG naga::front] Resolving [273] = As { expr: [272], kind: Sint, convert: Some(4) } : Value(Scalar { 
kind: Sint, width: 4 })
[2023-07-22T22:01:29Z DEBUG naga::front] Resolving [274] = Constant([12]) : Value(Scalar { kind: Sint, width: 4 })
[2023-07-22T22:01:29Z DEBUG naga::front] Resolving [275] = CallResult([1]) : Handle([14])
[2023-07-22T22:01:29Z DEBUG naga::front] Resolving [276] = Access { base: [267], index: [275] } : Value(Pointer { base: [1], 
space: Storage { access: LOAD } })
[2023-07-22T22:01:29Z DEBUG naga::front] Resolving [277] = Load { pointer: [276] } : Handle([1])
[2023-07-22T22:01:29Z DEBUG naga::front] Resolving [278] = Binary { op: InclusiveOr, left: [265], right: [277] } : Handle([1])
[2023-07-22T22:01:29Z DEBUG naga::front] Resolving [279] = GlobalVariable([1]) : Value(Pointer { base: [10], space: Storage { 
access: LOAD } })
[2023-07-22T22:01:29Z DEBUG naga::front] Resolving [280] = AccessIndex { base: [279], index: 0 } : Value(Pointer { base: [7], 
space: Storage { access: LOAD } })
[2023-07-22T22:01:29Z DEBUG naga::front] Resolving [281] = Constant([20]) : Value(Scalar { kind: Sint, width: 4 })
[2023-07-22T22:01:29Z DEBUG naga::front] Resolving [282] = AccessIndex { base: [55], index: 2 } : Value(Scalar { kind: Uint, 
width: 4 })
[2023-07-22T22:01:29Z DEBUG naga::front] Resolving [283] = Constant([18]) : Value(Scalar { kind: Uint, width: 4 })
[2023-07-22T22:01:29Z DEBUG naga::front] Resolving [284] = Binary { op: ShiftRight, left: [282], right: [283] } : Value(Scalar { 
kind: Uint, width: 4 })
[2023-07-22T22:01:29Z DEBUG naga::front] Resolving [285] = Binary { op: And, left: [284], right: [63] } : Value(Scalar { kind: 
Uint, width: 4 })
[2023-07-22T22:01:29Z DEBUG naga::front] Resolving [286] = As { expr: [285], kind: Sint, convert: Some(4) } : Value(Scalar { 
kind: Sint, width: 4 })
[2023-07-22T22:01:29Z DEBUG naga::front] Resolving [287] = Constant([12]) : Value(Scalar { kind: Sint, width: 4 })
[2023-07-22T22:01:29Z DEBUG naga::front] Resolving [288] = CallResult([1]) : Handle([14])
[2023-07-22T22:01:29Z DEBUG naga::front] Resolving [289] = Access { base: [280], index: [288] } : Value(Pointer { base: [1], 
space: Storage { access: LOAD } })
[2023-07-22T22:01:29Z DEBUG naga::front] Resolving [290] = Load { pointer: [289] } : Handle([1])
[2023-07-22T22:01:29Z DEBUG naga::front] Resolving [291] = Binary { op: InclusiveOr, left: [278], right: [290] } : Handle([1])
[2023-07-22T22:01:29Z DEBUG naga::front] Resolving [292] = GlobalVariable([1]) : Value(Pointer { base: [10], space: Storage { 
access: LOAD } })
[2023-07-22T22:01:29Z DEBUG naga::front] Resolving [293] = AccessIndex { base: [292], index: 1 } : Value(Pointer { base: [8], 
space: Storage { access: LOAD } })
[2023-07-22T22:01:29Z DEBUG naga::front] Resolving [294] = Constant([21]) : Value(Scalar { kind: Uint, width: 4 })
[2023-07-22T22:01:29Z DEBUG naga::front] Resolving [295] = Binary { op: Multiply, left: [62], right: [294] } : Value(Scalar { 
kind: Uint, width: 4 })
[2023-07-22T22:01:29Z DEBUG naga::front] Resolving [296] = As { expr: [295], kind: Sint, convert: Some(4) } : Value(Scalar { 
kind: Sint, width: 4 })
[2023-07-22T22:01:29Z DEBUG naga::front] Resolving [297] = Constant([12]) : Value(Scalar { kind: Sint, width: 4 })
[2023-07-22T22:01:29Z DEBUG naga::front] Resolving [298] = Binary { op: Add, left: [296], right: [297] } : Value(Scalar { kind: 
Sint, width: 4 })
[2023-07-22T22:01:29Z DEBUG naga::front] Resolving [299] = Access { base: [293], index: [298] } : Value(Pointer { base: [1], 
space: Storage { access: LOAD } })
[2023-07-22T22:01:29Z DEBUG naga::front] Resolving [300] = Load { pointer: [299] } : Handle([1])
[2023-07-22T22:01:29Z DEBUG naga::front] Resolving [301] = Binary { op: InclusiveOr, left: [291], right: [300] } : Handle([1])
[2023-07-22T22:01:29Z DEBUG naga::front] Resolving [302] = GlobalVariable([4]) : Value(Pointer { base: [13], space: Storage { 
access: LOAD | STORE } })
[2023-07-22T22:01:29Z DEBUG naga::front] Resolving [303] = AccessIndex { base: [1], index: 0 } : Value(Scalar { kind: Uint, 
width: 4 })
[2023-07-22T22:01:29Z DEBUG naga::front] Resolving [304] = Constant([21]) : Value(Scalar { kind: Uint, width: 4 })
[2023-07-22T22:01:29Z DEBUG naga::front] Resolving [305] = Binary { op: Multiply, left: [303], right: [304] } : Value(Scalar { 
kind: Uint, width: 4 })
[2023-07-22T22:01:29Z DEBUG naga::front] Resolving [306] = Constant([22]) : Value(Scalar { kind: Uint, width: 4 })
[2023-07-22T22:01:29Z DEBUG naga::front] Resolving [307] = Binary { op: Add, left: [305], right: [306] } : Value(Scalar { kind: 
Uint, width: 4 })
[2023-07-22T22:01:29Z DEBUG naga::front] Resolving [308] = Access { base: [302], index: [307] } : Value(Pointer { base: [1], 
space: Storage { access: LOAD | STORE } })
[2023-07-22T22:01:29Z DEBUG naga::front] Resolving [309] = GlobalVariable([4]) : Value(Pointer { base: [13], space: Storage { 
access: LOAD | STORE } })
[2023-07-22T22:01:29Z DEBUG naga::front] Resolving [310] = AccessIndex { base: [1], index: 0 } : Value(Scalar { kind: Uint, 
width: 4 })
[2023-07-22T22:01:29Z DEBUG naga::front] Resolving [311] = Constant([21]) : Value(Scalar { kind: Uint, width: 4 })
[2023-07-22T22:01:29Z DEBUG naga::front] Resolving [312] = Binary { op: Multiply, left: [310], right: [311] } : Value(Scalar { 
kind: Uint, width: 4 })
[2023-07-22T22:01:29Z DEBUG naga::front] Resolving [313] = Constant([23]) : Value(Scalar { kind: Uint, width: 4 })
[2023-07-22T22:01:29Z DEBUG naga::valid::interface] var GlobalVariable { name: Some("uniforms"), space: Storage { access: LOAD }, 
binding: Some(ResourceBinding { group: 0, binding: 0 }), ty: [10], init: None }
[2023-07-22T22:01:29Z DEBUG naga::valid::interface] var GlobalVariable { name: Some("vertices"), space: Storage { access: LOAD }, 
binding: Some(ResourceBinding { group: 0, binding: 1 }), ty: [11], init: None }
[2023-07-22T22:01:29Z DEBUG naga::valid::interface] var GlobalVariable { name: Some("indices"), space: Storage { access: LOAD }, 
binding: Some(ResourceBinding { group: 0, binding: 2 }), ty: [12], init: None }
[2023-07-22T22:01:29Z DEBUG naga::valid::interface] var GlobalVariable { name: Some("morton_codes"), space: Storage { access: 
LOAD | STORE }, binding: Some(ResourceBinding { group: 0, binding: 3 }), ty: [13], init: None }
[2023-07-22T22:01:29Z DEBUG naga::front] Resolving [1] = FunctionArgument(0) : Handle([2])
[2023-07-22T22:01:29Z DEBUG naga::front] Resolving [2] = Constant([6]) : Value(Scalar { kind: Uint, width: 4 })
[2023-07-22T22:01:29Z DEBUG naga::front] Resolving [3] = LocalVariable([1]) : Value(Pointer { base: [2], space: Function })
[2023-07-22T22:01:29Z DEBUG naga::front] Resolving [4] = GlobalVariable([1]) : Value(Pointer { base: [4], space: Uniform })
[2023-07-22T22:01:29Z DEBUG naga::front] Resolving [5] = AccessIndex { base: [4], index: 0 } : Value(Pointer { base: [2], space: 
Uniform })
[2023-07-22T22:01:29Z DEBUG naga::front] Resolving [6] = Load { pointer: [5] } : Handle([2])
[2023-07-22T22:01:29Z DEBUG naga::front] Resolving [7] = Constant([7]) : Value(Scalar { kind: Uint, width: 4 })
[2023-07-22T22:01:29Z DEBUG naga::front] Resolving [8] = Binary { op: Less, left: [6], right: [7] } : Value(Scalar { kind: Bool, 
width: 1 })
[2023-07-22T22:01:29Z DEBUG naga::front] Resolving [9] = GlobalVariable([1]) : Value(Pointer { base: [4], space: Uniform })
[2023-07-22T22:01:29Z DEBUG naga::front] Resolving [10] = AccessIndex { base: [9], index: 0 } : Value(Pointer { base: [2], space: 
Uniform })
[2023-07-22T22:01:29Z DEBUG naga::front] Resolving [11] = Load { pointer: [10] } : Handle([2])
[2023-07-22T22:01:29Z DEBUG naga::front] Resolving [12] = Constant([8]) : Value(Scalar { kind: Uint, width: 4 })
[2023-07-22T22:01:29Z DEBUG naga::front] Resolving [13] = Binary { op: Modulo, left: [11], right: [12] } : Handle([2])
[2023-07-22T22:01:29Z DEBUG naga::front] Resolving [14] = Constant([9]) : Value(Scalar { kind: Uint, width: 4 })
[2023-07-22T22:01:29Z DEBUG naga::front] Resolving [15] = Binary { op: Equal, left: [13], right: [14] } : Value(Scalar { kind: 
Bool, width: 1 })
[2023-07-22T22:01:29Z DEBUG naga::front] Resolving [16] = GlobalVariable([3]) : Value(Pointer { base: [6], space: Storage { 
access: LOAD } })
[2023-07-22T22:01:29Z DEBUG naga::front] Resolving [17] = Constant([8]) : Value(Scalar { kind: Uint, width: 4 })
[2023-07-22T22:01:29Z DEBUG naga::front] Resolving [18] = Binary { op: Multiply, left: [17], right: [1] } : Handle([2])
[2023-07-22T22:01:29Z DEBUG naga::front] Resolving [19] = Constant([10]) : Value(Scalar { kind: Uint, width: 4 })
[2023-07-22T22:01:29Z DEBUG naga::front] Resolving [20] = Binary { op: Add, left: [18], right: [19] } : Handle([2])
[2023-07-22T22:01:29Z DEBUG naga::front] Resolving [21] = Access { base: [16], index: [20] } : Value(Pointer { base: [2], space: 
Storage { access: LOAD } })
[2023-07-22T22:01:29Z DEBUG naga::front] Resolving [22] = Load { pointer: [21] } : Handle([2])
[2023-07-22T22:01:29Z DEBUG naga::front] Resolving [23] = GlobalVariable([1]) : Value(Pointer { base: [4], space: Uniform })
[2023-07-22T22:01:29Z DEBUG naga::front] Resolving [24] = AccessIndex { base: [23], index: 0 } : Value(Pointer { base: [2], 
space: Uniform })
[2023-07-22T22:01:29Z DEBUG naga::front] Resolving [25] = Load { pointer: [24] } : Handle([2])
[2023-07-22T22:01:29Z DEBUG naga::front] Resolving [26] = Constant([11]) : Value(Scalar { kind: Uint, width: 4 })
[2023-07-22T22:01:29Z DEBUG naga::front] Resolving [27] = Binary { op: Multiply, left: [25], right: [26] } : Value(Scalar { kind: 
Uint, width: 4 })
[2023-07-22T22:01:29Z DEBUG naga::front] Resolving [28] = Binary { op: ShiftRight, left: [22], right: [27] } : Handle([2])
[2023-07-22T22:01:29Z DEBUG naga::front] Resolving [29] = Constant([12]) : Value(Scalar { kind: Uint, width: 4 })
[2023-07-22T22:01:29Z DEBUG naga::front] Resolving [30] = Binary { op: And, left: [28], right: [29] } : Handle([2])
[2023-07-22T22:01:29Z DEBUG naga::front] Resolving [31] = GlobalVariable([5]) : Value(Pointer { base: [6], space: Storage { 
access: LOAD } })
[2023-07-22T22:01:29Z DEBUG naga::front] Resolving [32] = Constant([8]) : Value(Scalar { kind: Uint, width: 4 })
[2023-07-22T22:01:29Z DEBUG naga::front] Resolving [33] = Binary { op: Multiply, left: [32], right: [1] } : Handle([2])
[2023-07-22T22:01:29Z DEBUG naga::front] Resolving [34] = Constant([10]) : Value(Scalar { kind: Uint, width: 4 })
[2023-07-22T22:01:29Z DEBUG naga::front] Resolving [35] = Binary { op: Add, left: [33], right: [34] } : Handle([2])
[2023-07-22T22:01:29Z DEBUG naga::front] Resolving [36] = Access { base: [31], index: [35] } : Value(Pointer { base: [2], space: 
Storage { access: LOAD } })
[2023-07-22T22:01:29Z DEBUG naga::front] Resolving [37] = Load { pointer: [36] } : Handle([2])
[2023-07-22T22:01:29Z DEBUG naga::front] Resolving [38] = GlobalVariable([1]) : Value(Pointer { base: [4], space: Uniform })
[2023-07-22T22:01:29Z DEBUG naga::front] Resolving [39] = AccessIndex { base: [38], index: 0 } : Value(Pointer { base: [2], 
space: Uniform })
[2023-07-22T22:01:29Z DEBUG naga::front] Resolving [40] = Load { pointer: [39] } : Handle([2])
[2023-07-22T22:01:29Z DEBUG naga::front] Resolving [41] = Constant([11]) : Value(Scalar { kind: Uint, width: 4 })
[2023-07-22T22:01:29Z DEBUG naga::front] Resolving [42] = Binary { op: Multiply, left: [40], right: [41] } : Value(Scalar { kind: 
Uint, width: 4 })
[2023-07-22T22:01:29Z DEBUG naga::front] Resolving [43] = Binary { op: ShiftRight, left: [37], right: [42] } : Handle([2])
[2023-07-22T22:01:29Z DEBUG naga::front] Resolving [44] = Constant([12]) : Value(Scalar { kind: Uint, width: 4 })
[2023-07-22T22:01:29Z DEBUG naga::front] Resolving [45] = Binary { op: And, left: [43], right: [44] } : Handle([2])
[2023-07-22T22:01:29Z DEBUG naga::front] Resolving [46] = GlobalVariable([1]) : Value(Pointer { base: [4], space: Uniform })
[2023-07-22T22:01:29Z DEBUG naga::front] Resolving [47] = AccessIndex { base: [46], index: 0 } : Value(Pointer { base: [2], 
space: Uniform })
[2023-07-22T22:01:29Z DEBUG naga::front] Resolving [48] = Load { pointer: [47] } : Handle([2])
[2023-07-22T22:01:29Z DEBUG naga::front] Resolving [49] = Constant([7]) : Value(Scalar { kind: Uint, width: 4 })
[2023-07-22T22:01:29Z DEBUG naga::front] Resolving [50] = Binary { op: Greater, left: [48], right: [49] } : Value(Scalar { kind: 
Bool, width: 1 })
[2023-07-22T22:01:29Z DEBUG naga::front] Resolving [51] = GlobalVariable([1]) : Value(Pointer { base: [4], space: Uniform })
[2023-07-22T22:01:29Z DEBUG naga::front] Resolving [52] = AccessIndex { base: [51], index: 0 } : Value(Pointer { base: [2], 
space: Uniform })
[2023-07-22T22:01:29Z DEBUG naga::front] Resolving [53] = Load { pointer: [52] } : Handle([2])
[2023-07-22T22:01:29Z DEBUG naga::front] Resolving [54] = Constant([8]) : Value(Scalar { kind: Uint, width: 4 })
[2023-07-22T22:01:29Z DEBUG naga::front] Resolving [55] = Binary { op: Modulo, left: [53], right: [54] } : Handle([2])
[2023-07-22T22:01:29Z DEBUG naga::front] Resolving [56] = Constant([9]) : Value(Scalar { kind: Uint, width: 4 })
[2023-07-22T22:01:29Z DEBUG naga::front] Resolving [57] = Binary { op: Equal, left: [55], right: [56] } : Value(Scalar { kind: 
Bool, width: 1 })
[2023-07-22T22:01:29Z DEBUG naga::front] Resolving [58] = GlobalVariable([3]) : Value(Pointer { base: [6], space: Storage { 
access: LOAD } })
[2023-07-22T22:01:29Z DEBUG naga::front] Resolving [59] = Constant([8]) : Value(Scalar { kind: Uint, width: 4 })
[2023-07-22T22:01:29Z DEBUG naga::front] Resolving [60] = Binary { op: Multiply, left: [59], right: [1] } : Handle([2])
[2023-07-22T22:01:29Z DEBUG naga::front] Resolving [61] = Access { base: [58], index: [60] } : Value(Pointer { base: [2], space: 
Storage { access: LOAD } })
[2023-07-22T22:01:29Z DEBUG naga::front] Resolving [62] = Load { pointer: [61] } : Handle([2])
[2023-07-22T22:01:29Z DEBUG naga::front] Resolving [63] = GlobalVariable([1]) : Value(Pointer { base: [4], space: Uniform })
[2023-07-22T22:01:29Z DEBUG naga::front] Resolving [64] = AccessIndex { base: [63], index: 0 } : Value(Pointer { base: [2], 
space: Uniform })
[2023-07-22T22:01:29Z DEBUG naga::front] Resolving [65] = Load { pointer: [64] } : Handle([2])
[2023-07-22T22:01:29Z DEBUG naga::front] Resolving [66] = Constant([11]) : Value(Scalar { kind: Uint, width: 4 })
[2023-07-22T22:01:29Z DEBUG naga::front] Resolving [67] = Binary { op: Multiply, left: [65], right: [66] } : Value(Scalar { kind: 
Uint, width: 4 })
[2023-07-22T22:01:29Z DEBUG naga::front] Resolving [68] = Constant([8]) : Value(Scalar { kind: Uint, width: 4 })
[2023-07-22T22:01:29Z DEBUG naga::front] Resolving [69] = Binary { op: Add, left: [67], right: [68] } : Value(Scalar { kind: 
Uint, width: 4 })
[2023-07-22T22:01:29Z DEBUG naga::front] Resolving [70] = Binary { op: ShiftRight, left: [62], right: [69] } : Handle([2])
[2023-07-22T22:01:29Z DEBUG naga::front] Resolving [71] = Constant([12]) : Value(Scalar { kind: Uint, width: 4 })
[2023-07-22T22:01:29Z DEBUG naga::front] Resolving [72] = Binary { op: And, left: [70], right: [71] } : Handle([2])
[2023-07-22T22:01:29Z DEBUG naga::front] Resolving [73] = GlobalVariable([5]) : Value(Pointer { base: [6], space: Storage { 
access: LOAD } })
[2023-07-22T22:01:29Z DEBUG naga::front] Resolving [74] = Constant([8]) : Value(Scalar { kind: Uint, width: 4 })
[2023-07-22T22:01:29Z DEBUG naga::front] Resolving [75] = Binary { op: Multiply, left: [74], right: [1] } : Handle([2])
[2023-07-22T22:01:29Z DEBUG naga::front] Resolving [76] = Access { base: [73], index: [75] } : Value(Pointer { base: [2], space: 
Storage { access: LOAD } })
[2023-07-22T22:01:29Z DEBUG naga::front] Resolving [77] = Load { pointer: [76] } : Handle([2])
[2023-07-22T22:01:29Z DEBUG naga::front] Resolving [78] = GlobalVariable([1]) : Value(Pointer { base: [4], space: Uniform })
[2023-07-22T22:01:29Z DEBUG naga::front] Resolving [79] = AccessIndex { base: [78], index: 0 } : Value(Pointer { base: [2], 
space: Uniform })
[2023-07-22T22:01:29Z DEBUG naga::front] Resolving [80] = Load { pointer: [79] } : Handle([2])
[2023-07-22T22:01:29Z DEBUG naga::front] Resolving [81] = Constant([11]) : Value(Scalar { kind: Uint, width: 4 })
[2023-07-22T22:01:29Z DEBUG naga::front] Resolving [82] = Binary { op: Multiply, left: [80], right: [81] } : Value(Scalar { kind: 
Uint, width: 4 })
[2023-07-22T22:01:29Z DEBUG naga::front] Resolving [83] = Constant([8]) : Value(Scalar { kind: Uint, width: 4 })
[2023-07-22T22:01:29Z DEBUG naga::front] Resolving [84] = Binary { op: Add, left: [82], right: [83] } : Value(Scalar { kind: 
Uint, width: 4 })
[2023-07-22T22:01:29Z DEBUG naga::front] Resolving [85] = Binary { op: ShiftRight, left: [77], right: [84] } : Handle([2])
[2023-07-22T22:01:29Z DEBUG naga::front] Resolving [86] = Constant([12]) : Value(Scalar { kind: Uint, width: 4 })
[2023-07-22T22:01:29Z DEBUG naga::front] Resolving [87] = Binary { op: And, left: [85], right: [86] } : Handle([2])
[2023-07-22T22:01:29Z DEBUG naga::front] Resolving [88] = GlobalVariable([3]) : Value(Pointer { base: [6], space: Storage { 
access: LOAD } })
[2023-07-22T22:01:29Z DEBUG naga::front] Resolving [89] = Constant([8]) : Value(Scalar { kind: Uint, width: 4 })
[2023-07-22T22:01:29Z DEBUG naga::front] Resolving [90] = Binary { op: Multiply, left: [89], right: [1] } : Handle([2])
[2023-07-22T22:01:29Z DEBUG naga::front] Resolving [91] = Constant([10]) : Value(Scalar { kind: Uint, width: 4 })
[2023-07-22T22:01:29Z DEBUG naga::front] Resolving [92] = Binary { op: Add, left: [90], right: [91] } : Handle([2])
[2023-07-22T22:01:29Z DEBUG naga::front] Resolving [93] = Access { base: [88], index: [92] } : Value(Pointer { base: [2], space: 
Storage { access: LOAD } })
[2023-07-22T22:01:29Z DEBUG naga::front] Resolving [94] = Load { pointer: [93] } : Handle([2])
[2023-07-22T22:01:29Z DEBUG naga::front] Resolving [95] = Constant([13]) : Value(Scalar { kind: Uint, width: 4 })
[2023-07-22T22:01:29Z DEBUG naga::front] Resolving [96] = Binary { op: ShiftRight, left: [94], right: [95] } : Handle([2])
[2023-07-22T22:01:29Z DEBUG naga::front] Resolving [97] = Constant([14]) : Value(Scalar { kind: Uint, width: 4 })
[2023-07-22T22:01:29Z DEBUG naga::front] Resolving [98] = Binary { op: And, left: [96], right: [97] } : Handle([2])
[2023-07-22T22:01:29Z DEBUG naga::front] Resolving [99] = GlobalVariable([3]) : Value(Pointer { base: [6], space: Storage { 
access: LOAD } })
[2023-07-22T22:01:29Z DEBUG naga::front] Resolving [100] = Constant([8]) : Value(Scalar { kind: Uint, width: 4 })
[2023-07-22T22:01:29Z DEBUG naga::front] Resolving [101] = Binary { op: Multiply, left: [100], right: [1] } : Handle([2])
[2023-07-22T22:01:29Z DEBUG naga::front] Resolving [102] = Access { base: [99], index: [101] } : Value(Pointer { base: [2], 
space: Storage { access: LOAD } })
[2023-07-22T22:01:29Z DEBUG naga::front] Resolving [103] = Load { pointer: [102] } : Handle([2])
[2023-07-22T22:01:29Z DEBUG naga::front] Resolving [104] = Constant([15]) : Value(Scalar { kind: Uint, width: 4 })
[2023-07-22T22:01:29Z DEBUG naga::front] Resolving [105] = Binary { op: And, left: [103], right: [104] } : Handle([2])
[2023-07-22T22:01:29Z DEBUG naga::front] Resolving [1] = FunctionArgument(0) : Handle([2])
[2023-07-22T22:01:29Z DEBUG naga::front] Resolving [2] = FunctionArgument(1) : Handle([2])
[2023-07-22T22:01:29Z DEBUG naga::front] Resolving [3] = Binary { op: Add, left: [1], right: [2] } : Handle([2])
[2023-07-22T22:01:29Z DEBUG naga::front] Resolving [4] = Constant([10]) : Value(Scalar { kind: Uint, width: 4 })
[2023-07-22T22:01:29Z DEBUG naga::front] Resolving [5] = Binary { op: Subtract, left: [3], right: [4] } : Handle([2])
[2023-07-22T22:01:29Z DEBUG naga::front] Resolving [1] = FunctionArgument(0) : Handle([1])
[2023-07-22T22:01:29Z DEBUG naga::front] Resolving [2] = FunctionArgument(1) : Handle([1])
[2023-07-22T22:01:29Z DEBUG naga::front] Resolving [3] = FunctionArgument(2) : Handle([1])
[2023-07-22T22:01:29Z DEBUG naga::front] Resolving [4] = AccessIndex { base: [1], index: 0 } : Value(Scalar { kind: Uint, width: 
4 })
[2023-07-22T22:01:29Z DEBUG naga::front] Resolving [5] = AccessIndex { base: [2], index: 0 } : Value(Scalar { kind: Uint, width: 
4 })
[2023-07-22T22:01:29Z DEBUG naga::front] Resolving [6] = GlobalVariable([3]) : Value(Pointer { base: [6], space: Storage { 
access: LOAD } })
[2023-07-22T22:01:29Z DEBUG naga::front] Resolving [7] = ArrayLength([6]) : Value(Scalar { kind: Uint, width: 4 })
[2023-07-22T22:01:29Z DEBUG naga::front] Resolving [8] = Constant([8]) : Value(Scalar { kind: Uint, width: 4 })
[2023-07-22T22:01:29Z DEBUG naga::front] Resolving [9] = Binary { op: Divide, left: [7], right: [8] } : Value(Scalar { kind: 
Uint, width: 4 })
[2023-07-22T22:01:29Z DEBUG naga::front] Resolving [10] = Constant([16]) : Value(Scalar { kind: Uint, width: 4 })
[2023-07-22T22:01:29Z DEBUG naga::front] Resolving [11] = Binary { op: Divide, left: [4], right: [10] } : Value(Scalar { kind: 
Uint, width: 4 })
[2023-07-22T22:01:29Z DEBUG naga::front] Resolving [12] = Binary { op: Less, left: [4], right: [9] } : Value(Scalar { kind: Bool, 
width: 1 })
[2023-07-22T22:01:29Z DEBUG naga::front] Resolving [13] = CallResult([1]) : Handle([2])
[2023-07-22T22:01:29Z DEBUG naga::front] Resolving [14] = GlobalVariable([7]) : Value(Pointer { base: [8], space: WorkGroup })
[2023-07-22T22:01:29Z DEBUG naga::front] Resolving [15] = Access { base: [14], index: [13] } : Value(Pointer { base: [7], space: 
WorkGroup })
[2023-07-22T22:01:29Z DEBUG naga::front] Resolving [16] = Constant([10]) : Value(Scalar { kind: Uint, width: 4 })
[2023-07-22T22:01:29Z DEBUG naga::front] Resolving [17] = AtomicResult { ty: [2], comparison: false } : Handle([2])
[2023-07-22T22:01:29Z DEBUG naga::front] Resolving [18] = Constant([6]) : Value(Scalar { kind: Uint, width: 4 })
[2023-07-22T22:01:29Z DEBUG naga::front] Resolving [19] = Binary { op: Less, left: [5], right: [18] } : Value(Scalar { kind: 
Bool, width: 1 })
[2023-07-22T22:01:29Z DEBUG naga::front] Resolving [20] = AccessIndex { base: [3], index: 0 } : Value(Scalar { kind: Uint, width: 
4 })
[2023-07-22T22:01:29Z DEBUG naga::front] Resolving [21] = Binary { op: Multiply, left: [20], right: [5] } : Value(Scalar { kind: 
Uint, width: 4 })
[2023-07-22T22:01:29Z DEBUG naga::front] Resolving [22] = Binary { op: Add, left: [21], right: [11] } : Value(Scalar { kind: 
Uint, width: 4 })
[2023-07-22T22:01:29Z DEBUG naga::front] Resolving [23] = GlobalVariable([6]) : Value(Pointer { base: [6], space: Storage { 
access: LOAD | STORE } })
[2023-07-22T22:01:29Z DEBUG naga::front] Resolving [24] = Access { base: [23], index: [22] } : Value(Pointer { base: [2], space: 
Storage { access: LOAD | STORE } })
[2023-07-22T22:01:29Z DEBUG naga::front] Resolving [25] = GlobalVariable([7]) : Value(Pointer { base: [8], space: WorkGroup })
[2023-07-22T22:01:29Z DEBUG naga::front] Resolving [26] = Access { base: [25], index: [5] } : Value(Pointer { base: [7], space: 
WorkGroup })
[2023-07-22T22:01:29Z DEBUG naga::valid::interface] var GlobalVariable { name: Some("uniforms"), space: Uniform, binding: 
Some(ResourceBinding { group: 0, binding: 0 }), ty: [4], init: None }
[2023-07-22T22:01:29Z DEBUG naga::valid::interface] var GlobalVariable { name: Some("triangles"), space: Storage { access: LOAD 
}, binding: Some(ResourceBinding { group: 0, binding: 1 }), ty: [5], init: None }
[2023-07-22T22:01:29Z DEBUG naga::valid::interface] var GlobalVariable { name: Some("codes"), space: Storage { access: LOAD }, 
binding: Some(ResourceBinding { group: 0, binding: 2 }), ty: [6], init: None }
[2023-07-22T22:01:29Z DEBUG naga::valid::interface] var GlobalVariable { name: Some("triangles_2"), space: Storage { access: LOAD 
}, binding: Some(ResourceBinding { group: 0, binding: 3 }), ty: [5], init: None }
[2023-07-22T22:01:29Z DEBUG naga::valid::interface] var GlobalVariable { name: Some("codes_2"), space: Storage { access: LOAD }, 
binding: Some(ResourceBinding { group: 0, binding: 4 }), ty: [6], init: None }
[2023-07-22T22:01:29Z DEBUG naga::valid::interface] var GlobalVariable { name: Some("storage_histograms"), space: Storage { 
access: LOAD | STORE }, binding: Some(ResourceBinding { group: 0, binding: 5 }), ty: [6], init: None }
[2023-07-22T22:01:29Z DEBUG naga::valid::interface] var GlobalVariable { name: Some("histogram"), space: WorkGroup, binding: 
None, ty: [8], init: None }
[2023-07-22T22:01:29Z DEBUG naga::valid::function] var LocalVariable { name: Some("val"), ty: [2], init: None }
[2023-07-22T22:01:29Z DEBUG naga::front] Resolving [1] = FunctionArgument(0) : Handle([1])
[2023-07-22T22:01:29Z DEBUG naga::front] Resolving [2] = FunctionArgument(1) : Handle([1])
[2023-07-22T22:01:29Z DEBUG naga::front] Resolving [3] = FunctionArgument(2) : Handle([1])
[2023-07-22T22:01:29Z DEBUG naga::front] Resolving [4] = GlobalVariable([3]) : Value(Pointer { base: [3], space: WorkGroup })
[2023-07-22T22:01:29Z DEBUG naga::front] Resolving [5] = Binary { op: Add, left: [1], right: [2] } : Handle([1])
[2023-07-22T22:01:29Z DEBUG naga::front] Resolving [6] = Access { base: [4], index: [5] } : Value(Pointer { base: [1], space: 
WorkGroup })
[2023-07-22T22:01:29Z DEBUG naga::front] Resolving [7] = Load { pointer: [6] } : Handle([1])
[2023-07-22T22:01:29Z DEBUG naga::front] Resolving [8] = GlobalVariable([3]) : Value(Pointer { base: [3], space: WorkGroup })
[2023-07-22T22:01:29Z DEBUG naga::front] Resolving [9] = Binary { op: Add, left: [1], right: [3] } : Handle([1])
[2023-07-22T22:01:29Z DEBUG naga::front] Resolving [10] = Access { base: [8], index: [9] } : Value(Pointer { base: [1], space: 
WorkGroup })
[2023-07-22T22:01:29Z DEBUG naga::front] Resolving [11] = Load { pointer: [10] } : Handle([1])
[2023-07-22T22:01:29Z DEBUG naga::front] Resolving [12] = GlobalVariable([3]) : Value(Pointer { base: [3], space: WorkGroup })
[2023-07-22T22:01:29Z DEBUG naga::front] Resolving [13] = Binary { op: Add, left: [1], right: [2] } : Handle([1])
[2023-07-22T22:01:29Z DEBUG naga::front] Resolving [14] = Access { base: [12], index: [13] } : Value(Pointer { base: [1], space: 
WorkGroup })
[2023-07-22T22:01:29Z DEBUG naga::front] Resolving [15] = GlobalVariable([3]) : Value(Pointer { base: [3], space: WorkGroup })
[2023-07-22T22:01:29Z DEBUG naga::front] Resolving [16] = Binary { op: Add, left: [1], right: [3] } : Handle([1])
[2023-07-22T22:01:29Z DEBUG naga::front] Resolving [17] = Access { base: [15], index: [16] } : Value(Pointer { base: [1], space: 
WorkGroup })
[2023-07-22T22:01:29Z DEBUG naga::front] Resolving [18] = Load { pointer: [17] } : Handle([1])
[2023-07-22T22:01:29Z DEBUG naga::front] Resolving [1] = FunctionArgument(0) : Handle([1])
[2023-07-22T22:01:29Z DEBUG naga::front] Resolving [2] = FunctionArgument(1) : Handle([1])
[2023-07-22T22:01:29Z DEBUG naga::front] Resolving [3] = GlobalVariable([1]) : Value(Pointer { base: [2], space: Storage { 
access: LOAD | STORE } })
[2023-07-22T22:01:29Z DEBUG naga::front] Resolving [4] = Access { base: [3], index: [2] } : Value(Pointer { base: [1], space: 
Storage { access: LOAD | STORE } })
[2023-07-22T22:01:29Z DEBUG naga::front] Resolving [5] = Load { pointer: [4] } : Handle([1])
[2023-07-22T22:01:29Z DEBUG naga::front] Resolving [6] = GlobalVariable([3]) : Value(Pointer { base: [3], space: WorkGroup })
[2023-07-22T22:01:29Z DEBUG naga::front] Resolving [7] = Access { base: [6], index: [1] } : Value(Pointer { base: [1], space: 
WorkGroup })
[2023-07-22T22:01:29Z DEBUG naga::front] Resolving [8] = Constant([6]) : Value(Scalar { kind: Uint, width: 4 })
[2023-07-22T22:01:29Z DEBUG naga::front] Resolving [9] = LocalVariable([1]) : Value(Pointer { base: [1], space: Function })
[2023-07-22T22:01:29Z DEBUG naga::front] Resolving [10] = Load { pointer: [9] } : Handle([1])
[2023-07-22T22:01:29Z DEBUG naga::front] Resolving [11] = Constant([7]) : Value(Scalar { kind: Uint, width: 4 })
[2023-07-22T22:01:29Z DEBUG naga::front] Resolving [12] = Binary { op: Less, left: [10], right: [11] } : Value(Scalar { kind: 
Bool, width: 1 })
[2023-07-22T22:01:29Z DEBUG naga::front] Resolving [13] = Constant([8]) : Value(Scalar { kind: Uint, width: 4 })
[2023-07-22T22:01:29Z DEBUG naga::front] Resolving [14] = Load { pointer: [9] } : Handle([1])
[2023-07-22T22:01:29Z DEBUG naga::front] Resolving [15] = Binary { op: Multiply, left: [13], right: [14] } : Handle([1])
[2023-07-22T22:01:29Z DEBUG naga::front] Resolving [16] = Binary { op: Modulo, left: [1], right: [15] } : Handle([1])
[2023-07-22T22:01:29Z DEBUG naga::front] Resolving [17] = Constant([9]) : Value(Scalar { kind: Uint, width: 4 })
[2023-07-22T22:01:29Z DEBUG naga::front] Resolving [18] = Binary { op: Equal, left: [16], right: [17] } : Value(Scalar { kind: 
Bool, width: 1 })
[2023-07-22T22:01:29Z DEBUG naga::front] Resolving [19] = GlobalVariable([3]) : Value(Pointer { base: [3], space: WorkGroup })
[2023-07-22T22:01:29Z DEBUG naga::front] Resolving [20] = Constant([8]) : Value(Scalar { kind: Uint, width: 4 })
[2023-07-22T22:01:29Z DEBUG naga::front] Resolving [21] = Load { pointer: [9] } : Handle([1])
[2023-07-22T22:01:29Z DEBUG naga::front] Resolving [22] = Binary { op: Multiply, left: [20], right: [21] } : Handle([1])
[2023-07-22T22:01:29Z DEBUG naga::front] Resolving [23] = Binary { op: Add, left: [1], right: [22] } : Handle([1])
[2023-07-22T22:01:29Z DEBUG naga::front] Resolving [24] = Constant([6]) : Value(Scalar { kind: Uint, width: 4 })
[2023-07-22T22:01:29Z DEBUG naga::front] Resolving [25] = Binary { op: Subtract, left: [23], right: [24] } : Handle([1])
[2023-07-22T22:01:29Z DEBUG naga::front] Resolving [26] = Access { base: [19], index: [25] } : Value(Pointer { base: [1], space: 
WorkGroup })
[2023-07-22T22:01:29Z DEBUG naga::front] Resolving [27] = GlobalVariable([3]) : Value(Pointer { base: [3], space: WorkGroup })
[2023-07-22T22:01:29Z DEBUG naga::front] Resolving [28] = Load { pointer: [9] } : Handle([1])
[2023-07-22T22:01:29Z DEBUG naga::front] Resolving [29] = Binary { op: Add, left: [1], right: [28] } : Handle([1])
[2023-07-22T22:01:29Z DEBUG naga::front] Resolving [30] = Constant([6]) : Value(Scalar { kind: Uint, width: 4 })
[2023-07-22T22:01:29Z DEBUG naga::front] Resolving [31] = Binary { op: Subtract, left: [29], right: [30] } : Handle([1])
[2023-07-22T22:01:29Z DEBUG naga::front] Resolving [32] = Access { base: [27], index: [31] } : Value(Pointer { base: [1], space: 
WorkGroup })
[2023-07-22T22:01:29Z DEBUG naga::front] Resolving [33] = Load { pointer: [32] } : Handle([1])
[2023-07-22T22:01:29Z DEBUG naga::front] Resolving [34] = Load { pointer: [26] } : Handle([1])
[2023-07-22T22:01:29Z DEBUG naga::front] Resolving [35] = Binary { op: Add, left: [34], right: [33] } : Handle([1])
[2023-07-22T22:01:29Z DEBUG naga::front] Resolving [36] = Load { pointer: [9] } : Handle([1])
[2023-07-22T22:01:29Z DEBUG naga::front] Resolving [37] = Constant([6]) : Value(Scalar { kind: Uint, width: 4 })
[2023-07-22T22:01:29Z DEBUG naga::front] Resolving [38] = Binary { op: ShiftLeft, left: [36], right: [37] } : Handle([1])
[2023-07-22T22:01:29Z DEBUG naga::front] Resolving [39] = Constant([7]) : Value(Scalar { kind: Uint, width: 4 })
[2023-07-22T22:01:29Z DEBUG naga::front] Resolving [40] = Binary { op: Modulo, left: [1], right: [39] } : Handle([1])
[2023-07-22T22:01:29Z DEBUG naga::front] Resolving [41] = Constant([9]) : Value(Scalar { kind: Uint, width: 4 })
[2023-07-22T22:01:29Z DEBUG naga::front] Resolving [42] = Binary { op: Equal, left: [40], right: [41] } : Value(Scalar { kind: 
Bool, width: 1 })
[2023-07-22T22:01:29Z DEBUG naga::front] Resolving [43] = GlobalVariable([3]) : Value(Pointer { base: [3], space: WorkGroup })
[2023-07-22T22:01:29Z DEBUG naga::front] Resolving [44] = Constant([10]) : Value(Scalar { kind: Uint, width: 4 })
[2023-07-22T22:01:29Z DEBUG naga::front] Resolving [45] = AccessIndex { base: [43], index: 127 } : Value(Pointer { base: [1], 
space: WorkGroup })
[2023-07-22T22:01:29Z DEBUG naga::front] Resolving [46] = Load { pointer: [45] } : Handle([1])
[2023-07-22T22:01:29Z DEBUG naga::front] Resolving [47] = GlobalVariable([3]) : Value(Pointer { base: [3], space: WorkGroup })
[2023-07-22T22:01:29Z DEBUG naga::front] Resolving [48] = Constant([10]) : Value(Scalar { kind: Uint, width: 4 })
[2023-07-22T22:01:29Z DEBUG naga::front] Resolving [49] = AccessIndex { base: [47], index: 127 } : Value(Pointer { base: [1], 
space: WorkGroup })
[2023-07-22T22:01:29Z DEBUG naga::front] Resolving [50] = Constant([9]) : Value(Scalar { kind: Uint, width: 4 })
[2023-07-22T22:01:29Z DEBUG naga::front] Resolving [51] = GlobalVariable([3]) : Value(Pointer { base: [3], space: WorkGroup })
[2023-07-22T22:01:29Z DEBUG naga::front] Resolving [52] = Constant([11]) : Value(Scalar { kind: Uint, width: 4 })
[2023-07-22T22:01:29Z DEBUG naga::front] Resolving [53] = AccessIndex { base: [51], index: 255 } : Value(Pointer { base: [1], 
space: WorkGroup })
[2023-07-22T22:01:29Z DEBUG naga::front] Resolving [54] = Constant([12]) : Value(Scalar { kind: Uint, width: 4 })
[2023-07-22T22:01:29Z DEBUG naga::front] Resolving [55] = LocalVariable([2]) : Value(Pointer { base: [1], space: Function })
[2023-07-22T22:01:29Z DEBUG naga::front] Resolving [56] = Load { pointer: [55] } : Handle([1])
[2023-07-22T22:01:29Z DEBUG naga::front] Resolving [57] = Constant([6]) : Value(Scalar { kind: Uint, width: 4 })
[2023-07-22T22:01:29Z DEBUG naga::front] Resolving [58] = Binary { op: Greater, left: [56], right: [57] } : Value(Scalar { kind: 
Bool, width: 1 })
[2023-07-22T22:01:29Z DEBUG naga::front] Resolving [59] = Load { pointer: [55] } : Handle([1])
[2023-07-22T22:01:29Z DEBUG naga::front] Resolving [60] = Binary { op: Modulo, left: [1], right: [59] } : Handle([1])
[2023-07-22T22:01:29Z DEBUG naga::front] Resolving [61] = Constant([9]) : Value(Scalar { kind: Uint, width: 4 })
[2023-07-22T22:01:29Z DEBUG naga::front] Resolving [62] = Binary { op: Equal, left: [60], right: [61] } : Value(Scalar { kind: 
Bool, width: 1 })
[2023-07-22T22:01:29Z DEBUG naga::front] Resolving [63] = Load { pointer: [55] } : Handle([1])
[2023-07-22T22:01:29Z DEBUG naga::front] Resolving [64] = Constant([8]) : Value(Scalar { kind: Uint, width: 4 })
[2023-07-22T22:01:29Z DEBUG naga::front] Resolving [65] = Binary { op: Divide, left: [63], right: [64] } : Handle([1])
[2023-07-22T22:01:29Z DEBUG naga::front] Resolving [66] = Constant([6]) : Value(Scalar { kind: Uint, width: 4 })
[2023-07-22T22:01:29Z DEBUG naga::front] Resolving [67] = Binary { op: Subtract, left: [65], right: [66] } : Handle([1])
[2023-07-22T22:01:29Z DEBUG naga::front] Resolving [68] = Load { pointer: [55] } : Handle([1])
[2023-07-22T22:01:29Z DEBUG naga::front] Resolving [69] = Constant([6]) : Value(Scalar { kind: Uint, width: 4 })
[2023-07-22T22:01:29Z DEBUG naga::front] Resolving [70] = Binary { op: Subtract, left: [68], right: [69] } : Handle([1])
[2023-07-22T22:01:29Z DEBUG naga::front] Resolving [71] = Load { pointer: [55] } : Handle([1])
[2023-07-22T22:01:29Z DEBUG naga::front] Resolving [72] = Constant([6]) : Value(Scalar { kind: Uint, width: 4 })
[2023-07-22T22:01:29Z DEBUG naga::front] Resolving [1] = FunctionArgument(0) : Handle([4])
[2023-07-22T22:01:29Z DEBUG naga::front] Resolving [2] = FunctionArgument(1) : Handle([4])
[2023-07-22T22:01:29Z DEBUG naga::front] Resolving [3] = FunctionArgument(2) : Handle([4])
[2023-07-22T22:01:29Z DEBUG naga::front] Resolving [4] = AccessIndex { base: [1], index: 0 } : Value(Scalar { kind: Uint, width: 
4 })
[2023-07-22T22:01:29Z DEBUG naga::front] Resolving [5] = AccessIndex { base: [2], index: 0 } : Value(Scalar { kind: Uint, width: 
4 })
[2023-07-22T22:01:29Z DEBUG naga::front] Resolving [6] = Constant([11]) : Value(Scalar { kind: Uint, width: 4 })
[2023-07-22T22:01:29Z DEBUG naga::front] Resolving [7] = Binary { op: Equal, left: [5], right: [6] } : Value(Scalar { kind: Bool, 
width: 1 })
[2023-07-22T22:01:29Z DEBUG naga::front] Resolving [8] = GlobalVariable([2]) : Value(Pointer { base: [2], space: Storage { 
access: LOAD | STORE } })
[2023-07-22T22:01:29Z DEBUG naga::front] Resolving [9] = Constant([7]) : Value(Scalar { kind: Uint, width: 4 })
[2023-07-22T22:01:29Z DEBUG naga::front] Resolving [10] = Binary { op: Divide, left: [4], right: [9] } : Value(Scalar { kind: 
Uint, width: 4 })
[2023-07-22T22:01:29Z DEBUG naga::front] Resolving [11] = Access { base: [8], index: [10] } : Value(Pointer { base: [1], space: 
Storage { access: LOAD | STORE } })
[2023-07-22T22:01:29Z DEBUG naga::front] Resolving [12] = GlobalVariable([3]) : Value(Pointer { base: [3], space: WorkGroup })
[2023-07-22T22:01:29Z DEBUG naga::front] Resolving [13] = Access { base: [12], index: [5] } : Value(Pointer { base: [1], space: 
WorkGroup })
[2023-07-22T22:01:29Z DEBUG naga::front] Resolving [14] = Load { pointer: [13] } : Handle([1])
[2023-07-22T22:01:29Z DEBUG naga::front] Resolving [15] = GlobalVariable([1]) : Value(Pointer { base: [2], space: Storage { 
access: LOAD | STORE } })
[2023-07-22T22:01:29Z DEBUG naga::front] Resolving [16] = Access { base: [15], index: [4] } : Value(Pointer { base: [1], space: 
Storage { access: LOAD | STORE } })
[2023-07-22T22:01:29Z DEBUG naga::front] Resolving [17] = Load { pointer: [16] } : Handle([1])
[2023-07-22T22:01:29Z DEBUG naga::front] Resolving [18] = Binary { op: Add, left: [14], right: [17] } : Handle([1])
[2023-07-22T22:01:29Z DEBUG naga::front] Resolving [19] = GlobalVariable([1]) : Value(Pointer { base: [2], space: Storage { 
access: LOAD | STORE } })
[2023-07-22T22:01:29Z DEBUG naga::front] Resolving [20] = Access { base: [19], index: [4] } : Value(Pointer { base: [1], space: 
Storage { access: LOAD | STORE } })
[2023-07-22T22:01:29Z DEBUG naga::front] Resolving [21] = GlobalVariable([3]) : Value(Pointer { base: [3], space: WorkGroup })
[2023-07-22T22:01:29Z DEBUG naga::front] Resolving [22] = Access { base: [21], index: [5] } : Value(Pointer { base: [1], space: 
WorkGroup })
[2023-07-22T22:01:29Z DEBUG naga::front] Resolving [23] = Load { pointer: [22] } : Handle([1])
[2023-07-22T22:01:29Z DEBUG naga::front] Resolving [24] = Load { pointer: [20] } : Handle([1])
[2023-07-22T22:01:29Z DEBUG naga::front] Resolving [1] = FunctionArgument(0) : Handle([4])
[2023-07-22T22:01:29Z DEBUG naga::front] Resolving [2] = FunctionArgument(1) : Handle([4])
[2023-07-22T22:01:29Z DEBUG naga::front] Resolving [3] = FunctionArgument(2) : Handle([4])
[2023-07-22T22:01:29Z DEBUG naga::front] Resolving [4] = AccessIndex { base: [1], index: 0 } : Value(Scalar { kind: Uint, width: 
4 })
[2023-07-22T22:01:29Z DEBUG naga::front] Resolving [5] = GlobalVariable([1]) : Value(Pointer { base: [2], space: Storage { 
access: LOAD | STORE } })
[2023-07-22T22:01:29Z DEBUG naga::front] Resolving [6] = ArrayLength([5]) : Value(Scalar { kind: Uint, width: 4 })
[2023-07-22T22:01:29Z DEBUG naga::front] Resolving [7] = Binary { op: Less, left: [4], right: [6] } : Value(Scalar { kind: Bool, 
width: 1 })
[2023-07-22T22:01:29Z DEBUG naga::front] Resolving [8] = GlobalVariable([1]) : Value(Pointer { base: [2], space: Storage { 
access: LOAD | STORE } })
[2023-07-22T22:01:29Z DEBUG naga::front] Resolving [9] = Access { base: [8], index: [4] } : Value(Pointer { base: [1], space: 
Storage { access: LOAD | STORE } })
[2023-07-22T22:01:29Z DEBUG naga::front] Resolving [10] = GlobalVariable([2]) : Value(Pointer { base: [2], space: Storage { 
access: LOAD | STORE } })
[2023-07-22T22:01:29Z DEBUG naga::front] Resolving [11] = Constant([7]) : Value(Scalar { kind: Uint, width: 4 })
[2023-07-22T22:01:29Z DEBUG naga::front] Resolving [12] = Binary { op: Divide, left: [4], right: [11] } : Value(Scalar { kind: 
Uint, width: 4 })
[2023-07-22T22:01:29Z DEBUG naga::front] Resolving [13] = Constant([6]) : Value(Scalar { kind: Uint, width: 4 })
[2023-07-22T22:01:29Z DEBUG naga::front] Resolving [14] = Binary { op: Subtract, left: [12], right: [13] } : Value(Scalar { kind: 
Uint, width: 4 })
[2023-07-22T22:01:29Z DEBUG naga::front] Resolving [15] = Access { base: [10], index: [14] } : Value(Pointer { base: [1], space: 
Storage { access: LOAD | STORE } })
[2023-07-22T22:01:29Z DEBUG naga::front] Resolving [16] = Load { pointer: [15] } : Handle([1])
[2023-07-22T22:01:29Z DEBUG naga::front] Resolving [17] = Load { pointer: [9] } : Handle([1])
[2023-07-22T22:01:29Z DEBUG naga::front] Resolving [18] = Binary { op: Add, left: [17], right: [16] } : Handle([1])
[2023-07-22T22:01:29Z DEBUG naga::front] Resolving [19] = Constant([7]) : Value(Scalar { kind: Uint, width: 4 })
[2023-07-22T22:01:29Z DEBUG naga::front] Resolving [20] = Binary { op: Greater, left: [4], right: [19] } : Value(Scalar { kind: 
Bool, width: 1 })
[2023-07-22T22:01:29Z DEBUG naga::front] Resolving [21] = GlobalVariable([1]) : Value(Pointer { base: [2], space: Storage { 
access: LOAD | STORE } })
[2023-07-22T22:01:29Z DEBUG naga::front] Resolving [22] = Access { base: [21], index: [4] } : Value(Pointer { base: [1], space: 
Storage { access: LOAD | STORE } })
[2023-07-22T22:01:29Z DEBUG naga::front] Resolving [23] = GlobalVariable([2]) : Value(Pointer { base: [2], space: Storage { 
access: LOAD | STORE } })
[2023-07-22T22:01:29Z DEBUG naga::front] Resolving [24] = Constant([7]) : Value(Scalar { kind: Uint, width: 4 })
[2023-07-22T22:01:29Z DEBUG naga::front] Resolving [25] = Binary { op: Divide, left: [4], right: [24] } : Value(Scalar { kind: 
Uint, width: 4 })
[2023-07-22T22:01:29Z DEBUG naga::front] Resolving [26] = Constant([6]) : Value(Scalar { kind: Uint, width: 4 })
[2023-07-22T22:01:29Z DEBUG naga::front] Resolving [27] = Binary { op: Subtract, left: [25], right: [26] } : Value(Scalar { kind: 
Uint, width: 4 })
[2023-07-22T22:01:29Z DEBUG naga::front] Resolving [28] = Access { base: [23], index: [27] } : Value(Pointer { base: [1], space: 
Storage { access: LOAD | STORE } })
[2023-07-22T22:01:29Z DEBUG naga::front] Resolving [29] = Load { pointer: [28] } : Handle([1])
[2023-07-22T22:01:29Z DEBUG naga::front] Resolving [30] = Load { pointer: [22] } : Handle([1])
[2023-07-22T22:01:29Z DEBUG naga::valid::interface] var GlobalVariable { name: Some("vals"), space: Storage { access: LOAD | 
STORE }, binding: Some(ResourceBinding { group: 0, binding: 0 }), ty: [2], init: None }
[2023-07-22T22:01:29Z DEBUG naga::valid::interface] var GlobalVariable { name: Some("block_sums"), space: Storage { access: LOAD 
| STORE }, binding: Some(ResourceBinding { group: 0, binding: 1 }), ty: [2], init: None }
[2023-07-22T22:01:29Z DEBUG naga::valid::interface] var GlobalVariable { name: Some("scratch"), space: WorkGroup, binding: None, 
ty: [3], init: None }
[2023-07-22T22:01:29Z DEBUG naga::valid::function] var LocalVariable { name: Some("i"), ty: [1], init: None }
[2023-07-22T22:01:29Z DEBUG naga::valid::function] var LocalVariable { name: Some("i"), ty: [1], init: None }
[2023-07-22T22:01:29Z DEBUG naga::front] Resolving [1] = FunctionArgument(0) : Handle([1])
[2023-07-22T22:01:29Z DEBUG naga::front] Resolving [2] = FunctionArgument(1) : Handle([1])
[2023-07-22T22:01:29Z DEBUG naga::front] Resolving [3] = FunctionArgument(2) : Handle([1])
[2023-07-22T22:01:29Z DEBUG naga::front] Resolving [4] = GlobalVariable([2]) : Value(Pointer { base: [3], space: WorkGroup })
[2023-07-22T22:01:29Z DEBUG naga::front] Resolving [5] = Binary { op: Add, left: [1], right: [2] } : Handle([1])
[2023-07-22T22:01:29Z DEBUG naga::front] Resolving [6] = Access { base: [4], index: [5] } : Value(Pointer { base: [1], space: 
WorkGroup })
[2023-07-22T22:01:29Z DEBUG naga::front] Resolving [7] = Load { pointer: [6] } : Handle([1])
[2023-07-22T22:01:29Z DEBUG naga::front] Resolving [8] = GlobalVariable([2]) : Value(Pointer { base: [3], space: WorkGroup })
[2023-07-22T22:01:29Z DEBUG naga::front] Resolving [9] = Binary { op: Add, left: [1], right: [3] } : Handle([1])
[2023-07-22T22:01:29Z DEBUG naga::front] Resolving [10] = Access { base: [8], index: [9] } : Value(Pointer { base: [1], space: 
WorkGroup })
[2023-07-22T22:01:29Z DEBUG naga::front] Resolving [11] = Load { pointer: [10] } : Handle([1])
[2023-07-22T22:01:29Z DEBUG naga::front] Resolving [12] = GlobalVariable([2]) : Value(Pointer { base: [3], space: WorkGroup })
[2023-07-22T22:01:29Z DEBUG naga::front] Resolving [13] = Binary { op: Add, left: [1], right: [2] } : Handle([1])
[2023-07-22T22:01:29Z DEBUG naga::front] Resolving [14] = Access { base: [12], index: [13] } : Value(Pointer { base: [1], space: 
WorkGroup })
[2023-07-22T22:01:29Z DEBUG naga::front] Resolving [15] = GlobalVariable([2]) : Value(Pointer { base: [3], space: WorkGroup })
[2023-07-22T22:01:29Z DEBUG naga::front] Resolving [16] = Binary { op: Add, left: [1], right: [3] } : Handle([1])
[2023-07-22T22:01:29Z DEBUG naga::front] Resolving [17] = Access { base: [15], index: [16] } : Value(Pointer { base: [1], space: 
WorkGroup })
[2023-07-22T22:01:29Z DEBUG naga::front] Resolving [18] = Load { pointer: [17] } : Handle([1])
[2023-07-22T22:01:29Z DEBUG naga::front] Resolving [1] = FunctionArgument(0) : Handle([1])
[2023-07-22T22:01:29Z DEBUG naga::front] Resolving [2] = FunctionArgument(1) : Handle([1])
[2023-07-22T22:01:29Z DEBUG naga::front] Resolving [3] = GlobalVariable([1]) : Value(Pointer { base: [2], space: Storage { 
access: LOAD | STORE } })
[2023-07-22T22:01:29Z DEBUG naga::front] Resolving [4] = Binary { op: Add, left: [1], right: [2] } : Handle([1])
[2023-07-22T22:01:29Z DEBUG naga::front] Resolving [5] = Access { base: [3], index: [4] } : Value(Pointer { base: [1], space: 
Storage { access: LOAD | STORE } })
[2023-07-22T22:01:29Z DEBUG naga::front] Resolving [6] = Load { pointer: [5] } : Handle([1])
[2023-07-22T22:01:29Z DEBUG naga::front] Resolving [7] = GlobalVariable([2]) : Value(Pointer { base: [3], space: WorkGroup })
[2023-07-22T22:01:29Z DEBUG naga::front] Resolving [8] = Access { base: [7], index: [1] } : Value(Pointer { base: [1], space: 
WorkGroup })
[2023-07-22T22:01:29Z DEBUG naga::front] Resolving [9] = Constant([6]) : Value(Scalar { kind: Uint, width: 4 })
[2023-07-22T22:01:29Z DEBUG naga::front] Resolving [10] = LocalVariable([1]) : Value(Pointer { base: [1], space: Function })
[2023-07-22T22:01:29Z DEBUG naga::front] Resolving [11] = Load { pointer: [10] } : Handle([1])
[2023-07-22T22:01:29Z DEBUG naga::front] Resolving [12] = Constant([7]) : Value(Scalar { kind: Uint, width: 4 })
[2023-07-22T22:01:29Z DEBUG naga::front] Resolving [13] = Binary { op: Less, left: [11], right: [12] } : Value(Scalar { kind: 
Bool, width: 1 })
[2023-07-22T22:01:29Z DEBUG naga::front] Resolving [14] = Constant([8]) : Value(Scalar { kind: Uint, width: 4 })
[2023-07-22T22:01:29Z DEBUG naga::front] Resolving [15] = Load { pointer: [10] } : Handle([1])
[2023-07-22T22:01:29Z DEBUG naga::front] Resolving [16] = Binary { op: Multiply, left: [14], right: [15] } : Handle([1])
[2023-07-22T22:01:29Z DEBUG naga::front] Resolving [17] = Binary { op: Modulo, left: [1], right: [16] } : Handle([1])
[2023-07-22T22:01:29Z DEBUG naga::front] Resolving [18] = Constant([9]) : Value(Scalar { kind: Uint, width: 4 })
[2023-07-22T22:01:29Z DEBUG naga::front] Resolving [19] = Binary { op: Equal, left: [17], right: [18] } : Value(Scalar { kind: 
Bool, width: 1 })
[2023-07-22T22:01:29Z DEBUG naga::front] Resolving [20] = GlobalVariable([2]) : Value(Pointer { base: [3], space: WorkGroup })
[2023-07-22T22:01:29Z DEBUG naga::front] Resolving [21] = Constant([8]) : Value(Scalar { kind: Uint, width: 4 })
[2023-07-22T22:01:29Z DEBUG naga::front] Resolving [22] = Load { pointer: [10] } : Handle([1])
[2023-07-22T22:01:29Z DEBUG naga::front] Resolving [23] = Binary { op: Multiply, left: [21], right: [22] } : Handle([1])
[2023-07-22T22:01:29Z DEBUG naga::front] Resolving [24] = Binary { op: Add, left: [1], right: [23] } : Handle([1])
[2023-07-22T22:01:29Z DEBUG naga::front] Resolving [25] = Constant([6]) : Value(Scalar { kind: Uint, width: 4 })
[2023-07-22T22:01:29Z DEBUG naga::front] Resolving [26] = Binary { op: Subtract, left: [24], right: [25] } : Handle([1])
[2023-07-22T22:01:29Z DEBUG naga::front] Resolving [27] = Access { base: [20], index: [26] } : Value(Pointer { base: [1], space: 
WorkGroup })
[2023-07-22T22:01:29Z DEBUG naga::front] Resolving [28] = GlobalVariable([2]) : Value(Pointer { base: [3], space: WorkGroup })
[2023-07-22T22:01:29Z DEBUG naga::front] Resolving [29] = Load { pointer: [10] } : Handle([1])
[2023-07-22T22:01:29Z DEBUG naga::front] Resolving [30] = Binary { op: Add, left: [1], right: [29] } : Handle([1])
[2023-07-22T22:01:29Z DEBUG naga::front] Resolving [31] = Constant([6]) : Value(Scalar { kind: Uint, width: 4 })
[2023-07-22T22:01:29Z DEBUG naga::front] Resolving [32] = Binary { op: Subtract, left: [30], right: [31] } : Handle([1])
[2023-07-22T22:01:29Z DEBUG naga::front] Resolving [33] = Access { base: [28], index: [32] } : Value(Pointer { base: [1], space: 
WorkGroup })
[2023-07-22T22:01:29Z DEBUG naga::front] Resolving [34] = Load { pointer: [33] } : Handle([1])
[2023-07-22T22:01:29Z DEBUG naga::front] Resolving [35] = Load { pointer: [27] } : Handle([1])
[2023-07-22T22:01:29Z DEBUG naga::front] Resolving [36] = Binary { op: Add, left: [35], right: [34] } : Handle([1])
[2023-07-22T22:01:29Z DEBUG naga::front] Resolving [37] = Load { pointer: [10] } : Handle([1])
[2023-07-22T22:01:29Z DEBUG naga::front] Resolving [38] = Constant([6]) : Value(Scalar { kind: Uint, width: 4 })
[2023-07-22T22:01:29Z DEBUG naga::front] Resolving [39] = Binary { op: ShiftLeft, left: [37], right: [38] } : Handle([1])
[2023-07-22T22:01:29Z DEBUG naga::front] Resolving [40] = Constant([7]) : Value(Scalar { kind: Uint, width: 4 })
[2023-07-22T22:01:29Z DEBUG naga::front] Resolving [41] = Binary { op: Modulo, left: [1], right: [40] } : Handle([1])
[2023-07-22T22:01:29Z DEBUG naga::front] Resolving [42] = Constant([9]) : Value(Scalar { kind: Uint, width: 4 })
[2023-07-22T22:01:29Z DEBUG naga::front] Resolving [43] = Binary { op: Equal, left: [41], right: [42] } : Value(Scalar { kind: 
Bool, width: 1 })
[2023-07-22T22:01:29Z DEBUG naga::front] Resolving [44] = GlobalVariable([2]) : Value(Pointer { base: [3], space: WorkGroup })
[2023-07-22T22:01:29Z DEBUG naga::front] Resolving [45] = Constant([10]) : Value(Scalar { kind: Uint, width: 4 })
[2023-07-22T22:01:29Z DEBUG naga::front] Resolving [46] = AccessIndex { base: [44], index: 127 } : Value(Pointer { base: [1], 
space: WorkGroup })
[2023-07-22T22:01:29Z DEBUG naga::front] Resolving [47] = Load { pointer: [46] } : Handle([1])
[2023-07-22T22:01:29Z DEBUG naga::front] Resolving [48] = GlobalVariable([2]) : Value(Pointer { base: [3], space: WorkGroup })
[2023-07-22T22:01:29Z DEBUG naga::front] Resolving [49] = Constant([10]) : Value(Scalar { kind: Uint, width: 4 })
[2023-07-22T22:01:29Z DEBUG naga::front] Resolving [50] = AccessIndex { base: [48], index: 127 } : Value(Pointer { base: [1], 
space: WorkGroup })
[2023-07-22T22:01:29Z DEBUG naga::front] Resolving [51] = Constant([9]) : Value(Scalar { kind: Uint, width: 4 })
[2023-07-22T22:01:29Z DEBUG naga::front] Resolving [52] = GlobalVariable([2]) : Value(Pointer { base: [3], space: WorkGroup })
[2023-07-22T22:01:29Z DEBUG naga::front] Resolving [53] = Constant([11]) : Value(Scalar { kind: Uint, width: 4 })
[2023-07-22T22:01:29Z DEBUG naga::front] Resolving [54] = AccessIndex { base: [52], index: 255 } : Value(Pointer { base: [1], 
space: WorkGroup })
[2023-07-22T22:01:29Z DEBUG naga::front] Resolving [55] = Constant([12]) : Value(Scalar { kind: Uint, width: 4 })
[2023-07-22T22:01:29Z DEBUG naga::front] Resolving [56] = LocalVariable([2]) : Value(Pointer { base: [1], space: Function })
[2023-07-22T22:01:29Z DEBUG naga::front] Resolving [57] = Load { pointer: [56] } : Handle([1])
[2023-07-22T22:01:29Z DEBUG naga::front] Resolving [58] = Constant([6]) : Value(Scalar { kind: Uint, width: 4 })
[2023-07-22T22:01:29Z DEBUG naga::front] Resolving [59] = Binary { op: Greater, left: [57], right: [58] } : Value(Scalar { kind: 
Bool, width: 1 })
[2023-07-22T22:01:29Z DEBUG naga::front] Resolving [60] = Load { pointer: [56] } : Handle([1])
[2023-07-22T22:01:29Z DEBUG naga::front] Resolving [61] = Binary { op: Modulo, left: [1], right: [60] } : Handle([1])
[2023-07-22T22:01:29Z DEBUG naga::front] Resolving [62] = Constant([9]) : Value(Scalar { kind: Uint, width: 4 })
[2023-07-22T22:01:29Z DEBUG naga::front] Resolving [63] = Binary { op: Equal, left: [61], right: [62] } : Value(Scalar { kind: 
Bool, width: 1 })
[2023-07-22T22:01:29Z DEBUG naga::front] Resolving [64] = Load { pointer: [56] } : Handle([1])
[2023-07-22T22:01:29Z DEBUG naga::front] Resolving [65] = Constant([8]) : Value(Scalar { kind: Uint, width: 4 })
[2023-07-22T22:01:29Z DEBUG naga::front] Resolving [66] = Binary { op: Divide, left: [64], right: [65] } : Handle([1])
[2023-07-22T22:01:29Z DEBUG naga::front] Resolving [67] = Constant([6]) : Value(Scalar { kind: Uint, width: 4 })
[2023-07-22T22:01:29Z DEBUG naga::front] Resolving [68] = Binary { op: Subtract, left: [66], right: [67] } : Handle([1])
[2023-07-22T22:01:29Z DEBUG naga::front] Resolving [69] = Load { pointer: [56] } : Handle([1])
[2023-07-22T22:01:29Z DEBUG naga::front] Resolving [70] = Constant([6]) : Value(Scalar { kind: Uint, width: 4 })
[2023-07-22T22:01:29Z DEBUG naga::front] Resolving [71] = Binary { op: Subtract, left: [69], right: [70] } : Handle([1])
[2023-07-22T22:01:29Z DEBUG naga::front] Resolving [72] = Load { pointer: [56] } : Handle([1])
[2023-07-22T22:01:29Z DEBUG naga::front] Resolving [73] = Constant([6]) : Value(Scalar { kind: Uint, width: 4 })
[2023-07-22T22:01:29Z DEBUG naga::front] Resolving [1] = FunctionArgument(0) : Handle([4])
[2023-07-22T22:01:29Z DEBUG naga::front] Resolving [2] = FunctionArgument(1) : Handle([4])
[2023-07-22T22:01:29Z DEBUG naga::front] Resolving [3] = FunctionArgument(2) : Handle([4])
[2023-07-22T22:01:29Z DEBUG naga::front] Resolving [4] = AccessIndex { base: [1], index: 0 } : Value(Scalar { kind: Uint, width: 
4 })
[2023-07-22T22:01:29Z DEBUG naga::front] Resolving [5] = AccessIndex { base: [2], index: 0 } : Value(Scalar { kind: Uint, width: 
4 })
[2023-07-22T22:01:29Z DEBUG naga::front] Resolving [6] = Constant([9]) : Value(Scalar { kind: Uint, width: 4 })
[2023-07-22T22:01:29Z DEBUG naga::front] Resolving [7] = GlobalVariable([1]) : Value(Pointer { base: [2], space: Storage { 
access: LOAD | STORE } })
[2023-07-22T22:01:29Z DEBUG naga::front] Resolving [8] = Constant([11]) : Value(Scalar { kind: Uint, width: 4 })
[2023-07-22T22:01:29Z DEBUG naga::front] Resolving [9] = AccessIndex { base: [7], index: 255 } : Value(Pointer { base: [1], 
space: Storage { access: LOAD | STORE } })
[2023-07-22T22:01:29Z DEBUG naga::front] Resolving [10] = Load { pointer: [9] } : Handle([1])
[2023-07-22T22:01:29Z DEBUG naga::front] Resolving [11] = GlobalVariable([2]) : Value(Pointer { base: [3], space: WorkGroup })
[2023-07-22T22:01:29Z DEBUG naga::front] Resolving [12] = Constant([11]) : Value(Scalar { kind: Uint, width: 4 })
[2023-07-22T22:01:29Z DEBUG naga::front] Resolving [13] = AccessIndex { base: [11], index: 255 } : Value(Pointer { base: [1], 
space: WorkGroup })
[2023-07-22T22:01:29Z DEBUG naga::front] Resolving [14] = Load { pointer: [13] } : Handle([1])
[2023-07-22T22:01:29Z DEBUG naga::front] Resolving [15] = Binary { op: Add, left: [10], right: [14] } : Handle([1])
[2023-07-22T22:01:29Z DEBUG naga::front] Resolving [16] = GlobalVariable([1]) : Value(Pointer { base: [2], space: Storage { 
access: LOAD | STORE } })
[2023-07-22T22:01:29Z DEBUG naga::front] Resolving [17] = Access { base: [16], index: [5] } : Value(Pointer { base: [1], space: 
Storage { access: LOAD | STORE } })
[2023-07-22T22:01:29Z DEBUG naga::front] Resolving [18] = GlobalVariable([2]) : Value(Pointer { base: [3], space: WorkGroup })
[2023-07-22T22:01:29Z DEBUG naga::front] Resolving [19] = Access { base: [18], index: [5] } : Value(Pointer { base: [1], space: 
WorkGroup })
[2023-07-22T22:01:29Z DEBUG naga::front] Resolving [20] = Load { pointer: [19] } : Handle([1])
[2023-07-22T22:01:29Z DEBUG naga::front] Resolving [21] = GlobalVariable([1]) : Value(Pointer { base: [2], space: Storage { 
access: LOAD | STORE } })
[2023-07-22T22:01:29Z DEBUG naga::front] Resolving [22] = ArrayLength([21]) : Value(Scalar { kind: Uint, width: 4 })
[2023-07-22T22:01:29Z DEBUG naga::front] Resolving [23] = Constant([7]) : Value(Scalar { kind: Uint, width: 4 })
[2023-07-22T22:01:29Z DEBUG naga::front] Resolving [24] = Binary { op: Greater, left: [22], right: [23] } : Value(Scalar { kind: 
Bool, width: 1 })
[2023-07-22T22:01:29Z DEBUG naga::front] Resolving [25] = Constant([7]) : Value(Scalar { kind: Uint, width: 4 })
[2023-07-22T22:01:29Z DEBUG naga::front] Resolving [26] = GlobalVariable([1]) : Value(Pointer { base: [2], space: Storage { 
access: LOAD | STORE } })
[2023-07-22T22:01:29Z DEBUG naga::front] Resolving [27] = Constant([13]) : Value(Scalar { kind: Uint, width: 4 })
[2023-07-22T22:01:29Z DEBUG naga::front] Resolving [28] = AccessIndex { base: [26], index: 511 } : Value(Pointer { base: [1], 
space: Storage { access: LOAD | STORE } })
[2023-07-22T22:01:29Z DEBUG naga::front] Resolving [29] = Load { pointer: [28] } : Handle([1])
[2023-07-22T22:01:29Z DEBUG naga::front] Resolving [30] = GlobalVariable([2]) : Value(Pointer { base: [3], space: WorkGroup })
[2023-07-22T22:01:29Z DEBUG naga::front] Resolving [31] = Constant([11]) : Value(Scalar { kind: Uint, width: 4 })
[2023-07-22T22:01:29Z DEBUG naga::front] Resolving [32] = AccessIndex { base: [30], index: 255 } : Value(Pointer { base: [1], 
space: WorkGroup })
[2023-07-22T22:01:29Z DEBUG naga::front] Resolving [33] = Load { pointer: [32] } : Handle([1])
[2023-07-22T22:01:29Z DEBUG naga::front] Resolving [34] = Binary { op: Add, left: [29], right: [33] } : Handle([1])
[2023-07-22T22:01:29Z DEBUG naga::front] Resolving [35] = Binary { op: Add, left: [34], right: [15] } : Handle([1])
[2023-07-22T22:01:29Z DEBUG naga::front] Resolving [36] = GlobalVariable([1]) : Value(Pointer { base: [2], space: Storage { 
access: LOAD | STORE } })
[2023-07-22T22:01:29Z DEBUG naga::front] Resolving [37] = Constant([7]) : Value(Scalar { kind: Uint, width: 4 })
[2023-07-22T22:01:29Z DEBUG naga::front] Resolving [38] = Binary { op: Add, left: [5], right: [37] } : Value(Scalar { kind: Uint, 
width: 4 })
[2023-07-22T22:01:29Z DEBUG naga::front] Resolving [39] = Access { base: [36], index: [38] } : Value(Pointer { base: [1], space: 
Storage { access: LOAD | STORE } })
[2023-07-22T22:01:29Z DEBUG naga::front] Resolving [40] = GlobalVariable([2]) : Value(Pointer { base: [3], space: WorkGroup })
[2023-07-22T22:01:29Z DEBUG naga::front] Resolving [41] = Access { base: [40], index: [5] } : Value(Pointer { base: [1], space: 
WorkGroup })
[2023-07-22T22:01:29Z DEBUG naga::front] Resolving [42] = Load { pointer: [41] } : Handle([1])
[2023-07-22T22:01:29Z DEBUG naga::front] Resolving [43] = Binary { op: Add, left: [42], right: [15] } : Handle([1])
[2023-07-22T22:01:29Z DEBUG naga::front] Resolving [44] = GlobalVariable([1]) : Value(Pointer { base: [2], space: Storage { 
access: LOAD | STORE } })
[2023-07-22T22:01:29Z DEBUG naga::front] Resolving [45] = ArrayLength([44]) : Value(Scalar { kind: Uint, width: 4 })
[2023-07-22T22:01:29Z DEBUG naga::front] Resolving [46] = Constant([14]) : Value(Scalar { kind: Uint, width: 4 })
[2023-07-22T22:01:29Z DEBUG naga::front] Resolving [47] = Binary { op: Greater, left: [45], right: [46] } : Value(Scalar { kind: 
Bool, width: 1 })
[2023-07-22T22:01:29Z DEBUG naga::front] Resolving [48] = Constant([14]) : Value(Scalar { kind: Uint, width: 4 })
[2023-07-22T22:01:29Z DEBUG naga::front] Resolving [49] = GlobalVariable([1]) : Value(Pointer { base: [2], space: Storage { 
access: LOAD | STORE } })
[2023-07-22T22:01:29Z DEBUG naga::front] Resolving [50] = Constant([15]) : Value(Scalar { kind: Uint, width: 4 })
[2023-07-22T22:01:29Z DEBUG naga::front] Resolving [51] = AccessIndex { base: [49], index: 767 } : Value(Pointer { base: [1], 
space: Storage { access: LOAD | STORE } })
[2023-07-22T22:01:29Z DEBUG naga::front] Resolving [52] = Load { pointer: [51] } : Handle([1])
[2023-07-22T22:01:29Z DEBUG naga::front] Resolving [53] = GlobalVariable([2]) : Value(Pointer { base: [3], space: WorkGroup })
[2023-07-22T22:01:29Z DEBUG naga::front] Resolving [54] = Constant([11]) : Value(Scalar { kind: Uint, width: 4 })
[2023-07-22T22:01:29Z DEBUG naga::front] Resolving [55] = AccessIndex { base: [53], index: 255 } : Value(Pointer { base: [1], 
space: WorkGroup })
[2023-07-22T22:01:29Z DEBUG naga::front] Resolving [56] = Load { pointer: [55] } : Handle([1])
[2023-07-22T22:01:29Z DEBUG naga::front] Resolving [57] = Binary { op: Add, left: [52], right: [56] } : Handle([1])
[2023-07-22T22:01:29Z DEBUG naga::front] Resolving [58] = Binary { op: Add, left: [57], right: [35] } : Handle([1])
[2023-07-22T22:01:29Z DEBUG naga::front] Resolving [59] = GlobalVariable([1]) : Value(Pointer { base: [2], space: Storage { 
access: LOAD | STORE } })
[2023-07-22T22:01:29Z DEBUG naga::front] Resolving [60] = Constant([14]) : Value(Scalar { kind: Uint, width: 4 })
[2023-07-22T22:01:29Z DEBUG naga::front] Resolving [61] = Binary { op: Add, left: [5], right: [60] } : Value(Scalar { kind: Uint, 
width: 4 })
[2023-07-22T22:01:29Z DEBUG naga::front] Resolving [62] = Access { base: [59], index: [61] } : Value(Pointer { base: [1], space: 
Storage { access: LOAD | STORE } })
[2023-07-22T22:01:29Z DEBUG naga::front] Resolving [63] = GlobalVariable([2]) : Value(Pointer { base: [3], space: WorkGroup })
[2023-07-22T22:01:29Z DEBUG naga::front] Resolving [64] = Access { base: [63], index: [5] } : Value(Pointer { base: [1], space: 
WorkGroup })
[2023-07-22T22:01:29Z DEBUG naga::front] Resolving [65] = Load { pointer: [64] } : Handle([1])
[2023-07-22T22:01:29Z DEBUG naga::front] Resolving [66] = Binary { op: Add, left: [65], right: [35] } : Handle([1])
[2023-07-22T22:01:29Z DEBUG naga::front] Resolving [67] = GlobalVariable([1]) : Value(Pointer { base: [2], space: Storage { 
access: LOAD | STORE } })
[2023-07-22T22:01:29Z DEBUG naga::front] Resolving [68] = ArrayLength([67]) : Value(Scalar { kind: Uint, width: 4 })
[2023-07-22T22:01:29Z DEBUG naga::front] Resolving [69] = Constant([16]) : Value(Scalar { kind: Uint, width: 4 })
[2023-07-22T22:01:29Z DEBUG naga::front] Resolving [70] = Binary { op: Greater, left: [68], right: [69] } : Value(Scalar { kind: 
Bool, width: 1 })
[2023-07-22T22:01:29Z DEBUG naga::front] Resolving [71] = Constant([16]) : Value(Scalar { kind: Uint, width: 4 })
[2023-07-22T22:01:29Z DEBUG naga::front] Resolving [72] = GlobalVariable([1]) : Value(Pointer { base: [2], space: Storage { 
access: LOAD | STORE } })
[2023-07-22T22:01:29Z DEBUG naga::front] Resolving [73] = Constant([16]) : Value(Scalar { kind: Uint, width: 4 })
[2023-07-22T22:01:29Z DEBUG naga::front] Resolving [74] = Binary { op: Add, left: [5], right: [73] } : Value(Scalar { kind: Uint, 
width: 4 })
[2023-07-22T22:01:29Z DEBUG naga::front] Resolving [75] = Access { base: [72], index: [74] } : Value(Pointer { base: [1], space: 
Storage { access: LOAD | STORE } })
[2023-07-22T22:01:29Z DEBUG naga::front] Resolving [76] = GlobalVariable([2]) : Value(Pointer { base: [3], space: WorkGroup })
[2023-07-22T22:01:29Z DEBUG naga::front] Resolving [77] = Access { base: [76], index: [5] } : Value(Pointer { base: [1], space: 
WorkGroup })
[2023-07-22T22:01:29Z DEBUG naga::front] Resolving [78] = Load { pointer: [77] } : Handle([1])
[2023-07-22T22:01:29Z DEBUG naga::valid::interface] var GlobalVariable { name: Some("block_sums"), space: Storage { access: LOAD 
| STORE }, binding: Some(ResourceBinding { group: 0, binding: 0 }), ty: [2], init: None }
[2023-07-22T22:01:29Z DEBUG naga::valid::interface] var GlobalVariable { name: Some("scratch"), space: WorkGroup, binding: None, 
ty: [3], init: None }
[2023-07-22T22:01:29Z DEBUG naga::valid::function] var LocalVariable { name: Some("i"), ty: [1], init: None }
[2023-07-22T22:01:29Z DEBUG naga::valid::function] var LocalVariable { name: Some("i"), ty: [1], init: None }
[2023-07-22T22:01:29Z DEBUG naga::front] Resolving [1] = FunctionArgument(0) : Handle([2])
[2023-07-22T22:01:29Z DEBUG naga::front] Resolving [2] = Constant([7]) : Value(Scalar { kind: Uint, width: 4 })
[2023-07-22T22:01:29Z DEBUG naga::front] Resolving [3] = LocalVariable([1]) : Value(Pointer { base: [2], space: Function })
[2023-07-22T22:01:29Z DEBUG naga::front] Resolving [4] = GlobalVariable([1]) : Value(Pointer { base: [4], space: Uniform })
[2023-07-22T22:01:29Z DEBUG naga::front] Resolving [5] = AccessIndex { base: [4], index: 0 } : Value(Pointer { base: [2], space: 
Uniform })
[2023-07-22T22:01:29Z DEBUG naga::front] Resolving [6] = Load { pointer: [5] } : Handle([2])
[2023-07-22T22:01:29Z DEBUG naga::front] Resolving [7] = Constant([8]) : Value(Scalar { kind: Uint, width: 4 })
[2023-07-22T22:01:29Z DEBUG naga::front] Resolving [8] = Binary { op: Less, left: [6], right: [7] } : Value(Scalar { kind: Bool, 
width: 1 })
[2023-07-22T22:01:29Z DEBUG naga::front] Resolving [9] = GlobalVariable([1]) : Value(Pointer { base: [4], space: Uniform })
[2023-07-22T22:01:29Z DEBUG naga::front] Resolving [10] = AccessIndex { base: [9], index: 0 } : Value(Pointer { base: [2], space: 
Uniform })
[2023-07-22T22:01:29Z DEBUG naga::front] Resolving [11] = Load { pointer: [10] } : Handle([2])
[2023-07-22T22:01:29Z DEBUG naga::front] Resolving [12] = Constant([9]) : Value(Scalar { kind: Uint, width: 4 })
[2023-07-22T22:01:29Z DEBUG naga::front] Resolving [13] = Binary { op: Modulo, left: [11], right: [12] } : Handle([2])
[2023-07-22T22:01:29Z DEBUG naga::front] Resolving [14] = Constant([10]) : Value(Scalar { kind: Uint, width: 4 })
[2023-07-22T22:01:29Z DEBUG naga::front] Resolving [15] = Binary { op: Equal, left: [13], right: [14] } : Value(Scalar { kind: 
Bool, width: 1 })
[2023-07-22T22:01:29Z DEBUG naga::front] Resolving [16] = GlobalVariable([3]) : Value(Pointer { base: [6], space: Storage { 
access: LOAD | STORE } })
[2023-07-22T22:01:29Z DEBUG naga::front] Resolving [17] = Constant([9]) : Value(Scalar { kind: Uint, width: 4 })
[2023-07-22T22:01:29Z DEBUG naga::front] Resolving [18] = Binary { op: Multiply, left: [17], right: [1] } : Handle([2])
[2023-07-22T22:01:29Z DEBUG naga::front] Resolving [19] = Constant([11]) : Value(Scalar { kind: Uint, width: 4 })
[2023-07-22T22:01:29Z DEBUG naga::front] Resolving [20] = Binary { op: Add, left: [18], right: [19] } : Handle([2])
[2023-07-22T22:01:29Z DEBUG naga::front] Resolving [21] = Access { base: [16], index: [20] } : Value(Pointer { base: [2], space: 
Storage { access: LOAD | STORE } })
[2023-07-22T22:01:29Z DEBUG naga::front] Resolving [22] = Load { pointer: [21] } : Handle([2])
[2023-07-22T22:01:29Z DEBUG naga::front] Resolving [23] = GlobalVariable([1]) : Value(Pointer { base: [4], space: Uniform })
[2023-07-22T22:01:29Z DEBUG naga::front] Resolving [24] = AccessIndex { base: [23], index: 0 } : Value(Pointer { base: [2], 
space: Uniform })
[2023-07-22T22:01:29Z DEBUG naga::front] Resolving [25] = Load { pointer: [24] } : Handle([2])
[2023-07-22T22:01:29Z DEBUG naga::front] Resolving [26] = Constant([12]) : Value(Scalar { kind: Uint, width: 4 })
[2023-07-22T22:01:29Z DEBUG naga::front] Resolving [27] = Binary { op: Multiply, left: [25], right: [26] } : Value(Scalar { kind: 
Uint, width: 4 })
[2023-07-22T22:01:29Z DEBUG naga::front] Resolving [28] = Binary { op: ShiftRight, left: [22], right: [27] } : Handle([2])
[2023-07-22T22:01:29Z DEBUG naga::front] Resolving [29] = Constant([13]) : Value(Scalar { kind: Uint, width: 4 })
[2023-07-22T22:01:29Z DEBUG naga::front] Resolving [30] = Binary { op: And, left: [28], right: [29] } : Handle([2])
[2023-07-22T22:01:29Z DEBUG naga::front] Resolving [31] = GlobalVariable([5]) : Value(Pointer { base: [6], space: Storage { 
access: LOAD | STORE } })
[2023-07-22T22:01:29Z DEBUG naga::front] Resolving [32] = Constant([9]) : Value(Scalar { kind: Uint, width: 4 })
[2023-07-22T22:01:29Z DEBUG naga::front] Resolving [33] = Binary { op: Multiply, left: [32], right: [1] } : Handle([2])
[2023-07-22T22:01:29Z DEBUG naga::front] Resolving [34] = Constant([11]) : Value(Scalar { kind: Uint, width: 4 })
[2023-07-22T22:01:29Z DEBUG naga::front] Resolving [35] = Binary { op: Add, left: [33], right: [34] } : Handle([2])
[2023-07-22T22:01:29Z DEBUG naga::front] Resolving [36] = Access { base: [31], index: [35] } : Value(Pointer { base: [2], space: 
Storage { access: LOAD | STORE } })
[2023-07-22T22:01:29Z DEBUG naga::front] Resolving [37] = Load { pointer: [36] } : Handle([2])
[2023-07-22T22:01:29Z DEBUG naga::front] Resolving [38] = GlobalVariable([1]) : Value(Pointer { base: [4], space: Uniform })
[2023-07-22T22:01:29Z DEBUG naga::front] Resolving [39] = AccessIndex { base: [38], index: 0 } : Value(Pointer { base: [2], 
space: Uniform })
[2023-07-22T22:01:29Z DEBUG naga::front] Resolving [40] = Load { pointer: [39] } : Handle([2])
[2023-07-22T22:01:29Z DEBUG naga::front] Resolving [41] = Constant([12]) : Value(Scalar { kind: Uint, width: 4 })
[2023-07-22T22:01:29Z DEBUG naga::front] Resolving [42] = Binary { op: Multiply, left: [40], right: [41] } : Value(Scalar { kind: 
Uint, width: 4 })
[2023-07-22T22:01:29Z DEBUG naga::front] Resolving [43] = Binary { op: ShiftRight, left: [37], right: [42] } : Handle([2])
[2023-07-22T22:01:29Z DEBUG naga::front] Resolving [44] = Constant([13]) : Value(Scalar { kind: Uint, width: 4 })
[2023-07-22T22:01:29Z DEBUG naga::front] Resolving [45] = Binary { op: And, left: [43], right: [44] } : Handle([2])
[2023-07-22T22:01:29Z DEBUG naga::front] Resolving [46] = GlobalVariable([1]) : Value(Pointer { base: [4], space: Uniform })
[2023-07-22T22:01:29Z DEBUG naga::front] Resolving [47] = AccessIndex { base: [46], index: 0 } : Value(Pointer { base: [2], 
space: Uniform })
[2023-07-22T22:01:29Z DEBUG naga::front] Resolving [48] = Load { pointer: [47] } : Handle([2])
[2023-07-22T22:01:29Z DEBUG naga::front] Resolving [49] = Constant([8]) : Value(Scalar { kind: Uint, width: 4 })
[2023-07-22T22:01:29Z DEBUG naga::front] Resolving [50] = Binary { op: Greater, left: [48], right: [49] } : Value(Scalar { kind: 
Bool, width: 1 })
[2023-07-22T22:01:29Z DEBUG naga::front] Resolving [51] = GlobalVariable([1]) : Value(Pointer { base: [4], space: Uniform })
[2023-07-22T22:01:29Z DEBUG naga::front] Resolving [52] = AccessIndex { base: [51], index: 0 } : Value(Pointer { base: [2], 
space: Uniform })
[2023-07-22T22:01:29Z DEBUG naga::front] Resolving [53] = Load { pointer: [52] } : Handle([2])
[2023-07-22T22:01:29Z DEBUG naga::front] Resolving [54] = Constant([9]) : Value(Scalar { kind: Uint, width: 4 })
[2023-07-22T22:01:29Z DEBUG naga::front] Resolving [55] = Binary { op: Modulo, left: [53], right: [54] } : Handle([2])
[2023-07-22T22:01:29Z DEBUG naga::front] Resolving [56] = Constant([10]) : Value(Scalar { kind: Uint, width: 4 })
[2023-07-22T22:01:29Z DEBUG naga::front] Resolving [57] = Binary { op: Equal, left: [55], right: [56] } : Value(Scalar { kind: 
Bool, width: 1 })
[2023-07-22T22:01:29Z DEBUG naga::front] Resolving [58] = GlobalVariable([3]) : Value(Pointer { base: [6], space: Storage { 
access: LOAD | STORE } })
[2023-07-22T22:01:29Z DEBUG naga::front] Resolving [59] = Constant([9]) : Value(Scalar { kind: Uint, width: 4 })
[2023-07-22T22:01:29Z DEBUG naga::front] Resolving [60] = Binary { op: Multiply, left: [59], right: [1] } : Handle([2])
[2023-07-22T22:01:29Z DEBUG naga::front] Resolving [61] = Access { base: [58], index: [60] } : Value(Pointer { base: [2], space: 
Storage { access: LOAD | STORE } })
[2023-07-22T22:01:29Z DEBUG naga::front] Resolving [62] = Load { pointer: [61] } : Handle([2])
[2023-07-22T22:01:29Z DEBUG naga::front] Resolving [63] = GlobalVariable([1]) : Value(Pointer { base: [4], space: Uniform })
[2023-07-22T22:01:29Z DEBUG naga::front] Resolving [64] = AccessIndex { base: [63], index: 0 } : Value(Pointer { base: [2], 
space: Uniform })
[2023-07-22T22:01:29Z DEBUG naga::front] Resolving [65] = Load { pointer: [64] } : Handle([2])
[2023-07-22T22:01:29Z DEBUG naga::front] Resolving [66] = Constant([12]) : Value(Scalar { kind: Uint, width: 4 })
[2023-07-22T22:01:29Z DEBUG naga::front] Resolving [67] = Binary { op: Multiply, left: [65], right: [66] } : Value(Scalar { kind: 
Uint, width: 4 })
[2023-07-22T22:01:29Z DEBUG naga::front] Resolving [68] = Constant([9]) : Value(Scalar { kind: Uint, width: 4 })
[2023-07-22T22:01:29Z DEBUG naga::front] Resolving [69] = Binary { op: Add, left: [67], right: [68] } : Value(Scalar { kind: 
Uint, width: 4 })
[2023-07-22T22:01:29Z DEBUG naga::front] Resolving [70] = Binary { op: ShiftRight, left: [62], right: [69] } : Handle([2])
[2023-07-22T22:01:29Z DEBUG naga::front] Resolving [71] = Constant([13]) : Value(Scalar { kind: Uint, width: 4 })
[2023-07-22T22:01:29Z DEBUG naga::front] Resolving [72] = Binary { op: And, left: [70], right: [71] } : Handle([2])
[2023-07-22T22:01:29Z DEBUG naga::front] Resolving [73] = GlobalVariable([5]) : Value(Pointer { base: [6], space: Storage { 
access: LOAD | STORE } })
[2023-07-22T22:01:29Z DEBUG naga::front] Resolving [74] = Constant([9]) : Value(Scalar { kind: Uint, width: 4 })
[2023-07-22T22:01:29Z DEBUG naga::front] Resolving [75] = Binary { op: Multiply, left: [74], right: [1] } : Handle([2])
[2023-07-22T22:01:29Z DEBUG naga::front] Resolving [76] = Access { base: [73], index: [75] } : Value(Pointer { base: [2], space: 
Storage { access: LOAD | STORE } })
[2023-07-22T22:01:29Z DEBUG naga::front] Resolving [77] = Load { pointer: [76] } : Handle([2])
[2023-07-22T22:01:29Z DEBUG naga::front] Resolving [78] = GlobalVariable([1]) : Value(Pointer { base: [4], space: Uniform })
[2023-07-22T22:01:29Z DEBUG naga::front] Resolving [79] = AccessIndex { base: [78], index: 0 } : Value(Pointer { base: [2], 
space: Uniform })
[2023-07-22T22:01:29Z DEBUG naga::front] Resolving [80] = Load { pointer: [79] } : Handle([2])
[2023-07-22T22:01:29Z DEBUG naga::front] Resolving [81] = Constant([12]) : Value(Scalar { kind: Uint, width: 4 })
[2023-07-22T22:01:29Z DEBUG naga::front] Resolving [82] = Binary { op: Multiply, left: [80], right: [81] } : Value(Scalar { kind: 
Uint, width: 4 })
[2023-07-22T22:01:29Z DEBUG naga::front] Resolving [83] = Constant([9]) : Value(Scalar { kind: Uint, width: 4 })
[2023-07-22T22:01:29Z DEBUG naga::front] Resolving [84] = Binary { op: Add, left: [82], right: [83] } : Value(Scalar { kind: 
Uint, width: 4 })
[2023-07-22T22:01:29Z DEBUG naga::front] Resolving [85] = Binary { op: ShiftRight, left: [77], right: [84] } : Handle([2])
[2023-07-22T22:01:29Z DEBUG naga::front] Resolving [86] = Constant([13]) : Value(Scalar { kind: Uint, width: 4 })
[2023-07-22T22:01:29Z DEBUG naga::front] Resolving [87] = Binary { op: And, left: [85], right: [86] } : Handle([2])
[2023-07-22T22:01:29Z DEBUG naga::front] Resolving [88] = GlobalVariable([3]) : Value(Pointer { base: [6], space: Storage { 
access: LOAD | STORE } })
[2023-07-22T22:01:29Z DEBUG naga::front] Resolving [89] = Constant([9]) : Value(Scalar { kind: Uint, width: 4 })
[2023-07-22T22:01:29Z DEBUG naga::front] Resolving [90] = Binary { op: Multiply, left: [89], right: [1] } : Handle([2])
[2023-07-22T22:01:29Z DEBUG naga::front] Resolving [91] = Constant([11]) : Value(Scalar { kind: Uint, width: 4 })
[2023-07-22T22:01:29Z DEBUG naga::front] Resolving [92] = Binary { op: Add, left: [90], right: [91] } : Handle([2])
[2023-07-22T22:01:29Z DEBUG naga::front] Resolving [93] = Access { base: [88], index: [92] } : Value(Pointer { base: [2], space: 
Storage { access: LOAD | STORE } })
[2023-07-22T22:01:29Z DEBUG naga::front] Resolving [94] = Load { pointer: [93] } : Handle([2])
[2023-07-22T22:01:29Z DEBUG naga::front] Resolving [95] = Constant([14]) : Value(Scalar { kind: Uint, width: 4 })
[2023-07-22T22:01:29Z DEBUG naga::front] Resolving [96] = Binary { op: ShiftRight, left: [94], right: [95] } : Handle([2])
[2023-07-22T22:01:29Z DEBUG naga::front] Resolving [97] = Constant([15]) : Value(Scalar { kind: Uint, width: 4 })
[2023-07-22T22:01:29Z DEBUG naga::front] Resolving [98] = Binary { op: And, left: [96], right: [97] } : Handle([2])
[2023-07-22T22:01:29Z DEBUG naga::front] Resolving [99] = GlobalVariable([3]) : Value(Pointer { base: [6], space: Storage { 
access: LOAD | STORE } })
[2023-07-22T22:01:29Z DEBUG naga::front] Resolving [100] = Constant([9]) : Value(Scalar { kind: Uint, width: 4 })
[2023-07-22T22:01:29Z DEBUG naga::front] Resolving [101] = Binary { op: Multiply, left: [100], right: [1] } : Handle([2])
[2023-07-22T22:01:29Z DEBUG naga::front] Resolving [102] = Access { base: [99], index: [101] } : Value(Pointer { base: [2], 
space: Storage { access: LOAD | STORE } })
[2023-07-22T22:01:29Z DEBUG naga::front] Resolving [103] = Load { pointer: [102] } : Handle([2])
[2023-07-22T22:01:29Z DEBUG naga::front] Resolving [104] = Constant([16]) : Value(Scalar { kind: Uint, width: 4 })
[2023-07-22T22:01:29Z DEBUG naga::front] Resolving [105] = Binary { op: And, left: [103], right: [104] } : Handle([2])
[2023-07-22T22:01:29Z DEBUG naga::front] Resolving [1] = FunctionArgument(0) : Handle([2])
[2023-07-22T22:01:29Z DEBUG naga::front] Resolving [2] = FunctionArgument(1) : Handle([2])
[2023-07-22T22:01:29Z DEBUG naga::front] Resolving [3] = FunctionArgument(2) : Handle([2])
[2023-07-22T22:01:29Z DEBUG naga::front] Resolving [4] = GlobalVariable([8]) : Value(Pointer { base: [9], space: WorkGroup })
[2023-07-22T22:01:29Z DEBUG naga::front] Resolving [5] = Binary { op: Add, left: [1], right: [2] } : Handle([2])
[2023-07-22T22:01:29Z DEBUG naga::front] Resolving [6] = Access { base: [4], index: [5] } : Value(Pointer { base: [2], space: 
WorkGroup })
[2023-07-22T22:01:29Z DEBUG naga::front] Resolving [7] = Load { pointer: [6] } : Handle([2])
[2023-07-22T22:01:29Z DEBUG naga::front] Resolving [8] = GlobalVariable([8]) : Value(Pointer { base: [9], space: WorkGroup })
[2023-07-22T22:01:29Z DEBUG naga::front] Resolving [9] = Binary { op: Add, left: [1], right: [3] } : Handle([2])
[2023-07-22T22:01:29Z DEBUG naga::front] Resolving [10] = Access { base: [8], index: [9] } : Value(Pointer { base: [2], space: 
WorkGroup })
[2023-07-22T22:01:29Z DEBUG naga::front] Resolving [11] = Load { pointer: [10] } : Handle([2])
[2023-07-22T22:01:29Z DEBUG naga::front] Resolving [12] = GlobalVariable([8]) : Value(Pointer { base: [9], space: WorkGroup })
[2023-07-22T22:01:29Z DEBUG naga::front] Resolving [13] = Binary { op: Add, left: [1], right: [2] } : Handle([2])
[2023-07-22T22:01:29Z DEBUG naga::front] Resolving [14] = Access { base: [12], index: [13] } : Value(Pointer { base: [2], space: 
WorkGroup })
[2023-07-22T22:01:29Z DEBUG naga::front] Resolving [15] = GlobalVariable([8]) : Value(Pointer { base: [9], space: WorkGroup })
[2023-07-22T22:01:29Z DEBUG naga::front] Resolving [16] = Binary { op: Add, left: [1], right: [3] } : Handle([2])
[2023-07-22T22:01:29Z DEBUG naga::front] Resolving [17] = Access { base: [15], index: [16] } : Value(Pointer { base: [2], space: 
WorkGroup })
[2023-07-22T22:01:29Z DEBUG naga::front] Resolving [18] = Load { pointer: [17] } : Handle([2])
[2023-07-22T22:01:29Z DEBUG naga::front] Resolving [1] = FunctionArgument(0) : Handle([2])
[2023-07-22T22:01:29Z DEBUG naga::front] Resolving [2] = FunctionArgument(1) : Handle([2])
[2023-07-22T22:01:29Z DEBUG naga::front] Resolving [3] = FunctionArgument(2) : Handle([2])
[2023-07-22T22:01:29Z DEBUG naga::front] Resolving [4] = FunctionArgument(3) : Handle([2])
[2023-07-22T22:01:29Z DEBUG naga::front] Resolving [5] = GlobalVariable([8]) : Value(Pointer { base: [9], space: WorkGroup })
[2023-07-22T22:01:29Z DEBUG naga::front] Resolving [6] = Access { base: [5], index: [1] } : Value(Pointer { base: [2], space: 
WorkGroup })
[2023-07-22T22:01:29Z DEBUG naga::front] Resolving [7] = Constant([11]) : Value(Scalar { kind: Uint, width: 4 })
[2023-07-22T22:01:29Z DEBUG naga::front] Resolving [8] = LocalVariable([1]) : Value(Pointer { base: [2], space: Function })
[2023-07-22T22:01:29Z DEBUG naga::front] Resolving [9] = Load { pointer: [8] } : Handle([2])
[2023-07-22T22:01:29Z DEBUG naga::front] Resolving [10] = Binary { op: Less, left: [9], right: [4] } : Value(Scalar { kind: Bool, 
width: 1 })
[2023-07-22T22:01:29Z DEBUG naga::front] Resolving [11] = Constant([9]) : Value(Scalar { kind: Uint, width: 4 })
[2023-07-22T22:01:29Z DEBUG naga::front] Resolving [12] = Load { pointer: [8] } : Handle([2])
[2023-07-22T22:01:29Z DEBUG naga::front] Resolving [13] = Binary { op: Multiply, left: [11], right: [12] } : Handle([2])
[2023-07-22T22:01:29Z DEBUG naga::front] Resolving [14] = Binary { op: Modulo, left: [1], right: [13] } : Handle([2])
[2023-07-22T22:01:29Z DEBUG naga::front] Resolving [15] = Constant([10]) : Value(Scalar { kind: Uint, width: 4 })
[2023-07-22T22:01:29Z DEBUG naga::front] Resolving [16] = Binary { op: Equal, left: [14], right: [15] } : Value(Scalar { kind: 
Bool, width: 1 })
[2023-07-22T22:01:29Z DEBUG naga::front] Resolving [17] = GlobalVariable([8]) : Value(Pointer { base: [9], space: WorkGroup })
[2023-07-22T22:01:29Z DEBUG naga::front] Resolving [18] = Constant([9]) : Value(Scalar { kind: Uint, width: 4 })
[2023-07-22T22:01:29Z DEBUG naga::front] Resolving [19] = Load { pointer: [8] } : Handle([2])
[2023-07-22T22:01:29Z DEBUG naga::front] Resolving [20] = Binary { op: Multiply, left: [18], right: [19] } : Handle([2])
[2023-07-22T22:01:29Z DEBUG naga::front] Resolving [21] = Binary { op: Add, left: [1], right: [20] } : Handle([2])
[2023-07-22T22:01:29Z DEBUG naga::front] Resolving [22] = Constant([11]) : Value(Scalar { kind: Uint, width: 4 })
[2023-07-22T22:01:29Z DEBUG naga::front] Resolving [23] = Binary { op: Subtract, left: [21], right: [22] } : Handle([2])
[2023-07-22T22:01:29Z DEBUG naga::front] Resolving [24] = Access { base: [17], index: [23] } : Value(Pointer { base: [2], space: 
WorkGroup })
[2023-07-22T22:01:29Z DEBUG naga::front] Resolving [25] = GlobalVariable([8]) : Value(Pointer { base: [9], space: WorkGroup })
[2023-07-22T22:01:29Z DEBUG naga::front] Resolving [26] = Load { pointer: [8] } : Handle([2])
[2023-07-22T22:01:29Z DEBUG naga::front] Resolving [27] = Binary { op: Add, left: [1], right: [26] } : Handle([2])
[2023-07-22T22:01:29Z DEBUG naga::front] Resolving [28] = Constant([11]) : Value(Scalar { kind: Uint, width: 4 })
[2023-07-22T22:01:29Z DEBUG naga::front] Resolving [29] = Binary { op: Subtract, left: [27], right: [28] } : Handle([2])
[2023-07-22T22:01:29Z DEBUG naga::front] Resolving [30] = Access { base: [25], index: [29] } : Value(Pointer { base: [2], space: 
WorkGroup })
[2023-07-22T22:01:29Z DEBUG naga::front] Resolving [31] = Load { pointer: [30] } : Handle([2])
[2023-07-22T22:01:29Z DEBUG naga::front] Resolving [32] = Load { pointer: [24] } : Handle([2])
[2023-07-22T22:01:29Z DEBUG naga::front] Resolving [33] = Binary { op: Add, left: [32], right: [31] } : Handle([2])
[2023-07-22T22:01:29Z DEBUG naga::front] Resolving [34] = Load { pointer: [8] } : Handle([2])
[2023-07-22T22:01:29Z DEBUG naga::front] Resolving [35] = Constant([11]) : Value(Scalar { kind: Uint, width: 4 })
[2023-07-22T22:01:29Z DEBUG naga::front] Resolving [36] = Binary { op: ShiftLeft, left: [34], right: [35] } : Handle([2])
[2023-07-22T22:01:29Z DEBUG naga::front] Resolving [37] = Binary { op: Modulo, left: [1], right: [4] } : Handle([2])
[2023-07-22T22:01:29Z DEBUG naga::front] Resolving [38] = Constant([10]) : Value(Scalar { kind: Uint, width: 4 })
[2023-07-22T22:01:29Z DEBUG naga::front] Resolving [39] = Binary { op: Equal, left: [37], right: [38] } : Value(Scalar { kind: 
Bool, width: 1 })
[2023-07-22T22:01:29Z DEBUG naga::front] Resolving [40] = GlobalVariable([8]) : Value(Pointer { base: [9], space: WorkGroup })
[2023-07-22T22:01:29Z DEBUG naga::front] Resolving [41] = Constant([9]) : Value(Scalar { kind: Uint, width: 4 })
[2023-07-22T22:01:29Z DEBUG naga::front] Resolving [42] = Binary { op: Divide, left: [4], right: [41] } : Handle([2])
[2023-07-22T22:01:29Z DEBUG naga::front] Resolving [43] = Constant([11]) : Value(Scalar { kind: Uint, width: 4 })
[2023-07-22T22:01:29Z DEBUG naga::front] Resolving [44] = Binary { op: Subtract, left: [42], right: [43] } : Handle([2])
[2023-07-22T22:01:29Z DEBUG naga::front] Resolving [45] = Access { base: [40], index: [44] } : Value(Pointer { base: [2], space: 
WorkGroup })
[2023-07-22T22:01:29Z DEBUG naga::front] Resolving [46] = Load { pointer: [45] } : Handle([2])
[2023-07-22T22:01:29Z DEBUG naga::front] Resolving [47] = GlobalVariable([8]) : Value(Pointer { base: [9], space: WorkGroup })
[2023-07-22T22:01:29Z DEBUG naga::front] Resolving [48] = Constant([9]) : Value(Scalar { kind: Uint, width: 4 })
[2023-07-22T22:01:29Z DEBUG naga::front] Resolving [49] = Binary { op: Divide, left: [4], right: [48] } : Handle([2])
[2023-07-22T22:01:29Z DEBUG naga::front] Resolving [50] = Constant([11]) : Value(Scalar { kind: Uint, width: 4 })
[2023-07-22T22:01:29Z DEBUG naga::front] Resolving [51] = Binary { op: Subtract, left: [49], right: [50] } : Handle([2])
[2023-07-22T22:01:29Z DEBUG naga::front] Resolving [52] = Access { base: [47], index: [51] } : Value(Pointer { base: [2], space: 
WorkGroup })
[2023-07-22T22:01:29Z DEBUG naga::front] Resolving [53] = Constant([10]) : Value(Scalar { kind: Uint, width: 4 })
[2023-07-22T22:01:29Z DEBUG naga::front] Resolving [54] = GlobalVariable([8]) : Value(Pointer { base: [9], space: WorkGroup })
[2023-07-22T22:01:29Z DEBUG naga::front] Resolving [55] = Constant([11]) : Value(Scalar { kind: Uint, width: 4 })
[2023-07-22T22:01:29Z DEBUG naga::front] Resolving [56] = Binary { op: Subtract, left: [4], right: [55] } : Handle([2])
[2023-07-22T22:01:29Z DEBUG naga::front] Resolving [57] = Access { base: [54], index: [56] } : Value(Pointer { base: [2], space: 
WorkGroup })
[2023-07-22T22:01:29Z DEBUG naga::front] Resolving [58] = Constant([9]) : Value(Scalar { kind: Uint, width: 4 })
[2023-07-22T22:01:29Z DEBUG naga::front] Resolving [59] = Binary { op: Divide, left: [4], right: [58] } : Handle([2])
[2023-07-22T22:01:29Z DEBUG naga::front] Resolving [60] = LocalVariable([2]) : Value(Pointer { base: [2], space: Function })
[2023-07-22T22:01:29Z DEBUG naga::front] Resolving [61] = Load { pointer: [60] } : Handle([2])
[2023-07-22T22:01:29Z DEBUG naga::front] Resolving [62] = Constant([11]) : Value(Scalar { kind: Uint, width: 4 })
[2023-07-22T22:01:29Z DEBUG naga::front] Resolving [63] = Binary { op: Greater, left: [61], right: [62] } : Value(Scalar { kind: 
Bool, width: 1 })
[2023-07-22T22:01:29Z DEBUG naga::front] Resolving [64] = Load { pointer: [60] } : Handle([2])
[2023-07-22T22:01:29Z DEBUG naga::front] Resolving [65] = Binary { op: Modulo, left: [1], right: [64] } : Handle([2])
[2023-07-22T22:01:29Z DEBUG naga::front] Resolving [66] = Constant([10]) : Value(Scalar { kind: Uint, width: 4 })
[2023-07-22T22:01:29Z DEBUG naga::front] Resolving [67] = Binary { op: Equal, left: [65], right: [66] } : Value(Scalar { kind: 
Bool, width: 1 })
[2023-07-22T22:01:29Z DEBUG naga::front] Resolving [68] = Load { pointer: [60] } : Handle([2])
[2023-07-22T22:01:29Z DEBUG naga::front] Resolving [69] = Constant([9]) : Value(Scalar { kind: Uint, width: 4 })
[2023-07-22T22:01:29Z DEBUG naga::front] Resolving [70] = Binary { op: Divide, left: [68], right: [69] } : Handle([2])
[2023-07-22T22:01:29Z DEBUG naga::front] Resolving [71] = Constant([11]) : Value(Scalar { kind: Uint, width: 4 })
[2023-07-22T22:01:29Z DEBUG naga::front] Resolving [72] = Binary { op: Subtract, left: [70], right: [71] } : Handle([2])
[2023-07-22T22:01:29Z DEBUG naga::front] Resolving [73] = Load { pointer: [60] } : Handle([2])
[2023-07-22T22:01:29Z DEBUG naga::front] Resolving [74] = Constant([11]) : Value(Scalar { kind: Uint, width: 4 })
[2023-07-22T22:01:29Z DEBUG naga::front] Resolving [75] = Binary { op: Subtract, left: [73], right: [74] } : Handle([2])
[2023-07-22T22:01:29Z DEBUG naga::front] Resolving [76] = Load { pointer: [60] } : Handle([2])
[2023-07-22T22:01:29Z DEBUG naga::front] Resolving [77] = Constant([11]) : Value(Scalar { kind: Uint, width: 4 })
[2023-07-22T22:01:29Z DEBUG naga::front] Resolving [1] = FunctionArgument(0) : Handle([2])
[2023-07-22T22:01:29Z DEBUG naga::front] Resolving [2] = FunctionArgument(1) : Handle([2])
[2023-07-22T22:01:29Z DEBUG naga::front] Resolving [3] = Binary { op: Add, left: [1], right: [2] } : Handle([2])
[2023-07-22T22:01:29Z DEBUG naga::front] Resolving [4] = Constant([11]) : Value(Scalar { kind: Uint, width: 4 })
[2023-07-22T22:01:29Z DEBUG naga::front] Resolving [5] = Binary { op: Subtract, left: [3], right: [4] } : Handle([2])
[2023-07-22T22:01:29Z DEBUG naga::front] Resolving [1] = FunctionArgument(0) : Handle([2])
[2023-07-22T22:01:29Z DEBUG naga::front] Resolving [2] = FunctionArgument(1) : Handle([2])
[2023-07-22T22:01:29Z DEBUG naga::front] Resolving [3] = FunctionArgument(2) : Handle([2])
[2023-07-22T22:01:29Z DEBUG naga::front] Resolving [4] = GlobalVariable([9]) : Value(Pointer { base: [10], space: WorkGroup })
[2023-07-22T22:01:29Z DEBUG naga::front] Resolving [5] = Access { base: [4], index: [2] } : Value(Pointer { base: [2], space: 
WorkGroup })
[2023-07-22T22:01:29Z DEBUG naga::front] Resolving [6] = Load { pointer: [5] } : Handle([2])
[2023-07-22T22:01:29Z DEBUG naga::front] Resolving [7] = GlobalVariable([9]) : Value(Pointer { base: [10], space: WorkGroup })
[2023-07-22T22:01:29Z DEBUG naga::front] Resolving [8] = Access { base: [7], index: [3] } : Value(Pointer { base: [2], space: 
WorkGroup })
[2023-07-22T22:01:29Z DEBUG naga::front] Resolving [9] = Load { pointer: [8] } : Handle([2])
[2023-07-22T22:01:29Z DEBUG naga::front] Resolving [10] = Binary { op: Greater, left: [6], right: [9] } : Value(Scalar { kind: 
Bool, width: 1 })
[2023-07-22T22:01:29Z DEBUG naga::front] Resolving [11] = Constant([17]) : Value(Scalar { kind: Uint, width: 4 })
[2023-07-22T22:01:29Z DEBUG naga::front] Resolving [12] = Binary { op: Less, left: [1], right: [11] } : Value(Scalar { kind: 
Bool, width: 1 })
[2023-07-22T22:01:29Z DEBUG naga::front] Resolving [13] = GlobalVariable([9]) : Value(Pointer { base: [10], space: WorkGroup })
[2023-07-22T22:01:29Z DEBUG naga::front] Resolving [14] = Access { base: [13], index: [3] } : Value(Pointer { base: [2], space: 
WorkGroup })
[2023-07-22T22:01:29Z DEBUG naga::front] Resolving [15] = Load { pointer: [14] } : Handle([2])
[2023-07-22T22:01:29Z DEBUG naga::front] Resolving [16] = GlobalVariable([9]) : Value(Pointer { base: [10], space: WorkGroup })
[2023-07-22T22:01:29Z DEBUG naga::front] Resolving [17] = Access { base: [16], index: [3] } : Value(Pointer { base: [2], space: 
WorkGroup })
[2023-07-22T22:01:29Z DEBUG naga::front] Resolving [18] = GlobalVariable([9]) : Value(Pointer { base: [10], space: WorkGroup })
[2023-07-22T22:01:29Z DEBUG naga::front] Resolving [19] = Access { base: [18], index: [2] } : Value(Pointer { base: [2], space: 
WorkGroup })
[2023-07-22T22:01:29Z DEBUG naga::front] Resolving [20] = Load { pointer: [19] } : Handle([2])
[2023-07-22T22:01:29Z DEBUG naga::front] Resolving [21] = GlobalVariable([9]) : Value(Pointer { base: [10], space: WorkGroup })
[2023-07-22T22:01:29Z DEBUG naga::front] Resolving [22] = Access { base: [21], index: [2] } : Value(Pointer { base: [2], space: 
WorkGroup })
[2023-07-22T22:01:29Z DEBUG naga::front] Resolving [23] = GlobalVariable([10]) : Value(Pointer { base: [2], space: Private })
[2023-07-22T22:01:29Z DEBUG naga::front] Resolving [24] = Load { pointer: [23] } : Handle([2])
[2023-07-22T22:01:29Z DEBUG naga::front] Resolving [1] = FunctionArgument(0) : Handle([2])
[2023-07-22T22:01:29Z DEBUG naga::front] Resolving [2] = FunctionArgument(1) : Handle([2])
[2023-07-22T22:01:29Z DEBUG naga::front] Resolving [3] = Constant([9]) : Value(Scalar { kind: Uint, width: 4 })
[2023-07-22T22:01:29Z DEBUG naga::front] Resolving [4] = Binary { op: Multiply, left: [1], right: [3] } : Value(Scalar { kind: 
Uint, width: 4 })
[2023-07-22T22:01:29Z DEBUG naga::front] Resolving [5] = Binary { op: Divide, left: [4], right: [2] } : Value(Scalar { kind: 
Uint, width: 4 })
[2023-07-22T22:01:29Z DEBUG naga::front] Resolving [6] = Binary { op: Multiply, left: [5], right: [2] } : Handle([2])
[2023-07-22T22:01:29Z DEBUG naga::front] Resolving [7] = Constant([9]) : Value(Scalar { kind: Uint, width: 4 })
[2023-07-22T22:01:29Z DEBUG naga::front] Resolving [8] = Binary { op: Divide, left: [2], right: [7] } : Handle([2])
[2023-07-22T22:01:29Z DEBUG naga::front] Resolving [9] = Binary { op: Modulo, left: [1], right: [8] } : Handle([2])
[2023-07-22T22:01:29Z DEBUG naga::front] Resolving [10] = Binary { op: Add, left: [6], right: [9] } : Handle([2])
[2023-07-22T22:01:29Z DEBUG naga::front] Resolving [11] = Binary { op: Add, left: [6], right: [2] } : Handle([2])
[2023-07-22T22:01:29Z DEBUG naga::front] Resolving [12] = Constant([11]) : Value(Scalar { kind: Uint, width: 4 })
[2023-07-22T22:01:29Z DEBUG naga::front] Resolving [13] = Binary { op: Subtract, left: [11], right: [12] } : Handle([2])
[2023-07-22T22:01:29Z DEBUG naga::front] Resolving [14] = Constant([9]) : Value(Scalar { kind: Uint, width: 4 })
[2023-07-22T22:01:29Z DEBUG naga::front] Resolving [15] = Binary { op: Divide, left: [2], right: [14] } : Handle([2])
[2023-07-22T22:01:29Z DEBUG naga::front] Resolving [16] = Binary { op: Modulo, left: [1], right: [15] } : Handle([2])
[2023-07-22T22:01:29Z DEBUG naga::front] Resolving [1] = FunctionArgument(0) : Handle([2])
[2023-07-22T22:01:29Z DEBUG naga::front] Resolving [2] = FunctionArgument(1) : Handle([2])
[2023-07-22T22:01:29Z DEBUG naga::front] Resolving [3] = Constant([9]) : Value(Scalar { kind: Uint, width: 4 })
[2023-07-22T22:01:29Z DEBUG naga::front] Resolving [4] = Binary { op: Multiply, left: [1], right: [3] } : Value(Scalar { kind: 
Uint, width: 4 })
[2023-07-22T22:01:29Z DEBUG naga::front] Resolving [5] = Binary { op: Divide, left: [4], right: [2] } : Value(Scalar { kind: 
Uint, width: 4 })
[2023-07-22T22:01:29Z DEBUG naga::front] Resolving [6] = Binary { op: Multiply, left: [5], right: [2] } : Handle([2])
[2023-07-22T22:01:29Z DEBUG naga::front] Resolving [7] = Constant([9]) : Value(Scalar { kind: Uint, width: 4 })
[2023-07-22T22:01:29Z DEBUG naga::front] Resolving [8] = Binary { op: Divide, left: [2], right: [7] } : Handle([2])
[2023-07-22T22:01:29Z DEBUG naga::front] Resolving [9] = Binary { op: Modulo, left: [1], right: [8] } : Handle([2])
[2023-07-22T22:01:29Z DEBUG naga::front] Resolving [10] = Binary { op: Add, left: [6], right: [9] } : Handle([2])
[2023-07-22T22:01:29Z DEBUG naga::front] Resolving [11] = Constant([9]) : Value(Scalar { kind: Uint, width: 4 })
[2023-07-22T22:01:29Z DEBUG naga::front] Resolving [12] = Binary { op: Divide, left: [2], right: [11] } : Handle([2])
[2023-07-22T22:01:29Z DEBUG naga::front] Resolving [13] = Binary { op: Modulo, left: [1], right: [12] } : Handle([2])
[2023-07-22T22:01:29Z DEBUG naga::front] Resolving [14] = Binary { op: Add, left: [6], right: [13] } : Handle([2])
[2023-07-22T22:01:29Z DEBUG naga::front] Resolving [15] = Constant([9]) : Value(Scalar { kind: Uint, width: 4 })
[2023-07-22T22:01:29Z DEBUG naga::front] Resolving [16] = Binary { op: Divide, left: [2], right: [15] } : Handle([2])
[2023-07-22T22:01:29Z DEBUG naga::front] Resolving [1] = FunctionArgument(0) : Handle([2])
[2023-07-22T22:01:29Z DEBUG naga::front] Resolving [2] = Constant([9]) : Value(Scalar { kind: Uint, width: 4 })
[2023-07-22T22:01:29Z DEBUG naga::front] Resolving [3] = LocalVariable([1]) : Value(Pointer { base: [2], space: Function })
[2023-07-22T22:01:29Z DEBUG naga::front] Resolving [4] = Load { pointer: [3] } : Handle([2])
[2023-07-22T22:01:29Z DEBUG naga::front] Resolving [5] = Constant([18]) : Value(Scalar { kind: Uint, width: 4 })
[2023-07-22T22:01:29Z DEBUG naga::front] Resolving [6] = Binary { op: LessEqual, left: [4], right: [5] } : Value(Scalar { kind: 
Bool, width: 1 })
[2023-07-22T22:01:29Z DEBUG naga::front] Resolving [7] = Load { pointer: [3] } : Handle([2])
[2023-07-22T22:01:29Z DEBUG naga::front] Resolving [8] = Load { pointer: [3] } : Handle([2])
[2023-07-22T22:01:29Z DEBUG naga::front] Resolving [9] = Constant([9]) : Value(Scalar { kind: Uint, width: 4 })
[2023-07-22T22:01:29Z DEBUG naga::front] Resolving [10] = Binary { op: Divide, left: [8], right: [9] } : Handle([2])
[2023-07-22T22:01:29Z DEBUG naga::front] Resolving [11] = LocalVariable([2]) : Value(Pointer { base: [2], space: Function })
[2023-07-22T22:01:29Z DEBUG naga::front] Resolving [12] = Load { pointer: [11] } : Handle([2])
[2023-07-22T22:01:29Z DEBUG naga::front] Resolving [13] = Constant([11]) : Value(Scalar { kind: Uint, width: 4 })
[2023-07-22T22:01:29Z DEBUG naga::front] Resolving [14] = Binary { op: Greater, left: [12], right: [13] } : Value(Scalar { kind: 
Bool, width: 1 })
[2023-07-22T22:01:29Z DEBUG naga::front] Resolving [15] = Load { pointer: [11] } : Handle([2])
[2023-07-22T22:01:29Z DEBUG naga::front] Resolving [16] = Constant([9]) : Value(Scalar { kind: Uint, width: 4 })
[2023-07-22T22:01:29Z DEBUG naga::front] Resolving [17] = Load { pointer: [3] } : Handle([2])
[2023-07-22T22:01:29Z DEBUG naga::front] Resolving [1] = FunctionArgument(0) : Handle([1])
[2023-07-22T22:01:29Z DEBUG naga::front] Resolving [2] = FunctionArgument(1) : Handle([1])
[2023-07-22T22:01:29Z DEBUG naga::front] Resolving [3] = FunctionArgument(2) : Handle([1])
[2023-07-22T22:01:29Z DEBUG naga::front] Resolving [4] = AccessIndex { base: [1], index: 0 } : Value(Scalar { kind: Uint, width: 
4 })
[2023-07-22T22:01:29Z DEBUG naga::front] Resolving [5] = AccessIndex { base: [2], index: 0 } : Value(Scalar { kind: Uint, width: 
4 })
[2023-07-22T22:01:29Z DEBUG naga::front] Resolving [6] = GlobalVariable([10]) : Value(Pointer { base: [2], space: Private })
[2023-07-22T22:01:29Z DEBUG naga::front] Resolving [7] = GlobalVariable([3]) : Value(Pointer { base: [6], space: Storage { 
access: LOAD | STORE } })
[2023-07-22T22:01:29Z DEBUG naga::front] Resolving [8] = ArrayLength([7]) : Value(Scalar { kind: Uint, width: 4 })
[2023-07-22T22:01:29Z DEBUG naga::front] Resolving [9] = Constant([9]) : Value(Scalar { kind: Uint, width: 4 })
[2023-07-22T22:01:29Z DEBUG naga::front] Resolving [10] = Binary { op: Divide, left: [8], right: [9] } : Value(Scalar { kind: 
Uint, width: 4 })
[2023-07-22T22:01:29Z DEBUG naga::front] Resolving [11] = Constant([19]) : Value(Scalar { kind: Uint, width: 4 })
[2023-07-22T22:01:29Z DEBUG naga::front] Resolving [12] = LocalVariable([1]) : Value(Pointer { base: [2], space: Function })
[2023-07-22T22:01:29Z DEBUG naga::front] Resolving [13] = Binary { op: Less, left: [4], right: [10] } : Value(Scalar { kind: 
Bool, width: 1 })
[2023-07-22T22:01:29Z DEBUG naga::front] Resolving [14] = CallResult([1]) : Handle([2])
[2023-07-22T22:01:29Z DEBUG naga::front] Resolving [15] = Load { pointer: [12] } : Handle([2])
[2023-07-22T22:01:29Z DEBUG naga::front] Resolving [16] = Constant([20]) : Value(Scalar { kind: Uint, width: 4 })
[2023-07-22T22:01:29Z DEBUG naga::front] Resolving [17] = Binary { op: ShiftLeft, left: [15], right: [16] } : Handle([2])
[2023-07-22T22:01:29Z DEBUG naga::front] Resolving [18] = Binary { op: InclusiveOr, left: [17], right: [5] } : Handle([2])
[2023-07-22T22:01:29Z DEBUG naga::front] Resolving [19] = GlobalVariable([9]) : Value(Pointer { base: [10], space: WorkGroup })
[2023-07-22T22:01:29Z DEBUG naga::front] Resolving [20] = Access { base: [19], index: [5] } : Value(Pointer { base: [2], space: 
WorkGroup })
[2023-07-22T22:01:29Z DEBUG naga::front] Resolving [21] = Binary { op: Less, left: [4], right: [10] } : Value(Scalar { kind: 
Bool, width: 1 })
[2023-07-22T22:01:29Z DEBUG naga::front] Resolving [22] = GlobalVariable([7]) : Value(Pointer { base: [8], space: WorkGroup })
[2023-07-22T22:01:29Z DEBUG naga::front] Resolving [23] = Load { pointer: [12] } : Handle([2])
[2023-07-22T22:01:29Z DEBUG naga::front] Resolving [24] = Access { base: [22], index: [23] } : Value(Pointer { base: [7], space: 
WorkGroup })
[2023-07-22T22:01:29Z DEBUG naga::front] Resolving [25] = Constant([11]) : Value(Scalar { kind: Uint, width: 4 })
[2023-07-22T22:01:29Z DEBUG naga::front] Resolving [26] = AtomicResult { ty: [2], comparison: false } : Handle([2])
[2023-07-22T22:01:29Z DEBUG naga::front] Resolving [27] = Constant([7]) : Value(Scalar { kind: Uint, width: 4 })
[2023-07-22T22:01:29Z DEBUG naga::front] Resolving [28] = Binary { op: Less, left: [5], right: [27] } : Value(Scalar { kind: 
Bool, width: 1 })
[2023-07-22T22:01:29Z DEBUG naga::front] Resolving [29] = GlobalVariable([7]) : Value(Pointer { base: [8], space: WorkGroup })
[2023-07-22T22:01:29Z DEBUG naga::front] Resolving [30] = Access { base: [29], index: [5] } : Value(Pointer { base: [7], space: 
WorkGroup })
[2023-07-22T22:01:29Z DEBUG naga::front] Resolving [31] = Load { pointer: [30] } : Value(Scalar { kind: Uint, width: 4 })
[2023-07-22T22:01:29Z DEBUG naga::front] Resolving [32] = Constant([7]) : Value(Scalar { kind: Uint, width: 4 })
[2023-07-22T22:01:29Z DEBUG naga::front] Resolving [33] = Binary { op: Less, left: [4], right: [10] } : Value(Scalar { kind: 
Bool, width: 1 })
[2023-07-22T22:01:29Z DEBUG naga::front] Resolving [34] = Constant([18]) : Value(Scalar { kind: Uint, width: 4 })
[2023-07-22T22:01:29Z DEBUG naga::front] Resolving [35] = Binary { op: Divide, left: [4], right: [34] } : Value(Scalar { kind: 
Uint, width: 4 })
[2023-07-22T22:01:29Z DEBUG naga::front] Resolving [36] = GlobalVariable([10]) : Value(Pointer { base: [2], space: Private })
[2023-07-22T22:01:29Z DEBUG naga::front] Resolving [37] = Load { pointer: [36] } : Handle([2])
[2023-07-22T22:01:29Z DEBUG naga::front] Resolving [38] = GlobalVariable([8]) : Value(Pointer { base: [9], space: WorkGroup })
[2023-07-22T22:01:29Z DEBUG naga::front] Resolving [39] = Load { pointer: [12] } : Handle([2])
[2023-07-22T22:01:29Z DEBUG naga::front] Resolving [40] = Access { base: [38], index: [39] } : Value(Pointer { base: [2], space: 
WorkGroup })
[2023-07-22T22:01:29Z DEBUG naga::front] Resolving [41] = Load { pointer: [40] } : Handle([2])
[2023-07-22T22:01:29Z DEBUG naga::front] Resolving [42] = Binary { op: Subtract, left: [37], right: [41] } : Handle([2])
[2023-07-22T22:01:29Z DEBUG naga::front] Resolving [43] = GlobalVariable([6]) : Value(Pointer { base: [6], space: Storage { 
access: LOAD | STORE } })
[2023-07-22T22:01:29Z DEBUG naga::front] Resolving [44] = Constant([18]) : Value(Scalar { kind: Uint, width: 4 })
[2023-07-22T22:01:29Z DEBUG naga::front] Resolving [45] = CallResult([4]) : Handle([2])
[2023-07-22T22:01:29Z DEBUG naga::front] Resolving [46] = Constant([21]) : Value(Scalar { kind: Uint, width: 4 })
[2023-07-22T22:01:29Z DEBUG naga::front] Resolving [47] = Binary { op: Multiply, left: [45], right: [46] } : Value(Scalar { kind: 
Uint, width: 4 })
[2023-07-22T22:01:29Z DEBUG naga::front] Resolving [48] = Binary { op: Multiply, left: [47], right: [5] } : Value(Scalar { kind: 
Uint, width: 4 })
[2023-07-22T22:01:29Z DEBUG naga::front] Resolving [49] = Binary { op: Add, left: [48], right: [35] } : Value(Scalar { kind: 
Uint, width: 4 })
[2023-07-22T22:01:29Z DEBUG naga::front] Resolving [50] = Access { base: [43], index: [49] } : Value(Pointer { base: [2], space: 
Storage { access: LOAD | STORE } })
[2023-07-22T22:01:29Z DEBUG naga::front] Resolving [51] = Load { pointer: [50] } : Handle([2])
[2023-07-22T22:01:29Z DEBUG naga::front] Resolving [52] = Binary { op: Add, left: [42], right: [51] } : Handle([2])
[2023-07-22T22:01:29Z DEBUG naga::front] Resolving [53] = GlobalVariable([1]) : Value(Pointer { base: [4], space: Uniform })
[2023-07-22T22:01:29Z DEBUG naga::front] Resolving [54] = AccessIndex { base: [53], index: 0 } : Value(Pointer { base: [2], 
space: Uniform })
[2023-07-22T22:01:29Z DEBUG naga::front] Resolving [55] = Load { pointer: [54] } : Handle([2])
[2023-07-22T22:01:29Z DEBUG naga::front] Resolving [56] = Constant([9]) : Value(Scalar { kind: Uint, width: 4 })
[2023-07-22T22:01:29Z DEBUG naga::front] Resolving [57] = Binary { op: Modulo, left: [55], right: [56] } : Handle([2])
[2023-07-22T22:01:29Z DEBUG naga::front] Resolving [58] = Constant([10]) : Value(Scalar { kind: Uint, width: 4 })
[2023-07-22T22:01:29Z DEBUG naga::front] Resolving [59] = Binary { op: Equal, left: [57], right: [58] } : Value(Scalar { kind: 
Bool, width: 1 })
[2023-07-22T22:01:29Z DEBUG naga::front] Resolving [60] = GlobalVariable([5]) : Value(Pointer { base: [6], space: Storage { 
access: LOAD | STORE } })
[2023-07-22T22:01:29Z DEBUG naga::front] Resolving [61] = Constant([9]) : Value(Scalar { kind: Uint, width: 4 })
[2023-07-22T22:01:29Z DEBUG naga::front] Resolving [62] = Binary { op: Multiply, left: [52], right: [61] } : Value(Scalar { kind: 
Uint, width: 4 })
[2023-07-22T22:01:29Z DEBUG naga::front] Resolving [63] = Access { base: [60], index: [62] } : Value(Pointer { base: [2], space: 
Storage { access: LOAD | STORE } })
[2023-07-22T22:01:29Z DEBUG naga::front] Resolving [64] = GlobalVariable([3]) : Value(Pointer { base: [6], space: Storage { 
access: LOAD | STORE } })
[2023-07-22T22:01:29Z DEBUG naga::front] Resolving [65] = Constant([9]) : Value(Scalar { kind: Uint, width: 4 })
[2023-07-22T22:01:29Z DEBUG naga::front] Resolving [66] = Binary { op: Multiply, left: [4], right: [65] } : Value(Scalar { kind: 
Uint, width: 4 })
[2023-07-22T22:01:29Z DEBUG naga::front] Resolving [67] = Access { base: [64], index: [66] } : Value(Pointer { base: [2], space: 
Storage { access: LOAD | STORE } })
[2023-07-22T22:01:29Z DEBUG naga::front] Resolving [68] = Load { pointer: [67] } : Handle([2])
[2023-07-22T22:01:29Z DEBUG naga::front] Resolving [69] = GlobalVariable([5]) : Value(Pointer { base: [6], space: Storage { 
access: LOAD | STORE } })
[2023-07-22T22:01:29Z DEBUG naga::front] Resolving [70] = Constant([9]) : Value(Scalar { kind: Uint, width: 4 })
[2023-07-22T22:01:29Z DEBUG naga::front] Resolving [71] = Binary { op: Multiply, left: [52], right: [70] } : Value(Scalar { kind: 
Uint, width: 4 })
[2023-07-22T22:01:29Z DEBUG naga::front] Resolving [72] = Constant([11]) : Value(Scalar { kind: Uint, width: 4 })
[2023-07-22T22:01:29Z DEBUG naga::front] Resolving [73] = Binary { op: Add, left: [71], right: [72] } : Value(Scalar { kind: 
Uint, width: 4 })
[2023-07-22T22:01:29Z DEBUG naga::front] Resolving [74] = Access { base: [69], index: [73] } : Value(Pointer { base: [2], space: 
Storage { access: LOAD | STORE } })
[2023-07-22T22:01:29Z DEBUG naga::front] Resolving [75] = GlobalVariable([3]) : Value(Pointer { base: [6], space: Storage { 
access: LOAD | STORE } })
[2023-07-22T22:01:29Z DEBUG naga::front] Resolving [76] = Constant([9]) : Value(Scalar { kind: Uint, width: 4 })
[2023-07-22T22:01:29Z DEBUG naga::front] Resolving [77] = Binary { op: Multiply, left: [4], right: [76] } : Value(Scalar { kind: 
Uint, width: 4 })
[2023-07-22T22:01:29Z DEBUG naga::front] Resolving [78] = Constant([11]) : Value(Scalar { kind: Uint, width: 4 })
[2023-07-22T22:01:29Z DEBUG naga::front] Resolving [79] = Binary { op: Add, left: [77], right: [78] } : Value(Scalar { kind: 
Uint, width: 4 })
[2023-07-22T22:01:29Z DEBUG naga::front] Resolving [80] = Access { base: [75], index: [79] } : Value(Pointer { base: [2], space: 
Storage { access: LOAD | STORE } })
[2023-07-22T22:01:29Z DEBUG naga::front] Resolving [81] = Load { pointer: [80] } : Handle([2])
[2023-07-22T22:01:29Z DEBUG naga::front] Resolving [82] = GlobalVariable([4]) : Value(Pointer { base: [5], space: Storage { 
access: LOAD | STORE } })
[2023-07-22T22:01:29Z DEBUG naga::front] Resolving [83] = Access { base: [82], index: [52] } : Value(Pointer { base: [3], space: 
Storage { access: LOAD | STORE } })
[2023-07-22T22:01:29Z DEBUG naga::front] Resolving [84] = GlobalVariable([2]) : Value(Pointer { base: [5], space: Storage { 
access: LOAD | STORE } })
[2023-07-22T22:01:29Z DEBUG naga::front] Resolving [85] = Access { base: [84], index: [4] } : Value(Pointer { base: [3], space: 
Storage { access: LOAD | STORE } })
[2023-07-22T22:01:29Z DEBUG naga::front] Resolving [86] = Load { pointer: [85] } : Handle([3])
[2023-07-22T22:01:29Z DEBUG naga::front] Resolving [87] = GlobalVariable([3]) : Value(Pointer { base: [6], space: Storage { 
access: LOAD | STORE } })
[2023-07-22T22:01:29Z DEBUG naga::front] Resolving [88] = Constant([9]) : Value(Scalar { kind: Uint, width: 4 })
[2023-07-22T22:01:29Z DEBUG naga::front] Resolving [89] = Binary { op: Multiply, left: [52], right: [88] } : Value(Scalar { kind: 
Uint, width: 4 })
[2023-07-22T22:01:29Z DEBUG naga::front] Resolving [90] = Access { base: [87], index: [89] } : Value(Pointer { base: [2], space: 
Storage { access: LOAD | STORE } })
[2023-07-22T22:01:29Z DEBUG naga::front] Resolving [91] = GlobalVariable([5]) : Value(Pointer { base: [6], space: Storage { 
access: LOAD | STORE } })
[2023-07-22T22:01:29Z DEBUG naga::front] Resolving [92] = Constant([9]) : Value(Scalar { kind: Uint, width: 4 })
[2023-07-22T22:01:29Z DEBUG naga::front] Resolving [93] = Binary { op: Multiply, left: [4], right: [92] } : Value(Scalar { kind: 
Uint, width: 4 })
[2023-07-22T22:01:29Z DEBUG naga::front] Resolving [94] = Access { base: [91], index: [93] } : Value(Pointer { base: [2], space: 
Storage { access: LOAD | STORE } })
[2023-07-22T22:01:29Z DEBUG naga::front] Resolving [95] = Load { pointer: [94] } : Handle([2])
[2023-07-22T22:01:29Z DEBUG naga::front] Resolving [96] = GlobalVariable([3]) : Value(Pointer { base: [6], space: Storage { 
access: LOAD | STORE } })
[2023-07-22T22:01:29Z DEBUG naga::front] Resolving [97] = Constant([9]) : Value(Scalar { kind: Uint, width: 4 })
[2023-07-22T22:01:29Z DEBUG naga::front] Resolving [98] = Binary { op: Multiply, left: [52], right: [97] } : Value(Scalar { kind: 
Uint, width: 4 })
[2023-07-22T22:01:29Z DEBUG naga::front] Resolving [99] = Constant([11]) : Value(Scalar { kind: Uint, width: 4 })
[2023-07-22T22:01:29Z DEBUG naga::front] Resolving [100] = Binary { op: Add, left: [98], right: [99] } : Value(Scalar { kind: 
Uint, width: 4 })
[2023-07-22T22:01:29Z DEBUG naga::front] Resolving [101] = Access { base: [96], index: [100] } : Value(Pointer { base: [2], 
space: Storage { access: LOAD | STORE } })
[2023-07-22T22:01:29Z DEBUG naga::front] Resolving [102] = GlobalVariable([5]) : Value(Pointer { base: [6], space: Storage { 
access: LOAD | STORE } })
[2023-07-22T22:01:29Z DEBUG naga::front] Resolving [103] = Constant([9]) : Value(Scalar { kind: Uint, width: 4 })
[2023-07-22T22:01:29Z DEBUG naga::front] Resolving [104] = Binary { op: Multiply, left: [4], right: [103] } : Value(Scalar { 
kind: Uint, width: 4 })
[2023-07-22T22:01:29Z DEBUG naga::front] Resolving [105] = Constant([11]) : Value(Scalar { kind: Uint, width: 4 })
[2023-07-22T22:01:29Z DEBUG naga::front] Resolving [106] = Binary { op: Add, left: [104], right: [105] } : Value(Scalar { kind: 
Uint, width: 4 })
[2023-07-22T22:01:29Z DEBUG naga::front] Resolving [107] = Access { base: [102], index: [106] } : Value(Pointer { base: [2], 
space: Storage { access: LOAD | STORE } })
[2023-07-22T22:01:29Z DEBUG naga::front] Resolving [108] = Load { pointer: [107] } : Handle([2])
[2023-07-22T22:01:29Z DEBUG naga::front] Resolving [109] = GlobalVariable([2]) : Value(Pointer { base: [5], space: Storage { 
access: LOAD | STORE } })
[2023-07-22T22:01:29Z DEBUG naga::front] Resolving [110] = Access { base: [109], index: [52] } : Value(Pointer { base: [3], 
space: Storage { access: LOAD | STORE } })
[2023-07-22T22:01:29Z DEBUG naga::front] Resolving [111] = GlobalVariable([4]) : Value(Pointer { base: [5], space: Storage { 
access: LOAD | STORE } })
[2023-07-22T22:01:29Z DEBUG naga::valid::interface] var GlobalVariable { name: Some("uniforms"), space: Uniform, binding: 
Some(ResourceBinding { group: 0, binding: 0 }), ty: [4], init: None }
[2023-07-22T22:01:29Z DEBUG naga::valid::interface] var GlobalVariable { name: Some("triangles"), space: Storage { access: LOAD | 
STORE }, binding: Some(ResourceBinding { group: 0, binding: 1 }), ty: [5], init: None }
[2023-07-22T22:01:29Z DEBUG naga::valid::interface] var GlobalVariable { name: Some("codes"), space: Storage { access: LOAD | 
STORE }, binding: Some(ResourceBinding { group: 0, binding: 2 }), ty: [6], init: None }
[2023-07-22T22:01:29Z DEBUG naga::valid::interface] var GlobalVariable { name: Some("triangles_2"), space: Storage { access: LOAD 
| STORE }, binding: Some(ResourceBinding { group: 0, binding: 3 }), ty: [5], init: None }
[2023-07-22T22:01:29Z DEBUG naga::valid::interface] var GlobalVariable { name: Some("codes_2"), space: Storage { access: LOAD | 
STORE }, binding: Some(ResourceBinding { group: 0, binding: 4 }), ty: [6], init: None }
[2023-07-22T22:01:29Z DEBUG naga::valid::interface] var GlobalVariable { name: Some("storage_histograms"), space: Storage { 
access: LOAD | STORE }, binding: Some(ResourceBinding { group: 0, binding: 5 }), ty: [6], init: None }
[2023-07-22T22:01:29Z DEBUG naga::valid::interface] var GlobalVariable { name: Some("histogram"), space: WorkGroup, binding: 
None, ty: [8], init: None }
[2023-07-22T22:01:29Z DEBUG naga::valid::interface] var GlobalVariable { name: Some("histogram_na"), space: WorkGroup, binding: 
None, ty: [9], init: None }
[2023-07-22T22:01:29Z DEBUG naga::valid::interface] var GlobalVariable { name: Some("sorting_scratch"), space: WorkGroup, 
binding: None, ty: [10], init: None }
[2023-07-22T22:01:29Z DEBUG naga::valid::interface] var GlobalVariable { name: Some("local_id"), space: Private, binding: None, 
ty: [2], init: None }
[2023-07-22T22:01:29Z DEBUG naga::valid::function] var LocalVariable { name: Some("val"), ty: [2], init: None }
[2023-07-22T22:01:29Z DEBUG naga::valid::function] var LocalVariable { name: Some("i"), ty: [2], init: None }
[2023-07-22T22:01:29Z DEBUG naga::valid::function] var LocalVariable { name: Some("i"), ty: [2], init: None }
[2023-07-22T22:01:29Z DEBUG naga::valid::function] var LocalVariable { name: Some("h"), ty: [2], init: None }
[2023-07-22T22:01:29Z DEBUG naga::valid::function] var LocalVariable { name: Some("hh"), ty: [2], init: None }
[2023-07-22T22:01:29Z DEBUG naga::valid::function] var LocalVariable { name: Some("digit"), ty: [2], init: None }
[2023-07-22T22:01:29Z INFO  wgpu_core::device] Created compute pipeline Valid((0, 1, Vulkan)) with ComputePipelineDescriptor { 
label: Some("morton code compute pipeline"), layout: Some((0, 1, Vulkan)), stage: ProgrammableStageDescriptor { module: (0, 1, 
Vulkan), entry_point: "morton_code" } }
[2023-07-22T22:01:29Z DEBUG wgpu_core::device] pipeline layout (0, 1, Vulkan) is dropped
[2023-07-22T22:01:29Z INFO  wgpu_core::device] Created compute pipeline Valid((1, 1, Vulkan)) with ComputePipelineDescriptor { 
label: Some("radix sort histogram compute pipeline"), layout: Some((1, 1, Vulkan)), stage: ProgrammableStageDescriptor { module: 
(1, 1, Vulkan), entry_point: "radix_sort_compute_histogram" } }
[2023-07-22T22:01:29Z DEBUG wgpu_core::device] pipeline layout (1, 1, Vulkan) is dropped
[2023-07-22T22:01:29Z INFO  wgpu_core::device] Created compute pipeline Valid((2, 1, Vulkan)) with ComputePipelineDescriptor { 
label: Some("radix prefix large pipeline"), layout: Some((2, 1, Vulkan)), stage: ProgrammableStageDescriptor { module: (2, 1, 
Vulkan), entry_point: "radix_sort_block_sum_large" } }
[2023-07-22T22:01:29Z DEBUG wgpu_core::device] pipeline layout (2, 1, Vulkan) is dropped
[2023-07-22T22:01:29Z INFO  naga::back::spv::writer] Skip function Some("prefix_sum_swap")
[2023-07-22T22:01:29Z INFO  naga::back::spv::writer] Skip function Some("prefix_sum_block_exclusive")
[2023-07-22T22:01:29Z INFO  wgpu_core::device] Created compute pipeline Valid((3, 1, Vulkan)) with ComputePipelineDescriptor { 
label: Some("radix prefix large pipeline 2"), layout: Some((3, 1, Vulkan)), stage: ProgrammableStageDescriptor { module: (2, 1, 
Vulkan), entry_point: "radix_sort_block_sum_large_after" } }
[2023-07-22T22:01:29Z DEBUG wgpu_core::device] pipeline layout (3, 1, Vulkan) is dropped
[2023-07-22T22:01:29Z INFO  wgpu_core::device] Created compute pipeline Valid((4, 1, Vulkan)) with ComputePipelineDescriptor { 
label: Some("radix sort prefix sum small compute pipeline"), layout: Some((4, 1, Vulkan)), stage: ProgrammableStageDescriptor { 
module: (3, 1, Vulkan), entry_point: "radix_sort_block_sum_small" } }
[2023-07-22T22:01:29Z DEBUG wgpu_core::device] pipeline layout (4, 1, Vulkan) is dropped
[2023-07-22T22:01:29Z INFO  wgpu_core::device] Created compute pipeline Valid((5, 1, Vulkan)) with ComputePipelineDescriptor { 
label: Some("morton code compute pipeline"), layout: Some((5, 1, Vulkan)), stage: ProgrammableStageDescriptor { module: (4, 1, 
Vulkan), entry_point: "radix_sort_scatter" } }
[2023-07-22T22:01:29Z DEBUG wgpu_core::device] pipeline layout (5, 1, Vulkan) is dropped
[2023-07-22T22:01:29Z DEBUG wgpu_core::device] Bind group Valid((0, 1, Vulkan))
[2023-07-22T22:01:29Z DEBUG wgpu_core::device] bind group layout (0, 1, Vulkan) is dropped
[2023-07-22T22:01:29Z DEBUG wgpu_core::device] Bind group Valid((1, 1, Vulkan))
[2023-07-22T22:01:29Z DEBUG wgpu_core::device] bind group layout (1, 1, Vulkan) is dropped
[2023-07-22T22:01:29Z DEBUG wgpu_core::device] Bind group Valid((2, 1, Vulkan))
[2023-07-22T22:01:29Z DEBUG wgpu_core::device] bind group layout (3, 1, Vulkan) is dropped
[2023-07-22T22:01:29Z DEBUG wgpu_core::device] Bind group Valid((3, 1, Vulkan))
[2023-07-22T22:01:29Z DEBUG wgpu_core::device] bind group layout (4, 1, Vulkan) is dropped
[2023-07-22T22:01:29Z DEBUG wgpu_core::device] Buffer (8, 1, Vulkan) map state -> Waiting
[2023-07-22T22:01:32Z DEBUG wgpu_core::device::life] Buffer Valid((8, 1, Vulkan)) map state -> Active
[2023-07-22T22:01:32Z DEBUG wgpu_core::device] Buffer (8, 1, Vulkan) map state -> Idle
[2023-07-22T22:01:32Z WARN  wgpu_hal::auxil::renderdoc] Could not end RenderDoc frame capture: Unable to load renderdoc library 
'renderdoc.dll': GetModuleHandleExW { source: Os { code: 126, kind: Uncategorized, message: "The specified module could not be 
found." } }
[2023-07-22T22:01:32Z DEBUG wgpu_core::device] bind group (3, 1, Vulkan) is dropped
[2023-07-22T22:01:32Z DEBUG wgpu_core::device] bind group (2, 1, Vulkan) is dropped
[2023-07-22T22:01:32Z DEBUG wgpu_core::device] bind group (1, 1, Vulkan) is dropped
[2023-07-22T22:01:32Z DEBUG wgpu_core::device] bind group (0, 1, Vulkan) is dropped
[2023-07-22T22:01:32Z DEBUG wgpu_core::device] compute pipeline (5, 1, Vulkan) is dropped
[2023-07-22T22:01:32Z DEBUG wgpu_core::device] compute pipeline (4, 1, Vulkan) is dropped
[2023-07-22T22:01:32Z DEBUG wgpu_core::device] compute pipeline (3, 1, Vulkan) is dropped
[2023-07-22T22:01:32Z DEBUG wgpu_core::device] compute pipeline (2, 1, Vulkan) is dropped
[2023-07-22T22:01:32Z DEBUG wgpu_core::device] compute pipeline (1, 1, Vulkan) is dropped
[2023-07-22T22:01:32Z DEBUG wgpu_core::device] compute pipeline (0, 1, Vulkan) is dropped
[2023-07-22T22:01:32Z DEBUG wgpu_core::device] bind group layout (2, 1, Vulkan) is dropped
[2023-07-22T22:01:32Z DEBUG wgpu_core::device] shader module (4, 1, Vulkan) is dropped
[2023-07-22T22:01:32Z DEBUG wgpu_core::device] shader module (3, 1, Vulkan) is dropped
[2023-07-22T22:01:32Z DEBUG wgpu_core::device] shader module (2, 1, Vulkan) is dropped
[2023-07-22T22:01:32Z DEBUG wgpu_core::device] shader module (1, 1, Vulkan) is dropped
[2023-07-22T22:01:32Z DEBUG wgpu_core::device] shader module (0, 1, Vulkan) is dropped
[2023-07-22T22:01:32Z DEBUG wgpu_core::device] buffer (8, 1, Vulkan) is dropped
[2023-07-22T22:01:32Z DEBUG wgpu_core::device] buffer (7, 1, Vulkan) is dropped
[2023-07-22T22:01:32Z DEBUG wgpu_core::device] buffer (6, 1, Vulkan) is dropped
[2023-07-22T22:01:32Z DEBUG wgpu_core::device] buffer (5, 1, Vulkan) is dropped
[2023-07-22T22:01:32Z DEBUG wgpu_core::device] buffer (4, 1, Vulkan) is dropped
[2023-07-22T22:01:32Z DEBUG wgpu_core::device] buffer (3, 1, Vulkan) is dropped
[2023-07-22T22:01:32Z DEBUG wgpu_core::device] buffer (2, 1, Vulkan) is dropped
[2023-07-22T22:01:32Z DEBUG wgpu_core::device] buffer (1, 1, Vulkan) is dropped
[2023-07-22T22:01:32Z DEBUG wgpu_core::device] buffer (0, 1, Vulkan) is dropped
[2023-07-22T22:01:32Z DEBUG wgpu_core::device::life] Bind group Valid((0, 1, Vulkan)) will be destroyed
[2023-07-22T22:01:32Z DEBUG wgpu_core::device::life] Bind group Valid((1, 1, Vulkan)) will be destroyed
[2023-07-22T22:01:32Z DEBUG wgpu_core::device::life] Bind group Valid((2, 1, Vulkan)) will be destroyed
[2023-07-22T22:01:32Z DEBUG wgpu_core::device::life] Bind group Valid((3, 1, Vulkan)) will be destroyed
[2023-07-22T22:01:32Z DEBUG wgpu_core::device::life] Buffer Valid((8, 1, Vulkan)) will be destroyed
[2023-07-22T22:01:32Z DEBUG wgpu_core::device::life] Buffer Valid((7, 1, Vulkan)) will be destroyed
[2023-07-22T22:01:32Z DEBUG wgpu_core::device::life] Buffer Valid((6, 1, Vulkan)) will be destroyed
[2023-07-22T22:01:32Z DEBUG wgpu_core::device::life] Buffer Valid((5, 1, Vulkan)) will be destroyed
[2023-07-22T22:01:32Z DEBUG wgpu_core::device::life] Buffer Valid((4, 1, Vulkan)) will be destroyed
[2023-07-22T22:01:32Z DEBUG wgpu_core::device::life] Buffer Valid((3, 1, Vulkan)) will be destroyed
[2023-07-22T22:01:32Z DEBUG wgpu_core::device::life] Buffer Valid((2, 1, Vulkan)) will be destroyed
[2023-07-22T22:01:32Z DEBUG wgpu_core::device::life] Buffer Valid((1, 1, Vulkan)) will be destroyed
[2023-07-22T22:01:32Z DEBUG wgpu_core::device::life] Buffer Valid((0, 1, Vulkan)) will be destroyed
[2023-07-22T22:01:32Z DEBUG wgpu_core::device::life] Compute pipeline Valid((5, 1, Vulkan)) will be destroyed
[2023-07-22T22:01:32Z DEBUG wgpu_core::device::life] Compute pipeline Valid((4, 1, Vulkan)) will be destroyed
[2023-07-22T22:01:32Z DEBUG wgpu_core::device::life] Compute pipeline Valid((3, 1, Vulkan)) will be destroyed
[2023-07-22T22:01:32Z DEBUG wgpu_core::device::life] Compute pipeline Valid((2, 1, Vulkan)) will be destroyed
[2023-07-22T22:01:32Z DEBUG wgpu_core::device::life] Compute pipeline Valid((1, 1, Vulkan)) will be destroyed
[2023-07-22T22:01:32Z DEBUG wgpu_core::device::life] Compute pipeline Valid((0, 1, Vulkan)) will be destroyed
[2023-07-22T22:01:32Z DEBUG wgpu_core::device::life] Pipeline layout Valid((5, 1, Vulkan)) will be destroyed
[2023-07-22T22:01:32Z DEBUG wgpu_core::device::life] Pipeline layout Valid((4, 1, Vulkan)) will be destroyed
[2023-07-22T22:01:32Z DEBUG wgpu_core::device::life] Pipeline layout Valid((3, 1, Vulkan)) will be destroyed
[2023-07-22T22:01:32Z DEBUG wgpu_core::device::life] Pipeline layout Valid((2, 1, Vulkan)) will be destroyed
[2023-07-22T22:01:32Z DEBUG wgpu_core::device::life] Pipeline layout Valid((1, 1, Vulkan)) will be destroyed
[2023-07-22T22:01:32Z DEBUG wgpu_core::device::life] Pipeline layout Valid((0, 1, Vulkan)) will be destroyed
[2023-07-22T22:01:32Z DEBUG wgpu_core::device::life] Bind group layout Valid((4, 1, Vulkan)) will be destroyed
[2023-07-22T22:01:32Z DEBUG wgpu_core::device::life] Bind group layout Valid((3, 1, Vulkan)) will be destroyed
[2023-07-22T22:01:32Z DEBUG wgpu_core::device::life] Bind group layout Valid((2, 1, Vulkan)) will be destroyed
[2023-07-22T22:01:32Z DEBUG wgpu_core::device::life] Bind group layout Valid((1, 1, Vulkan)) will be destroyed
[2023-07-22T22:01:32Z DEBUG wgpu_core::device::life] Bind group layout Valid((0, 1, Vulkan)) will be destroyed
[2023-07-22T22:01:32Z DEBUG wgpu_core::device] device (0, 1, Vulkan) is dropped
[2023-07-22T22:01:32Z INFO  wgpu_core::hub] Dropping Global
[2023-07-22T22:01:32Z INFO  wgpu_core::device] Destroying 1 command encoders
[2023-07-22T22:01:35Z WARN  wgpu_hal::auxil::dxgi::exception] Process is terminating. Using simple reporting. Please call 
ReportLiveObjects() at runtime for standard reporting. 
[2023-07-22T22:01:35Z WARN  wgpu_hal::auxil::dxgi::exception] Live Producer at 0x000001BA686475B8, Refcount: 1. 
[2023-07-22T22:01:35Z WARN  wgpu_hal::auxil::dxgi::exception] 	Live Object at 0x000001BA688C45A0, Refcount: 0. 
[2023-07-22T22:01:35Z WARN  wgpu_hal::auxil::dxgi::exception] 	Live Object at 0x000001BA688E3FB0, Refcount: 0. 
[2023-07-22T22:01:35Z WARN  wgpu_hal::auxil::dxgi::exception] 	Live Object at 0x000001BA688ECB20, Refcount: 0. 
[2023-07-22T22:01:35Z WARN  wgpu_hal::auxil::dxgi::exception] 	Live Object at 0x000001BA688DD280, Refcount: 0. 
[2023-07-22T22:01:35Z WARN  wgpu_hal::auxil::dxgi::exception] 	Live Object at 0x000001BA688DCFD0, Refcount: 0. 
[2023-07-22T22:01:35Z WARN  wgpu_hal::auxil::dxgi::exception] 	Live Object at 0x000001BA688DD6E0, Refcount: 0. 
[2023-07-22T22:01:35Z WARN  wgpu_hal::auxil::dxgi::exception] 	Live Object at 0x000001BA6896F120, Refcount: 0. 
[2023-07-22T22:01:35Z WARN  wgpu_hal::auxil::dxgi::exception] 	Live Object at 0x000001BA68A17000, Refcount: 0. 
[2023-07-22T22:01:35Z WARN  wgpu_hal::auxil::dxgi::exception] Live                         Object :      8 
[2023-07-22T22:01:35Z WARN  wgpu_hal::auxil::dxgi::exception] Live Producer at 0x000001BA68A48128, Refcount: 1. 
[2023-07-22T22:01:35Z WARN  wgpu_hal::auxil::dxgi::exception] 	Live Object at 0x000001BA68A78C30, Refcount: 0. 
[2023-07-22T22:01:35Z WARN  wgpu_hal::auxil::dxgi::exception] 	Live Object at 0x000001BA68A9EFF0, Refcount: 0. 
[2023-07-22T22:01:35Z WARN  wgpu_hal::auxil::dxgi::exception] 	Live Object at 0x000001BA68AC6A40, Refcount: 0. 
[2023-07-22T22:01:35Z WARN  wgpu_hal::auxil::dxgi::exception] 	Live Object at 0x000001BA68AC7180, Refcount: 0. 
[2023-07-22T22:01:35Z WARN  wgpu_hal::auxil::dxgi::exception] 	Live Object at 0x000001BA68A92AF0, Refcount: 0. 
[2023-07-22T22:01:35Z WARN  wgpu_hal::auxil::dxgi::exception] 	Live Object at 0x000001BA68B09040, Refcount: 0. 
[2023-07-22T22:01:35Z WARN  wgpu_hal::auxil::dxgi::exception] 	Live Object at 0x000001BA68B09290, Refcount: 0. 
[2023-07-22T22:01:35Z WARN  wgpu_hal::auxil::dxgi::exception] 	Live Object at 0x000001BA68B20FE0, Refcount: 0. 
[2023-07-22T22:01:35Z WARN  wgpu_hal::auxil::dxgi::exception] Live                         Object :      8 
